<?xml version="1.0"?>
<link_info>
   <banner>TMS320C6x Linker PC v7.4.8</banner>
   <copyright>Copyright (c) 1996-2014 Texas Instruments Incorporated</copyright>
   <link_time>0x555a0243</link_time>
   <output_file>serial_loop.out</output_file>
   <entry_point>
      <name>_c_int00</name>
      <address>0xb8e0</address>
   </entry_point>
   <input_file_list>
      <input_file id="fl-2">
         <path>.\</path>
         <kind>object</kind>
         <file>bitbang_spi.obj</file>
         <name>bitbang_spi.obj</name>
      </input_file>
      <input_file id="fl-3">
         <path>.\</path>
         <kind>object</kind>
         <file>cc1101.obj</file>
         <name>cc1101.obj</name>
      </input_file>
      <input_file id="fl-4">
         <path>.\</path>
         <kind>object</kind>
         <file>gpio.obj</file>
         <name>gpio.obj</name>
      </input_file>
      <input_file id="fl-5">
         <path>.\</path>
         <kind>object</kind>
         <file>serial_loop.obj</file>
         <name>serial_loop.obj</name>
      </input_file>
      <input_file id="fl-6">
         <path>.\</path>
         <kind>object</kind>
         <file>spi.obj</file>
         <name>spi.obj</name>
      </input_file>
      <input_file id="fl-7">
         <path>.\</path>
         <kind>object</kind>
         <file>vectors.obj</file>
         <name>vectors.obj</name>
      </input_file>
      <input_file id="fl-84">
         <path>C:\TI_DSK\ccsv6\tools\compiler\c6000_7.4.8\lib\</path>
         <kind>archive</kind>
         <file>rts6700.lib</file>
         <name>boot.obj</name>
      </input_file>
      <input_file id="fl-85">
         <path>C:\TI_DSK\ccsv6\tools\compiler\c6000_7.4.8\lib\</path>
         <kind>archive</kind>
         <file>rts6700.lib</file>
         <name>exit.obj</name>
      </input_file>
      <input_file id="fl-86">
         <path>C:\TI_DSK\ccsv6\tools\compiler\c6000_7.4.8\lib\</path>
         <kind>archive</kind>
         <file>rts6700.lib</file>
         <name>memcpy62.obj</name>
      </input_file>
      <input_file id="fl-87">
         <path>C:\TI_DSK\ccsv6\tools\compiler\c6000_7.4.8\lib\</path>
         <kind>archive</kind>
         <file>rts6700.lib</file>
         <name>printf.obj</name>
      </input_file>
      <input_file id="fl-88">
         <path>C:\TI_DSK\ccsv6\tools\compiler\c6000_7.4.8\lib\</path>
         <kind>archive</kind>
         <file>rts6700.lib</file>
         <name>strasg.obj</name>
      </input_file>
      <input_file id="fl-89">
         <path>C:\TI_DSK\ccsv6\tools\compiler\c6000_7.4.8\lib\</path>
         <kind>archive</kind>
         <file>rts6700.lib</file>
         <name>_lock.obj</name>
      </input_file>
      <input_file id="fl-8a">
         <path>C:\TI_DSK\ccsv6\tools\compiler\c6000_7.4.8\lib\</path>
         <kind>archive</kind>
         <file>rts6700.lib</file>
         <name>_printfi.obj</name>
      </input_file>
      <input_file id="fl-8b">
         <path>C:\TI_DSK\ccsv6\tools\compiler\c6000_7.4.8\lib\</path>
         <kind>archive</kind>
         <file>rts6700.lib</file>
         <name>args_main.obj</name>
      </input_file>
      <input_file id="fl-8c">
         <path>C:\TI_DSK\ccsv6\tools\compiler\c6000_7.4.8\lib\</path>
         <kind>archive</kind>
         <file>rts6700.lib</file>
         <name>atoi.obj</name>
      </input_file>
      <input_file id="fl-8d">
         <path>C:\TI_DSK\ccsv6\tools\compiler\c6000_7.4.8\lib\</path>
         <kind>archive</kind>
         <file>rts6700.lib</file>
         <name>autoinit.obj</name>
      </input_file>
      <input_file id="fl-8e">
         <path>C:\TI_DSK\ccsv6\tools\compiler\c6000_7.4.8\lib\</path>
         <kind>archive</kind>
         <file>rts6700.lib</file>
         <name>cpp_init.obj</name>
      </input_file>
      <input_file id="fl-8f">
         <path>C:\TI_DSK\ccsv6\tools\compiler\c6000_7.4.8\lib\</path>
         <kind>archive</kind>
         <file>rts6700.lib</file>
         <name>cpy_tbl.obj</name>
      </input_file>
      <input_file id="fl-90">
         <path>C:\TI_DSK\ccsv6\tools\compiler\c6000_7.4.8\lib\</path>
         <kind>archive</kind>
         <file>rts6700.lib</file>
         <name>ctype.obj</name>
      </input_file>
      <input_file id="fl-91">
         <path>C:\TI_DSK\ccsv6\tools\compiler\c6000_7.4.8\lib\</path>
         <kind>archive</kind>
         <file>rts6700.lib</file>
         <name>defs.obj</name>
      </input_file>
      <input_file id="fl-92">
         <path>C:\TI_DSK\ccsv6\tools\compiler\c6000_7.4.8\lib\</path>
         <kind>archive</kind>
         <file>rts6700.lib</file>
         <name>divd.obj</name>
      </input_file>
      <input_file id="fl-93">
         <path>C:\TI_DSK\ccsv6\tools\compiler\c6000_7.4.8\lib\</path>
         <kind>archive</kind>
         <file>rts6700.lib</file>
         <name>divu.obj</name>
      </input_file>
      <input_file id="fl-94">
         <path>C:\TI_DSK\ccsv6\tools\compiler\c6000_7.4.8\lib\</path>
         <kind>archive</kind>
         <file>rts6700.lib</file>
         <name>fixdli.obj</name>
      </input_file>
      <input_file id="fl-95">
         <path>C:\TI_DSK\ccsv6\tools\compiler\c6000_7.4.8\lib\</path>
         <kind>archive</kind>
         <file>rts6700.lib</file>
         <name>fltlid.obj</name>
      </input_file>
      <input_file id="fl-96">
         <path>C:\TI_DSK\ccsv6\tools\compiler\c6000_7.4.8\lib\</path>
         <kind>archive</kind>
         <file>rts6700.lib</file>
         <name>fputc.obj</name>
      </input_file>
      <input_file id="fl-97">
         <path>C:\TI_DSK\ccsv6\tools\compiler\c6000_7.4.8\lib\</path>
         <kind>archive</kind>
         <file>rts6700.lib</file>
         <name>fputs.obj</name>
      </input_file>
      <input_file id="fl-98">
         <path>C:\TI_DSK\ccsv6\tools\compiler\c6000_7.4.8\lib\</path>
         <kind>archive</kind>
         <file>rts6700.lib</file>
         <name>frcmpyd_div.obj</name>
      </input_file>
      <input_file id="fl-99">
         <path>C:\TI_DSK\ccsv6\tools\compiler\c6000_7.4.8\lib\</path>
         <kind>archive</kind>
         <file>rts6700.lib</file>
         <name>imath40.obj</name>
      </input_file>
      <input_file id="fl-9a">
         <path>C:\TI_DSK\ccsv6\tools\compiler\c6000_7.4.8\lib\</path>
         <kind>archive</kind>
         <file>rts6700.lib</file>
         <name>imath64.obj</name>
      </input_file>
      <input_file id="fl-9b">
         <path>C:\TI_DSK\ccsv6\tools\compiler\c6000_7.4.8\lib\</path>
         <kind>archive</kind>
         <file>rts6700.lib</file>
         <name>isinf.obj</name>
      </input_file>
      <input_file id="fl-9c">
         <path>C:\TI_DSK\ccsv6\tools\compiler\c6000_7.4.8\lib\</path>
         <kind>archive</kind>
         <file>rts6700.lib</file>
         <name>llshift.obj</name>
      </input_file>
      <input_file id="fl-9d">
         <path>C:\TI_DSK\ccsv6\tools\compiler\c6000_7.4.8\lib\</path>
         <kind>archive</kind>
         <file>rts6700.lib</file>
         <name>lowlev.obj</name>
      </input_file>
      <input_file id="fl-9e">
         <path>C:\TI_DSK\ccsv6\tools\compiler\c6000_7.4.8\lib\</path>
         <kind>archive</kind>
         <file>rts6700.lib</file>
         <name>ltoa.obj</name>
      </input_file>
      <input_file id="fl-9f">
         <path>C:\TI_DSK\ccsv6\tools\compiler\c6000_7.4.8\lib\</path>
         <kind>archive</kind>
         <file>rts6700.lib</file>
         <name>memccpy.obj</name>
      </input_file>
      <input_file id="fl-a0">
         <path>C:\TI_DSK\ccsv6\tools\compiler\c6000_7.4.8\lib\</path>
         <kind>archive</kind>
         <file>rts6700.lib</file>
         <name>memset.obj</name>
      </input_file>
      <input_file id="fl-a1">
         <path>C:\TI_DSK\ccsv6\tools\compiler\c6000_7.4.8\lib\</path>
         <kind>archive</kind>
         <file>rts6700.lib</file>
         <name>mpyll.obj</name>
      </input_file>
      <input_file id="fl-a2">
         <path>C:\TI_DSK\ccsv6\tools\compiler\c6000_7.4.8\lib\</path>
         <kind>archive</kind>
         <file>rts6700.lib</file>
         <name>negll.obj</name>
      </input_file>
      <input_file id="fl-a3">
         <path>C:\TI_DSK\ccsv6\tools\compiler\c6000_7.4.8\lib\</path>
         <kind>archive</kind>
         <file>rts6700.lib</file>
         <name>trgdrv.obj</name>
      </input_file>
      <input_file id="fl-a4">
         <path>C:\TI_DSK\ccsv6\tools\compiler\c6000_7.4.8\lib\</path>
         <kind>archive</kind>
         <file>rts6700.lib</file>
         <name>trgmsg.obj</name>
      </input_file>
      <input_file id="fl-a5">
         <path>C:\TI_DSK\ccsv6\tools\compiler\c6000_7.4.8\lib\</path>
         <kind>archive</kind>
         <file>rts6700.lib</file>
         <name>_io_perm.obj</name>
      </input_file>
      <input_file id="fl-a6">
         <path>C:\TI_DSK\ccsv6\tools\compiler\c6000_7.4.8\lib\</path>
         <kind>archive</kind>
         <file>rts6700.lib</file>
         <name>abs.obj</name>
      </input_file>
      <input_file id="fl-a7">
         <path>C:\TI_DSK\ccsv6\tools\compiler\c6000_7.4.8\lib\</path>
         <kind>archive</kind>
         <file>rts6700.lib</file>
         <name>fflush.obj</name>
      </input_file>
      <input_file id="fl-a8">
         <path>C:\TI_DSK\ccsv6\tools\compiler\c6000_7.4.8\lib\</path>
         <kind>archive</kind>
         <file>rts6700.lib</file>
         <name>fseek.obj</name>
      </input_file>
      <input_file id="fl-a9">
         <path>C:\TI_DSK\ccsv6\tools\compiler\c6000_7.4.8\lib\</path>
         <kind>archive</kind>
         <file>rts6700.lib</file>
         <name>setvbuf.obj</name>
      </input_file>
      <input_file id="fl-aa">
         <path>C:\TI_DSK\ccsv6\tools\compiler\c6000_7.4.8\lib\</path>
         <kind>archive</kind>
         <file>rts6700.lib</file>
         <name>fopen.obj</name>
      </input_file>
      <input_file id="fl-ab">
         <path>C:\TI_DSK\ccsv6\tools\compiler\c6000_7.4.8\lib\</path>
         <kind>archive</kind>
         <file>rts6700.lib</file>
         <name>memory.obj</name>
      </input_file>
      <input_file id="fl-ac">
         <path>C:\TI_DSK\ccsv6\tools\compiler\c6000_7.4.8\lib\</path>
         <kind>archive</kind>
         <file>rts6700.lib</file>
         <name>fclose.obj</name>
      </input_file>
      <input_file id="fl-ad">
         <path>C:\TI_DSK\ccsv6\tools\compiler\c6000_7.4.8\lib\</path>
         <kind>archive</kind>
         <file>rts6700.lib</file>
         <name>remove.obj</name>
      </input_file>
      <input_file id="fl-ae">
         <path>C:\Program Files\C6xCSL\lib_3x\</path>
         <kind>archive</kind>
         <file>csl6713.lib</file>
         <name>csl.obj</name>
      </input_file>
      <input_file id="fl-af">
         <path>C:\Program Files\C6xCSL\lib_3x\</path>
         <kind>archive</kind>
         <file>csl6713.lib</file>
         <name>csl_gpio.obj</name>
      </input_file>
      <input_file id="fl-b0">
         <path>C:\Program Files\C6xCSL\lib_3x\</path>
         <kind>archive</kind>
         <file>csl6713.lib</file>
         <name>csl_irq.obj</name>
      </input_file>
      <input_file id="fl-b1">
         <path>C:\Program Files\C6xCSL\lib_3x\</path>
         <kind>archive</kind>
         <file>csl6713.lib</file>
         <name>csl_mcbsp.obj</name>
      </input_file>
      <input_file id="fl-b2">
         <path>C:\Program Files\C6xCSL\lib_3x\</path>
         <kind>archive</kind>
         <file>csl6713.lib</file>
         <name>csl_timer.obj</name>
      </input_file>
      <input_file id="fl-b3">
         <path>C:\TI_DSK\dsk6713revc_files\CCStudio\c6000\dsk6713\lib\</path>
         <kind>archive</kind>
         <file>dsk6713bsl.lib</file>
         <name>dsk6713.obj</name>
      </input_file>
      <input_file id="fl-b4">
         <path>C:\TI_DSK\dsk6713revc_files\CCStudio\c6000\dsk6713\lib\</path>
         <kind>archive</kind>
         <file>dsk6713bsl.lib</file>
         <name>dsk6713_led.obj</name>
      </input_file>
   </input_file_list>
   <object_component_list>
      <object_component id="oc-35">
         <name>vectors</name>
         <load_address>0x0</load_address>
         <run_address>0x0</run_address>
         <size>0x200</size>
         <input_file_ref idref="fl-7"/>
      </object_component>
      <object_component id="oc-105">
         <name>.text</name>
         <load_address>0x200</load_address>
         <run_address>0x200</run_address>
         <size>0x1060</size>
         <input_file_ref idref="fl-3"/>
      </object_component>
      <object_component id="oc-111">
         <name>.text</name>
         <load_address>0x1260</load_address>
         <run_address>0x1260</run_address>
         <size>0x940</size>
         <input_file_ref idref="fl-2"/>
      </object_component>
      <object_component id="oc-101">
         <name>.text</name>
         <load_address>0x1ba0</load_address>
         <run_address>0x1ba0</run_address>
         <size>0x7a0</size>
         <input_file_ref idref="fl-4"/>
      </object_component>
      <object_component id="oc-13f">
         <name>.text:__divd</name>
         <load_address>0x2340</load_address>
         <run_address>0x2340</run_address>
         <size>0x720</size>
         <input_file_ref idref="fl-92"/>
      </object_component>
      <object_component id="oc-133">
         <name>.text:__getarg_diouxp</name>
         <load_address>0x2a60</load_address>
         <run_address>0x2a60</run_address>
         <size>0x6c0</size>
         <input_file_ref idref="fl-8a"/>
      </object_component>
      <object_component id="oc-121">
         <name>.text:__setfield</name>
         <load_address>0x3120</load_address>
         <run_address>0x3120</run_address>
         <size>0x640</size>
         <input_file_ref idref="fl-8a"/>
      </object_component>
      <object_component id="oc-117">
         <name>.text:__printfi</name>
         <load_address>0x3760</load_address>
         <run_address>0x3760</run_address>
         <size>0x560</size>
         <input_file_ref idref="fl-8a"/>
      </object_component>
      <object_component id="oc-11d">
         <name>.text:_fputs</name>
         <load_address>0x3cc0</load_address>
         <run_address>0x3cc0</run_address>
         <size>0x4c0</size>
         <input_file_ref idref="fl-97"/>
      </object_component>
      <object_component id="oc-e1">
         <name>.text</name>
         <load_address>0x4180</load_address>
         <run_address>0x4180</run_address>
         <size>0x480</size>
         <input_file_ref idref="fl-b3"/>
      </object_component>
      <object_component id="oc-13d">
         <name>.text:_fcvt</name>
         <load_address>0x4600</load_address>
         <run_address>0x4600</run_address>
         <size>0x420</size>
         <input_file_ref idref="fl-8a"/>
      </object_component>
      <object_component id="oc-128">
         <name>.text:__pproc_fge</name>
         <load_address>0x4a20</load_address>
         <run_address>0x4a20</run_address>
         <size>0x400</size>
         <input_file_ref idref="fl-8a"/>
      </object_component>
      <object_component id="oc-13a">
         <name>.text:_ecvt</name>
         <load_address>0x4e20</load_address>
         <run_address>0x4e20</run_address>
         <size>0x400</size>
         <input_file_ref idref="fl-8a"/>
      </object_component>
      <object_component id="oc-14c">
         <name>.text:__divull</name>
         <load_address>0x5220</load_address>
         <run_address>0x5220</run_address>
         <size>0x380</size>
         <input_file_ref idref="fl-9a"/>
      </object_component>
      <object_component id="oc-137">
         <name>.text:_free</name>
         <load_address>0x55a0</load_address>
         <run_address>0x55a0</run_address>
         <size>0x380</size>
         <input_file_ref idref="fl-ab"/>
      </object_component>
      <object_component id="oc-132">
         <name>.text:__pconv_e</name>
         <load_address>0x5920</load_address>
         <run_address>0x5920</run_address>
         <size>0x360</size>
         <input_file_ref idref="fl-8a"/>
      </object_component>
      <object_component id="oc-120">
         <name>.text:__pproc_fwp</name>
         <load_address>0x5c80</load_address>
         <run_address>0x5c80</run_address>
         <size>0x360</size>
         <input_file_ref idref="fl-8a"/>
      </object_component>
      <object_component id="oc-fb">
         <name>.text</name>
         <load_address>0x5fe0</load_address>
         <run_address>0x5fe0</run_address>
         <size>0x320</size>
         <input_file_ref idref="fl-5"/>
      </object_component>
      <object_component id="oc-129">
         <name>.text:__pproc_diouxp</name>
         <load_address>0x6300</load_address>
         <run_address>0x6300</run_address>
         <size>0x300</size>
         <input_file_ref idref="fl-8a"/>
      </object_component>
      <object_component id="oc-122">
         <name>.text:__pproc_str</name>
         <load_address>0x6600</load_address>
         <run_address>0x6600</run_address>
         <size>0x2c0</size>
         <input_file_ref idref="fl-8a"/>
      </object_component>
      <object_component id="oc-12c">
         <name>.text:_setvbuf</name>
         <load_address>0x68c0</load_address>
         <run_address>0x68c0</run_address>
         <size>0x2c0</size>
         <input_file_ref idref="fl-a9"/>
      </object_component>
      <object_component id="oc-130">
         <name>.text:__pconv_g</name>
         <load_address>0x6b80</load_address>
         <run_address>0x6b80</run_address>
         <size>0x2a0</size>
         <input_file_ref idref="fl-8a"/>
      </object_component>
      <object_component id="oc-11e">
         <name>.text:_fputc</name>
         <load_address>0x6e20</load_address>
         <run_address>0x6e20</run_address>
         <size>0x2a0</size>
         <input_file_ref idref="fl-96"/>
      </object_component>
      <object_component id="oc-14b">
         <name>.text:__divul</name>
         <load_address>0x70c0</load_address>
         <run_address>0x70c0</run_address>
         <size>0x260</size>
         <input_file_ref idref="fl-99"/>
      </object_component>
      <object_component id="oc-13c">
         <name>.text:__mcpy</name>
         <load_address>0x7320</load_address>
         <run_address>0x7320</run_address>
         <size>0x240</size>
         <input_file_ref idref="fl-8a"/>
      </object_component>
      <object_component id="oc-138">
         <name>.text:_malloc</name>
         <load_address>0x7560</load_address>
         <run_address>0x7560</run_address>
         <size>0x240</size>
         <input_file_ref idref="fl-ab"/>
      </object_component>
      <object_component id="oc-f9">
         <name>.text:_memcpy</name>
         <load_address>0x77a0</load_address>
         <run_address>0x77a0</run_address>
         <size>0x240</size>
         <input_file_ref idref="fl-86"/>
      </object_component>
      <object_component id="oc-f6">
         <name>.text:_HOSTrename</name>
         <load_address>0x79e0</load_address>
         <run_address>0x79e0</run_address>
         <size>0x220</size>
         <input_file_ref idref="fl-a3"/>
      </object_component>
      <object_component id="oc-100">
         <name>.text:__CSL_init</name>
         <load_address>0x7c00</load_address>
         <run_address>0x7c00</run_address>
         <size>0x220</size>
         <input_file_ref idref="fl-ae"/>
      </object_component>
      <object_component id="oc-154">
         <name>.text:_getdevice</name>
         <load_address>0x7e20</load_address>
         <run_address>0x7e20</run_address>
         <size>0x1e0</size>
         <input_file_ref idref="fl-9d"/>
      </object_component>
      <object_component id="oc-e7">
         <name>.text</name>
         <load_address>0x8000</load_address>
         <run_address>0x8000</run_address>
         <size>0x1e0</size>
         <input_file_ref idref="fl-b4"/>
      </object_component>
      <object_component id="oc-12b">
         <name>.text:_fseek</name>
         <load_address>0x81e0</load_address>
         <run_address>0x81e0</run_address>
         <size>0x1c0</size>
         <input_file_ref idref="fl-a8"/>
      </object_component>
      <object_component id="oc-118">
         <name>.text:_mux2Tables</name>
         <load_address>0x83a0</load_address>
         <run_address>0x83a0</run_address>
         <size>0x1c0</size>
         <input_file_ref idref="fl-b0"/>
      </object_component>
      <object_component id="oc-110">
         <name>.text:_MCBSP_reset</name>
         <load_address>0x8560</load_address>
         <run_address>0x8560</run_address>
         <size>0x1a0</size>
         <input_file_ref idref="fl-b1"/>
      </object_component>
      <object_component id="oc-135">
         <name>.text:__ltostr</name>
         <load_address>0x8700</load_address>
         <run_address>0x8700</run_address>
         <size>0x1a0</size>
         <input_file_ref idref="fl-8a"/>
      </object_component>
      <object_component id="oc-11f">
         <name>.text:__pproc_fflags</name>
         <load_address>0x88a0</load_address>
         <run_address>0x88a0</run_address>
         <size>0x1a0</size>
         <input_file_ref idref="fl-8a"/>
      </object_component>
      <object_component id="oc-f4">
         <name>.text:_HOSTlseek</name>
         <load_address>0x8a40</load_address>
         <run_address>0x8a40</run_address>
         <size>0x160</size>
         <input_file_ref idref="fl-a3"/>
      </object_component>
      <object_component id="oc-144">
         <name>.text:__closefile</name>
         <load_address>0x8ba0</load_address>
         <run_address>0x8ba0</run_address>
         <size>0x160</size>
         <input_file_ref idref="fl-ac"/>
      </object_component>
      <object_component id="oc-f2">
         <name>.text:_HOSTread</name>
         <load_address>0x8d00</load_address>
         <run_address>0x8d00</run_address>
         <size>0x140</size>
         <input_file_ref idref="fl-a3"/>
      </object_component>
      <object_component id="oc-108">
         <name>.text:_TIMER_open</name>
         <load_address>0x8e40</load_address>
         <run_address>0x8e40</run_address>
         <size>0x140</size>
         <input_file_ref idref="fl-b2"/>
      </object_component>
      <object_component id="oc-149">
         <name>.text:__frcmpyd_div</name>
         <load_address>0x8f80</load_address>
         <run_address>0x8f80</run_address>
         <size>0x140</size>
         <input_file_ref idref="fl-98"/>
      </object_component>
      <object_component id="oc-109">
         <name>.text:__strasgi</name>
         <load_address>0x90c0</load_address>
         <run_address>0x90c0</run_address>
         <size>0x140</size>
         <input_file_ref idref="fl-88"/>
      </object_component>
      <object_component id="oc-127">
         <name>.text:_atoi</name>
         <load_address>0x9200</load_address>
         <run_address>0x9200</run_address>
         <size>0x140</size>
         <input_file_ref idref="fl-8c"/>
      </object_component>
      <object_component id="oc-146">
         <name>.text:_ltoa</name>
         <load_address>0x9340</load_address>
         <run_address>0x9340</run_address>
         <size>0x140</size>
         <input_file_ref idref="fl-9e"/>
      </object_component>
      <object_component id="oc-f0">
         <name>.text:_HOSTopen</name>
         <load_address>0x9480</load_address>
         <run_address>0x9480</run_address>
         <size>0x120</size>
         <input_file_ref idref="fl-a3"/>
      </object_component>
      <object_component id="oc-f3">
         <name>.text:_HOSTwrite</name>
         <load_address>0x95a0</load_address>
         <run_address>0x95a0</run_address>
         <size>0x120</size>
         <input_file_ref idref="fl-a3"/>
      </object_component>
      <object_component id="oc-119">
         <name>.text:_TIMER_reset</name>
         <load_address>0x96c0</load_address>
         <run_address>0x96c0</run_address>
         <size>0x120</size>
         <input_file_ref idref="fl-b2"/>
      </object_component>
      <object_component id="oc-123">
         <name>.text:__wrt_ok</name>
         <load_address>0x97e0</load_address>
         <run_address>0x97e0</run_address>
         <size>0x120</size>
         <input_file_ref idref="fl-a5"/>
      </object_component>
      <object_component id="oc-14d">
         <name>.text:_close</name>
         <load_address>0x9900</load_address>
         <run_address>0x9900</run_address>
         <size>0x120</size>
         <input_file_ref idref="fl-9d"/>
      </object_component>
      <object_component id="oc-126">
         <name>.text:_memset</name>
         <load_address>0x9a20</load_address>
         <run_address>0x9a20</run_address>
         <size>0x120</size>
         <input_file_ref idref="fl-a0"/>
      </object_component>
      <object_component id="oc-f1">
         <name>.text:_HOSTclose</name>
         <load_address>0x9b40</load_address>
         <run_address>0x9b40</run_address>
         <size>0x100</size>
         <input_file_ref idref="fl-a3"/>
      </object_component>
      <object_component id="oc-f5">
         <name>.text:_HOSTunlink</name>
         <load_address>0x9c40</load_address>
         <run_address>0x9c40</run_address>
         <size>0x100</size>
         <input_file_ref idref="fl-a3"/>
      </object_component>
      <object_component id="oc-102">
         <name>.text:_MCBSP_open</name>
         <load_address>0x9d40</load_address>
         <run_address>0x9d40</run_address>
         <size>0x100</size>
         <input_file_ref idref="fl-b1"/>
      </object_component>
      <object_component id="oc-104">
         <name>.text:_MCBSP_start</name>
         <load_address>0x9e40</load_address>
         <run_address>0x9e40</run_address>
         <size>0x100</size>
         <input_file_ref idref="fl-b1"/>
      </object_component>
      <object_component id="oc-ec">
         <name>.text:__auto_init</name>
         <load_address>0x9f40</load_address>
         <run_address>0x9f40</run_address>
         <size>0x100</size>
         <input_file_ref idref="fl-8d"/>
      </object_component>
      <object_component id="oc-140">
         <name>.text:__div</name>
         <load_address>0xa040</load_address>
         <run_address>0xa040</run_address>
         <size>0x100</size>
         <input_file_ref idref="fl-8a"/>
      </object_component>
      <object_component id="oc-150">
         <name>.text:__divli</name>
         <load_address>0xa140</load_address>
         <run_address>0xa140</run_address>
         <size>0x100</size>
         <input_file_ref idref="fl-99"/>
      </object_component>
      <object_component id="oc-131">
         <name>.text:__pconv_f</name>
         <load_address>0xa240</load_address>
         <run_address>0xa240</run_address>
         <size>0x100</size>
         <input_file_ref idref="fl-8a"/>
      </object_component>
      <object_component id="oc-136">
         <name>.text:_lseek</name>
         <load_address>0xa340</load_address>
         <run_address>0xa340</run_address>
         <size>0x100</size>
         <input_file_ref idref="fl-9d"/>
      </object_component>
      <object_component id="oc-106">
         <name>.text:_printf</name>
         <load_address>0xa440</load_address>
         <run_address>0xa440</run_address>
         <size>0x100</size>
         <input_file_ref idref="fl-87"/>
      </object_component>
      <object_component id="oc-125">
         <name>.text:_write</name>
         <load_address>0xa540</load_address>
         <run_address>0xa540</run_address>
         <size>0x100</size>
         <input_file_ref idref="fl-9d"/>
      </object_component>
      <object_component id="oc-139">
         <name>.text:__cleanup</name>
         <load_address>0xa640</load_address>
         <run_address>0xa640</run_address>
         <size>0xe0</size>
         <input_file_ref idref="fl-aa"/>
      </object_component>
      <object_component id="oc-124">
         <name>.text:__doflush</name>
         <load_address>0xa720</load_address>
         <run_address>0xa720</run_address>
         <size>0xe0</size>
         <input_file_ref idref="fl-a7"/>
      </object_component>
      <object_component id="oc-13b">
         <name>.text:__ecpy</name>
         <load_address>0xa800</load_address>
         <run_address>0xa800</run_address>
         <size>0xe0</size>
         <input_file_ref idref="fl-8a"/>
      </object_component>
      <object_component id="oc-13e">
         <name>.text:__fcpy</name>
         <load_address>0xa8e0</load_address>
         <run_address>0xa8e0</run_address>
         <size>0xe0</size>
         <input_file_ref idref="fl-8a"/>
      </object_component>
      <object_component id="oc-f7">
         <name>.text:__strasg</name>
         <load_address>0xa9c0</load_address>
         <run_address>0xa9c0</run_address>
         <size>0xe0</size>
         <input_file_ref idref="fl-88"/>
      </object_component>
      <object_component id="oc-ee">
         <name>.text:_exit</name>
         <load_address>0xaaa0</load_address>
         <run_address>0xaaa0</run_address>
         <size>0xe0</size>
         <input_file_ref idref="fl-85"/>
      </object_component>
      <object_component id="oc-143">
         <name>.text:_minsert</name>
         <load_address>0xab80</load_address>
         <run_address>0xab80</run_address>
         <size>0xe0</size>
         <input_file_ref idref="fl-ab"/>
      </object_component>
      <object_component id="oc-142">
         <name>.text:_mremove</name>
         <load_address>0xac60</load_address>
         <run_address>0xac60</run_address>
         <size>0xe0</size>
         <input_file_ref idref="fl-ab"/>
      </object_component>
      <object_component id="oc-113">
         <name>.text</name>
         <load_address>0xad40</load_address>
         <run_address>0xad40</run_address>
         <size>0xe0</size>
         <input_file_ref idref="fl-6"/>
      </object_component>
      <object_component id="oc-10a">
         <name>.text:_GPIO_open</name>
         <load_address>0xae20</load_address>
         <run_address>0xae20</run_address>
         <size>0xc0</size>
         <input_file_ref idref="fl-af"/>
      </object_component>
      <object_component id="oc-11a">
         <name>.text:_GPIO_reset</name>
         <load_address>0xaee0</load_address>
         <run_address>0xaee0</run_address>
         <size>0xc0</size>
         <input_file_ref idref="fl-af"/>
      </object_component>
      <object_component id="oc-14a">
         <name>.text:__divu</name>
         <load_address>0xafa0</load_address>
         <run_address>0xafa0</run_address>
         <size>0xc0</size>
         <input_file_ref idref="fl-93"/>
      </object_component>
      <object_component id="oc-f8">
         <name>.text:_copy_in</name>
         <load_address>0xb060</load_address>
         <run_address>0xb060</run_address>
         <size>0xc0</size>
         <input_file_ref idref="fl-8f"/>
      </object_component>
      <object_component id="oc-155">
         <name>.text:_finddevice</name>
         <load_address>0xb120</load_address>
         <run_address>0xb120</run_address>
         <size>0xc0</size>
         <input_file_ref idref="fl-9d"/>
      </object_component>
      <object_component id="oc-103">
         <name>.text:_MCBSP_config</name>
         <load_address>0xb1e0</load_address>
         <run_address>0xb1e0</run_address>
         <size>0xa0</size>
         <input_file_ref idref="fl-b1"/>
      </object_component>
      <object_component id="oc-107">
         <name>.text:__IRQ_init</name>
         <load_address>0xb280</load_address>
         <run_address>0xb280</run_address>
         <size>0xa0</size>
         <input_file_ref idref="fl-b0"/>
      </object_component>
      <object_component id="oc-145">
         <name>.text:__fixdli</name>
         <load_address>0xb320</load_address>
         <run_address>0xb320</run_address>
         <size>0xa0</size>
         <input_file_ref idref="fl-94"/>
      </object_component>
      <object_component id="oc-141">
         <name>.text:__mpyll</name>
         <load_address>0xb3c0</load_address>
         <run_address>0xb3c0</run_address>
         <size>0xa0</size>
         <input_file_ref idref="fl-a1"/>
      </object_component>
      <object_component id="oc-14f">
         <name>.text:__remli</name>
         <load_address>0xb460</load_address>
         <run_address>0xb460</run_address>
         <size>0xa0</size>
         <input_file_ref idref="fl-99"/>
      </object_component>
      <object_component id="oc-fe">
         <name>.text:_readmsg</name>
         <load_address>0xb500</load_address>
         <run_address>0xb500</run_address>
         <size>0xa0</size>
         <input_file_ref idref="fl-a4"/>
      </object_component>
      <object_component id="oc-153">
         <name>.text:_unlink</name>
         <load_address>0xb5a0</load_address>
         <run_address>0xb5a0</run_address>
         <size>0xa0</size>
         <input_file_ref idref="fl-9d"/>
      </object_component>
      <object_component id="oc-fd">
         <name>.text:_writemsg</name>
         <load_address>0xb640</load_address>
         <run_address>0xb640</run_address>
         <size>0xa0</size>
         <input_file_ref idref="fl-a4"/>
      </object_component>
      <object_component id="oc-10b">
         <name>.text:_GPIO_config</name>
         <load_address>0xb6e0</load_address>
         <run_address>0xb6e0</run_address>
         <size>0x80</size>
         <input_file_ref idref="fl-af"/>
      </object_component>
      <object_component id="oc-fa">
         <name>.text:___TI_cpp_init</name>
         <load_address>0xb760</load_address>
         <run_address>0xb760</run_address>
         <size>0x80</size>
         <input_file_ref idref="fl-8e"/>
      </object_component>
      <object_component id="oc-147">
         <name>.text:__fltlid</name>
         <load_address>0xb7e0</load_address>
         <run_address>0xb7e0</run_address>
         <size>0x80</size>
         <input_file_ref idref="fl-95"/>
      </object_component>
      <object_component id="oc-151">
         <name>.text:__llshl</name>
         <load_address>0xb860</load_address>
         <run_address>0xb860</run_address>
         <size>0x80</size>
         <input_file_ref idref="fl-9c"/>
      </object_component>
      <object_component id="oc-18">
         <name>.text:_c_int00</name>
         <load_address>0xb8e0</load_address>
         <run_address>0xb8e0</run_address>
         <size>0x80</size>
         <input_file_ref idref="fl-84"/>
      </object_component>
      <object_component id="oc-12a">
         <name>.text:_memccpy</name>
         <load_address>0xb960</load_address>
         <run_address>0xb960</run_address>
         <size>0x80</size>
         <input_file_ref idref="fl-9f"/>
      </object_component>
      <object_component id="oc-10d">
         <name>.text:_GPIO_pinDirection</name>
         <load_address>0xb9e0</load_address>
         <run_address>0xb9e0</run_address>
         <size>0x60</size>
         <input_file_ref idref="fl-af"/>
      </object_component>
      <object_component id="oc-12f">
         <name>.text:___isinf</name>
         <load_address>0xba40</load_address>
         <run_address>0xba40</run_address>
         <size>0x60</size>
         <input_file_ref idref="fl-9b"/>
      </object_component>
      <object_component id="oc-148">
         <name>.text:__llshru</name>
         <load_address>0xbaa0</load_address>
         <run_address>0xbaa0</run_address>
         <size>0x60</size>
         <input_file_ref idref="fl-9c"/>
      </object_component>
      <object_component id="oc-152">
         <name>.text:__subcull</name>
         <load_address>0xbb00</load_address>
         <run_address>0xbb00</run_address>
         <size>0x60</size>
         <input_file_ref idref="fl-9a"/>
      </object_component>
      <object_component id="oc-10c">
         <name>.text:_GPIO_pinEnable</name>
         <load_address>0xbb60</load_address>
         <run_address>0xbb60</run_address>
         <size>0x40</size>
         <input_file_ref idref="fl-af"/>
      </object_component>
      <object_component id="oc-10f">
         <name>.text:_GPIO_pinRead</name>
         <load_address>0xbba0</load_address>
         <run_address>0xbba0</run_address>
         <size>0x40</size>
         <input_file_ref idref="fl-af"/>
      </object_component>
      <object_component id="oc-10e">
         <name>.text:_GPIO_pinWrite</name>
         <load_address>0xbbe0</load_address>
         <run_address>0xbbe0</run_address>
         <size>0x40</size>
         <input_file_ref idref="fl-af"/>
      </object_component>
      <object_component id="oc-12e">
         <name>.text:___isnan</name>
         <load_address>0xbc20</load_address>
         <run_address>0xbc20</run_address>
         <size>0x40</size>
         <input_file_ref idref="fl-8a"/>
      </object_component>
      <object_component id="oc-ed">
         <name>.text:__args_main</name>
         <load_address>0xbc60</load_address>
         <run_address>0xbc60</run_address>
         <size>0x40</size>
         <input_file_ref idref="fl-8b"/>
      </object_component>
      <object_component id="oc-ff">
         <name>.text:_CSL6713_LIB_</name>
         <load_address>0xbca0</load_address>
         <run_address>0xbca0</run_address>
         <size>0x20</size>
         <input_file_ref idref="fl-ae"/>
      </object_component>
      <object_component id="oc-11c">
         <name>.text:_MCBSP_read</name>
         <load_address>0xbcc0</load_address>
         <run_address>0xbcc0</run_address>
         <size>0x20</size>
         <input_file_ref idref="fl-b1"/>
      </object_component>
      <object_component id="oc-11b">
         <name>.text:_MCBSP_write</name>
         <load_address>0xbce0</load_address>
         <run_address>0xbce0</run_address>
         <size>0x20</size>
         <input_file_ref idref="fl-b1"/>
      </object_component>
      <object_component id="oc-134">
         <name>.text:__negll</name>
         <load_address>0xbd00</load_address>
         <run_address>0xbd00</run_address>
         <size>0x20</size>
         <input_file_ref idref="fl-a2"/>
      </object_component>
      <object_component id="oc-ef">
         <name>.text:__nop</name>
         <load_address>0xbd20</load_address>
         <run_address>0xbd20</run_address>
         <size>0x20</size>
         <input_file_ref idref="fl-89"/>
      </object_component>
      <object_component id="oc-116">
         <name>.text:__outc</name>
         <load_address>0xbd40</load_address>
         <run_address>0xbd40</run_address>
         <size>0x20</size>
         <input_file_ref idref="fl-87"/>
      </object_component>
      <object_component id="oc-115">
         <name>.text:__outs</name>
         <load_address>0xbd60</load_address>
         <run_address>0xbd60</run_address>
         <size>0x20</size>
         <input_file_ref idref="fl-87"/>
      </object_component>
      <object_component id="oc-fc">
         <name>.text:_abort</name>
         <load_address>0xbd80</load_address>
         <run_address>0xbd80</run_address>
         <size>0x20</size>
         <input_file_ref idref="fl-85"/>
      </object_component>
      <object_component id="oc-14e">
         <name>.text:_remove</name>
         <load_address>0xbda0</load_address>
         <run_address>0xbda0</run_address>
         <size>0x20</size>
         <input_file_ref idref="fl-ad"/>
      </object_component>
      <object_component id="oc-d1">
         <name>.text</name>
         <load_address>0xbdc0</load_address>
         <run_address>0xbdc0</run_address>
         <size>0x20</size>
         <input_file_ref idref="fl-b0"/>
      </object_component>
      <object_component id="oc-2c">
         <name>.text:retain</name>
         <load_address>0xbde0</load_address>
         <run_address>0xbde0</run_address>
         <size>0x20</size>
         <input_file_ref idref="fl-5"/>
      </object_component>
      <object_component id="oc-3a">
         <name>.stack</name>
         <uninitialized>true</uninitialized>
         <run_address>0xc8e8</run_address>
         <size>0x8</size>
         <input_file_ref idref="fl-84"/>
      </object_component>
      <object_component id="oc-175">
         <name>.stack</name>
         <uninitialized>true</uninitialized>
         <run_address>0xc8e8</run_address>
         <size>0x0</size>
      </object_component>
      <object_component id="oc-a4">
         <name>.cio</name>
         <uninitialized>true</uninitialized>
         <run_address>0xd28c</run_address>
         <size>0x120</size>
         <input_file_ref idref="fl-a4"/>
      </object_component>
      <object_component id="oc-12d">
         <name>.const:.string:__ctypes_</name>
         <load_address>0xd0e8</load_address>
         <run_address>0xd0e8</run_address>
         <size>0x101</size>
         <input_file_ref idref="fl-90"/>
      </object_component>
      <object_component id="oc-79">
         <name>.const:.string</name>
         <load_address>0xd1e9</load_address>
         <run_address>0xd1e9</run_address>
         <size>0x2</size>
         <input_file_ref idref="fl-97"/>
      </object_component>
      <object_component id="oc-2d">
         <name>.const:.string</name>
         <load_address>0xd1ec</load_address>
         <run_address>0xd1ec</run_address>
         <size>0x34</size>
         <input_file_ref idref="fl-5"/>
      </object_component>
      <object_component id="oc-51">
         <name>.const:.string</name>
         <load_address>0xd220</load_address>
         <run_address>0xd220</run_address>
         <size>0x23</size>
         <input_file_ref idref="fl-8a"/>
      </object_component>
      <object_component id="oc-e3">
         <name>.const</name>
         <load_address>0xd244</load_address>
         <run_address>0xd244</run_address>
         <size>0x20</size>
         <input_file_ref idref="fl-b3"/>
      </object_component>
      <object_component id="oc-25">
         <name>.const</name>
         <load_address>0xd264</load_address>
         <run_address>0xd264</run_address>
         <size>0x1c</size>
         <input_file_ref idref="fl-4"/>
      </object_component>
      <object_component id="oc-114">
         <name>.const:.string:_paTable</name>
         <load_address>0xd280</load_address>
         <run_address>0xd280</run_address>
         <size>0x8</size>
         <input_file_ref idref="fl-3"/>
      </object_component>
      <object_component id="oc-112">
         <name>.const:.string:_$P$T0$1</name>
         <load_address>0xd288</load_address>
         <run_address>0xd288</run_address>
         <size>0x2</size>
         <input_file_ref idref="fl-3"/>
      </object_component>
      <object_component id="oc-be">
         <name>.sysmem</name>
         <uninitialized>true</uninitialized>
         <run_address>0xcce8</run_address>
         <size>0x8</size>
         <input_file_ref idref="fl-ab"/>
      </object_component>
      <object_component id="oc-176">
         <name>.sysmem</name>
         <uninitialized>true</uninitialized>
         <run_address>0xcce8</run_address>
         <size>0x0</size>
      </object_component>
      <object_component id="oc-1e">
         <name>.far</name>
         <uninitialized>true</uninitialized>
         <run_address>0xc47c</run_address>
         <size>0x7</size>
         <input_file_ref idref="fl-3"/>
      </object_component>
      <object_component id="oc-24">
         <name>.far</name>
         <uninitialized>true</uninitialized>
         <run_address>0xc334</run_address>
         <size>0x54</size>
         <input_file_ref idref="fl-4"/>
      </object_component>
      <object_component id="oc-2b">
         <name>.far</name>
         <uninitialized>true</uninitialized>
         <run_address>0xc3e8</run_address>
         <size>0x28</size>
         <input_file_ref idref="fl-5"/>
      </object_component>
      <object_component id="oc-3f">
         <name>.far</name>
         <uninitialized>true</uninitialized>
         <run_address>0xc458</run_address>
         <size>0xc</size>
         <input_file_ref idref="fl-85"/>
      </object_component>
      <object_component id="oc-4d">
         <name>.far</name>
         <uninitialized>true</uninitialized>
         <run_address>0xc464</run_address>
         <size>0x8</size>
         <input_file_ref idref="fl-89"/>
      </object_component>
      <object_component id="oc-67">
         <name>.far</name>
         <uninitialized>true</uninitialized>
         <run_address>0xbe00</run_address>
         <size>0x324</size>
         <input_file_ref idref="fl-91"/>
      </object_component>
      <object_component id="oc-8d">
         <name>.far</name>
         <uninitialized>true</uninitialized>
         <run_address>0xc124</run_address>
         <size>0x11c</size>
         <input_file_ref idref="fl-9d"/>
      </object_component>
      <object_component id="oc-a0">
         <name>.far</name>
         <uninitialized>true</uninitialized>
         <run_address>0xc474</run_address>
         <size>0x8</size>
         <input_file_ref idref="fl-a3"/>
      </object_component>
      <object_component id="oc-b8">
         <name>.far</name>
         <uninitialized>true</uninitialized>
         <run_address>0xc484</run_address>
         <size>0x4</size>
         <input_file_ref idref="fl-aa"/>
      </object_component>
      <object_component id="oc-bd">
         <name>.far</name>
         <uninitialized>true</uninitialized>
         <run_address>0xc46c</run_address>
         <size>0x8</size>
         <input_file_ref idref="fl-ab"/>
      </object_component>
      <object_component id="oc-c8">
         <name>.far</name>
         <uninitialized>true</uninitialized>
         <run_address>0xc3c0</run_address>
         <size>0x28</size>
         <input_file_ref idref="fl-ae"/>
      </object_component>
      <object_component id="oc-cd">
         <name>.far</name>
         <uninitialized>true</uninitialized>
         <run_address>0xc410</run_address>
         <size>0x24</size>
         <input_file_ref idref="fl-af"/>
      </object_component>
      <object_component id="oc-d3">
         <name>.far</name>
         <uninitialized>true</uninitialized>
         <run_address>0xc240</run_address>
         <size>0xf4</size>
         <input_file_ref idref="fl-b0"/>
      </object_component>
      <object_component id="oc-d8">
         <name>.far</name>
         <uninitialized>true</uninitialized>
         <run_address>0xc388</run_address>
         <size>0x38</size>
         <input_file_ref idref="fl-b1"/>
      </object_component>
      <object_component id="oc-dd">
         <name>.far</name>
         <uninitialized>true</uninitialized>
         <run_address>0xc434</run_address>
         <size>0x24</size>
         <input_file_ref idref="fl-b2"/>
      </object_component>
      <object_component id="oc-e2">
         <name>.far</name>
         <uninitialized>true</uninitialized>
         <run_address>0xc488</run_address>
         <size>0x2</size>
         <input_file_ref idref="fl-b3"/>
      </object_component>
      <object_component id="oc-e8">
         <name>.far</name>
         <uninitialized>true</uninitialized>
         <run_address>0xc48a</run_address>
         <size>0x2</size>
         <input_file_ref idref="fl-b4"/>
      </object_component>
      <object_component id="oc-d2">
         <name>.cinit</name>
         <load_address>0xc490</load_address>
         <run_address>0xc490</run_address>
         <size>0x12c</size>
         <input_file_ref idref="fl-b0"/>
      </object_component>
      <object_component id="oc-23">
         <name>.cinit</name>
         <load_address>0xc5c0</load_address>
         <run_address>0xc5c0</run_address>
         <size>0x64</size>
         <input_file_ref idref="fl-4"/>
      </object_component>
      <object_component id="oc-66">
         <name>.cinit</name>
         <load_address>0xc628</load_address>
         <run_address>0xc628</run_address>
         <size>0x5c</size>
         <input_file_ref idref="fl-91"/>
      </object_component>
      <object_component id="oc-8c">
         <name>.cinit</name>
         <load_address>0xc688</load_address>
         <run_address>0xc688</run_address>
         <size>0x5c</size>
         <input_file_ref idref="fl-9d"/>
      </object_component>
      <object_component id="oc-d7">
         <name>.cinit</name>
         <load_address>0xc6e8</load_address>
         <run_address>0xc6e8</run_address>
         <size>0x54</size>
         <input_file_ref idref="fl-b1"/>
      </object_component>
      <object_component id="oc-dc">
         <name>.cinit</name>
         <load_address>0xc740</load_address>
         <run_address>0xc740</run_address>
         <size>0x4c</size>
         <input_file_ref idref="fl-b2"/>
      </object_component>
      <object_component id="oc-cc">
         <name>.cinit</name>
         <load_address>0xc790</load_address>
         <run_address>0xc790</run_address>
         <size>0x44</size>
         <input_file_ref idref="fl-af"/>
      </object_component>
      <object_component id="oc-c7">
         <name>.cinit</name>
         <load_address>0xc7d8</load_address>
         <run_address>0xc7d8</run_address>
         <size>0x3c</size>
         <input_file_ref idref="fl-ae"/>
      </object_component>
      <object_component id="oc-2a">
         <name>.cinit</name>
         <load_address>0xc818</load_address>
         <run_address>0xc818</run_address>
         <size>0x38</size>
         <input_file_ref idref="fl-5"/>
      </object_component>
      <object_component id="oc-3e">
         <name>.cinit</name>
         <load_address>0xc850</load_address>
         <run_address>0xc850</run_address>
         <size>0x2c</size>
         <input_file_ref idref="fl-85"/>
      </object_component>
      <object_component id="oc-bc">
         <name>.cinit</name>
         <load_address>0xc880</load_address>
         <run_address>0xc880</run_address>
         <size>0x2c</size>
         <input_file_ref idref="fl-ab"/>
      </object_component>
      <object_component id="oc-4c">
         <name>.cinit</name>
         <load_address>0xc8b0</load_address>
         <run_address>0xc8b0</run_address>
         <size>0x1c</size>
         <input_file_ref idref="fl-89"/>
      </object_component>
      <object_component id="oc-b7">
         <name>.cinit</name>
         <load_address>0xc8d0</load_address>
         <run_address>0xc8d0</run_address>
         <size>0xc</size>
         <input_file_ref idref="fl-aa"/>
      </object_component>
      <object_component id="oc-19">
         <name>.debug_info</name>
         <load_address>0x0</load_address>
         <run_address>0x0</run_address>
         <size>0x1090</size>
         <input_file_ref idref="fl-2"/>
      </object_component>
      <object_component id="oc-1d">
         <name>.debug_info</name>
         <load_address>0x1090</load_address>
         <run_address>0x1090</run_address>
         <size>0x1f3c</size>
         <input_file_ref idref="fl-3"/>
      </object_component>
      <object_component id="oc-22">
         <name>.debug_info</name>
         <load_address>0x2fcc</load_address>
         <run_address>0x2fcc</run_address>
         <size>0x11dc</size>
         <input_file_ref idref="fl-4"/>
      </object_component>
      <object_component id="oc-29">
         <name>.debug_info</name>
         <load_address>0x41a8</load_address>
         <run_address>0x41a8</run_address>
         <size>0x1255</size>
         <input_file_ref idref="fl-5"/>
      </object_component>
      <object_component id="oc-31">
         <name>.debug_info</name>
         <load_address>0x53fd</load_address>
         <run_address>0x53fd</run_address>
         <size>0xa5a</size>
         <input_file_ref idref="fl-6"/>
      </object_component>
      <object_component id="oc-36">
         <name>.debug_info</name>
         <load_address>0x5e57</load_address>
         <run_address>0x5e57</run_address>
         <size>0xcb</size>
         <input_file_ref idref="fl-7"/>
      </object_component>
      <object_component id="oc-39">
         <name>.debug_info</name>
         <load_address>0x5f22</load_address>
         <run_address>0x5f22</run_address>
         <size>0x70b</size>
         <input_file_ref idref="fl-84"/>
      </object_component>
      <object_component id="oc-3d">
         <name>.debug_info</name>
         <load_address>0x662d</load_address>
         <run_address>0x662d</run_address>
         <size>0x7fd</size>
         <input_file_ref idref="fl-85"/>
      </object_component>
      <object_component id="oc-42">
         <name>.debug_info</name>
         <load_address>0x6e2a</load_address>
         <run_address>0x6e2a</run_address>
         <size>0x78e</size>
         <input_file_ref idref="fl-86"/>
      </object_component>
      <object_component id="oc-45">
         <name>.debug_info</name>
         <load_address>0x75b8</load_address>
         <run_address>0x75b8</run_address>
         <size>0x902</size>
         <input_file_ref idref="fl-87"/>
      </object_component>
      <object_component id="oc-48">
         <name>.debug_info</name>
         <load_address>0x7eba</load_address>
         <run_address>0x7eba</run_address>
         <size>0x110</size>
         <input_file_ref idref="fl-88"/>
      </object_component>
      <object_component id="oc-4b">
         <name>.debug_info</name>
         <load_address>0x7fca</load_address>
         <run_address>0x7fca</run_address>
         <size>0x64c</size>
         <input_file_ref idref="fl-89"/>
      </object_component>
      <object_component id="oc-50">
         <name>.debug_info</name>
         <load_address>0x8616</load_address>
         <run_address>0x8616</run_address>
         <size>0x2b9f</size>
         <input_file_ref idref="fl-8a"/>
      </object_component>
      <object_component id="oc-54">
         <name>.debug_info</name>
         <load_address>0xb1b5</load_address>
         <run_address>0xb1b5</run_address>
         <size>0x6e1</size>
         <input_file_ref idref="fl-8b"/>
      </object_component>
      <object_component id="oc-57">
         <name>.debug_info</name>
         <load_address>0xb896</load_address>
         <run_address>0xb896</run_address>
         <size>0x71e</size>
         <input_file_ref idref="fl-8c"/>
      </object_component>
      <object_component id="oc-5a">
         <name>.debug_info</name>
         <load_address>0xbfb4</load_address>
         <run_address>0xbfb4</run_address>
         <size>0x86f</size>
         <input_file_ref idref="fl-8d"/>
      </object_component>
      <object_component id="oc-5d">
         <name>.debug_info</name>
         <load_address>0xc823</load_address>
         <run_address>0xc823</run_address>
         <size>0x6e7</size>
         <input_file_ref idref="fl-8e"/>
      </object_component>
      <object_component id="oc-60">
         <name>.debug_info</name>
         <load_address>0xcf0a</load_address>
         <run_address>0xcf0a</run_address>
         <size>0x7dd</size>
         <input_file_ref idref="fl-8f"/>
      </object_component>
      <object_component id="oc-63">
         <name>.debug_info</name>
         <load_address>0xd6e7</load_address>
         <run_address>0xd6e7</run_address>
         <size>0x5fa</size>
         <input_file_ref idref="fl-90"/>
      </object_component>
      <object_component id="oc-65">
         <name>.debug_info</name>
         <load_address>0xdce1</load_address>
         <run_address>0xdce1</run_address>
         <size>0x6e7</size>
         <input_file_ref idref="fl-91"/>
      </object_component>
      <object_component id="oc-69">
         <name>.debug_info</name>
         <load_address>0xe3c8</load_address>
         <run_address>0xe3c8</run_address>
         <size>0x982</size>
         <input_file_ref idref="fl-92"/>
      </object_component>
      <object_component id="oc-6c">
         <name>.debug_info</name>
         <load_address>0xed4a</load_address>
         <run_address>0xed4a</run_address>
         <size>0xd2</size>
         <input_file_ref idref="fl-93"/>
      </object_component>
      <object_component id="oc-6f">
         <name>.debug_info</name>
         <load_address>0xee1c</load_address>
         <run_address>0xee1c</run_address>
         <size>0x691</size>
         <input_file_ref idref="fl-94"/>
      </object_component>
      <object_component id="oc-72">
         <name>.debug_info</name>
         <load_address>0xf4ad</load_address>
         <run_address>0xf4ad</run_address>
         <size>0x6aa</size>
         <input_file_ref idref="fl-95"/>
      </object_component>
      <object_component id="oc-75">
         <name>.debug_info</name>
         <load_address>0xfb57</load_address>
         <run_address>0xfb57</run_address>
         <size>0x82a</size>
         <input_file_ref idref="fl-96"/>
      </object_component>
      <object_component id="oc-78">
         <name>.debug_info</name>
         <load_address>0x10381</load_address>
         <run_address>0x10381</run_address>
         <size>0xb89</size>
         <input_file_ref idref="fl-97"/>
      </object_component>
      <object_component id="oc-7c">
         <name>.debug_info</name>
         <load_address>0x10f0a</load_address>
         <run_address>0x10f0a</run_address>
         <size>0x6a4</size>
         <input_file_ref idref="fl-98"/>
      </object_component>
      <object_component id="oc-7f">
         <name>.debug_info</name>
         <load_address>0x115ae</load_address>
         <run_address>0x115ae</run_address>
         <size>0x7bb</size>
         <input_file_ref idref="fl-99"/>
      </object_component>
      <object_component id="oc-82">
         <name>.debug_info</name>
         <load_address>0x11d69</load_address>
         <run_address>0x11d69</run_address>
         <size>0x7b6</size>
         <input_file_ref idref="fl-9a"/>
      </object_component>
      <object_component id="oc-85">
         <name>.debug_info</name>
         <load_address>0x1251f</load_address>
         <run_address>0x1251f</run_address>
         <size>0x816</size>
         <input_file_ref idref="fl-9b"/>
      </object_component>
      <object_component id="oc-88">
         <name>.debug_info</name>
         <load_address>0x12d35</load_address>
         <run_address>0x12d35</run_address>
         <size>0x701</size>
         <input_file_ref idref="fl-9c"/>
      </object_component>
      <object_component id="oc-8b">
         <name>.debug_info</name>
         <load_address>0x13436</load_address>
         <run_address>0x13436</run_address>
         <size>0xf61</size>
         <input_file_ref idref="fl-9d"/>
      </object_component>
      <object_component id="oc-90">
         <name>.debug_info</name>
         <load_address>0x14397</load_address>
         <run_address>0x14397</run_address>
         <size>0x746</size>
         <input_file_ref idref="fl-9e"/>
      </object_component>
      <object_component id="oc-93">
         <name>.debug_info</name>
         <load_address>0x14add</load_address>
         <run_address>0x14add</run_address>
         <size>0x6ea</size>
         <input_file_ref idref="fl-9f"/>
      </object_component>
      <object_component id="oc-96">
         <name>.debug_info</name>
         <load_address>0x151c7</load_address>
         <run_address>0x151c7</run_address>
         <size>0x72e</size>
         <input_file_ref idref="fl-a0"/>
      </object_component>
      <object_component id="oc-99">
         <name>.debug_info</name>
         <load_address>0x158f5</load_address>
         <run_address>0x158f5</run_address>
         <size>0x6b7</size>
         <input_file_ref idref="fl-a1"/>
      </object_component>
      <object_component id="oc-9c">
         <name>.debug_info</name>
         <load_address>0x15fac</load_address>
         <run_address>0x15fac</run_address>
         <size>0x618</size>
         <input_file_ref idref="fl-a2"/>
      </object_component>
      <object_component id="oc-9f">
         <name>.debug_info</name>
         <load_address>0x165c4</load_address>
         <run_address>0x165c4</run_address>
         <size>0xefc</size>
         <input_file_ref idref="fl-a3"/>
      </object_component>
      <object_component id="oc-a3">
         <name>.debug_info</name>
         <load_address>0x174c0</load_address>
         <run_address>0x174c0</run_address>
         <size>0x8c9</size>
         <input_file_ref idref="fl-a4"/>
      </object_component>
      <object_component id="oc-a7">
         <name>.debug_info</name>
         <load_address>0x17d89</load_address>
         <run_address>0x17d89</run_address>
         <size>0x75a</size>
         <input_file_ref idref="fl-a5"/>
      </object_component>
      <object_component id="oc-aa">
         <name>.debug_info</name>
         <load_address>0x184e3</load_address>
         <run_address>0x184e3</run_address>
         <size>0x5cc</size>
         <input_file_ref idref="fl-a6"/>
      </object_component>
      <object_component id="oc-ad">
         <name>.debug_info</name>
         <load_address>0x18aaf</load_address>
         <run_address>0x18aaf</run_address>
         <size>0x781</size>
         <input_file_ref idref="fl-a7"/>
      </object_component>
      <object_component id="oc-b0">
         <name>.debug_info</name>
         <load_address>0x19230</load_address>
         <run_address>0x19230</run_address>
         <size>0x7b9</size>
         <input_file_ref idref="fl-a8"/>
      </object_component>
      <object_component id="oc-b3">
         <name>.debug_info</name>
         <load_address>0x199e9</load_address>
         <run_address>0x199e9</run_address>
         <size>0x813</size>
         <input_file_ref idref="fl-a9"/>
      </object_component>
      <object_component id="oc-b6">
         <name>.debug_info</name>
         <load_address>0x1a1fc</load_address>
         <run_address>0x1a1fc</run_address>
         <size>0x883</size>
         <input_file_ref idref="fl-aa"/>
      </object_component>
      <object_component id="oc-bb">
         <name>.debug_info</name>
         <load_address>0x1aa7f</load_address>
         <run_address>0x1aa7f</run_address>
         <size>0xb38</size>
         <input_file_ref idref="fl-ab"/>
      </object_component>
      <object_component id="oc-c1">
         <name>.debug_info</name>
         <load_address>0x1b5b7</load_address>
         <run_address>0x1b5b7</run_address>
         <size>0x806</size>
         <input_file_ref idref="fl-ac"/>
      </object_component>
      <object_component id="oc-c4">
         <name>.debug_info</name>
         <load_address>0x1bdbd</load_address>
         <run_address>0x1bdbd</run_address>
         <size>0x664</size>
         <input_file_ref idref="fl-ad"/>
      </object_component>
      <object_component id="oc-ca">
         <name>.debug_info</name>
         <load_address>0x1c421</load_address>
         <run_address>0x1c421</run_address>
         <size>0xa13</size>
         <input_file_ref idref="fl-ae"/>
      </object_component>
      <object_component id="oc-cf">
         <name>.debug_info</name>
         <load_address>0x1ce34</load_address>
         <run_address>0x1ce34</run_address>
         <size>0xc92</size>
         <input_file_ref idref="fl-af"/>
      </object_component>
      <object_component id="oc-d5">
         <name>.debug_info</name>
         <load_address>0x1dac6</load_address>
         <run_address>0x1dac6</run_address>
         <size>0x9ee</size>
         <input_file_ref idref="fl-b0"/>
      </object_component>
      <object_component id="oc-da">
         <name>.debug_info</name>
         <load_address>0x1e4b4</load_address>
         <run_address>0x1e4b4</run_address>
         <size>0xccd</size>
         <input_file_ref idref="fl-b1"/>
      </object_component>
      <object_component id="oc-df">
         <name>.debug_info</name>
         <load_address>0x1f181</load_address>
         <run_address>0x1f181</run_address>
         <size>0x93b</size>
         <input_file_ref idref="fl-b2"/>
      </object_component>
      <object_component id="oc-e5">
         <name>.debug_info</name>
         <load_address>0x1fabc</load_address>
         <run_address>0x1fabc</run_address>
         <size>0x8a7</size>
         <input_file_ref idref="fl-b3"/>
      </object_component>
      <object_component id="oc-ea">
         <name>.debug_info</name>
         <load_address>0x20363</load_address>
         <run_address>0x20363</run_address>
         <size>0x60b</size>
         <input_file_ref idref="fl-b4"/>
      </object_component>
      <object_component id="oc-177">
         <name>.debug_info</name>
         <load_address>0x2096e</load_address>
         <run_address>0x2096e</run_address>
         <size>0x6d</size>
      </object_component>
      <object_component id="oc-1a">
         <name>.debug_frame</name>
         <load_address>0x0</load_address>
         <run_address>0x0</run_address>
         <size>0x2da</size>
         <input_file_ref idref="fl-2"/>
      </object_component>
      <object_component id="oc-1f">
         <name>.debug_frame</name>
         <load_address>0x2da</load_address>
         <run_address>0x2da</run_address>
         <size>0x3e8</size>
         <input_file_ref idref="fl-3"/>
      </object_component>
      <object_component id="oc-26">
         <name>.debug_frame</name>
         <load_address>0x6c2</load_address>
         <run_address>0x6c2</run_address>
         <size>0x381</size>
         <input_file_ref idref="fl-4"/>
      </object_component>
      <object_component id="oc-2e">
         <name>.debug_frame</name>
         <load_address>0xa43</load_address>
         <run_address>0xa43</run_address>
         <size>0x2c3</size>
         <input_file_ref idref="fl-5"/>
      </object_component>
      <object_component id="oc-32">
         <name>.debug_frame</name>
         <load_address>0xd06</load_address>
         <run_address>0xd06</run_address>
         <size>0x30b</size>
         <input_file_ref idref="fl-6"/>
      </object_component>
      <object_component id="oc-1b">
         <name>.debug_line</name>
         <load_address>0x0</load_address>
         <run_address>0x0</run_address>
         <size>0x173</size>
         <input_file_ref idref="fl-2"/>
      </object_component>
      <object_component id="oc-20">
         <name>.debug_line</name>
         <load_address>0x173</load_address>
         <run_address>0x173</run_address>
         <size>0x2b7</size>
         <input_file_ref idref="fl-3"/>
      </object_component>
      <object_component id="oc-27">
         <name>.debug_line</name>
         <load_address>0x42a</load_address>
         <run_address>0x42a</run_address>
         <size>0x170</size>
         <input_file_ref idref="fl-4"/>
      </object_component>
      <object_component id="oc-2f">
         <name>.debug_line</name>
         <load_address>0x59a</load_address>
         <run_address>0x59a</run_address>
         <size>0x13e</size>
         <input_file_ref idref="fl-5"/>
      </object_component>
      <object_component id="oc-33">
         <name>.debug_line</name>
         <load_address>0x6d8</load_address>
         <run_address>0x6d8</run_address>
         <size>0xf7</size>
         <input_file_ref idref="fl-6"/>
      </object_component>
      <object_component id="oc-37">
         <name>.debug_line</name>
         <load_address>0x7cf</load_address>
         <run_address>0x7cf</run_address>
         <size>0xb9</size>
         <input_file_ref idref="fl-7"/>
      </object_component>
      <object_component id="oc-3b">
         <name>.debug_line</name>
         <load_address>0x888</load_address>
         <run_address>0x888</run_address>
         <size>0x3d</size>
         <input_file_ref idref="fl-84"/>
      </object_component>
      <object_component id="oc-40">
         <name>.debug_line</name>
         <load_address>0x8c5</load_address>
         <run_address>0x8c5</run_address>
         <size>0x4f</size>
         <input_file_ref idref="fl-85"/>
      </object_component>
      <object_component id="oc-43">
         <name>.debug_line</name>
         <load_address>0x914</load_address>
         <run_address>0x914</run_address>
         <size>0x4e</size>
         <input_file_ref idref="fl-86"/>
      </object_component>
      <object_component id="oc-46">
         <name>.debug_line</name>
         <load_address>0x962</load_address>
         <run_address>0x962</run_address>
         <size>0x6a</size>
         <input_file_ref idref="fl-87"/>
      </object_component>
      <object_component id="oc-49">
         <name>.debug_line</name>
         <load_address>0x9cc</load_address>
         <run_address>0x9cc</run_address>
         <size>0x6a</size>
         <input_file_ref idref="fl-88"/>
      </object_component>
      <object_component id="oc-4e">
         <name>.debug_line</name>
         <load_address>0xa36</load_address>
         <run_address>0xa36</run_address>
         <size>0x36</size>
         <input_file_ref idref="fl-89"/>
      </object_component>
      <object_component id="oc-52">
         <name>.debug_line</name>
         <load_address>0xa6c</load_address>
         <run_address>0xa6c</run_address>
         <size>0x345</size>
         <input_file_ref idref="fl-8a"/>
      </object_component>
      <object_component id="oc-55">
         <name>.debug_line</name>
         <load_address>0xdb1</load_address>
         <run_address>0xdb1</run_address>
         <size>0x41</size>
         <input_file_ref idref="fl-8b"/>
      </object_component>
      <object_component id="oc-58">
         <name>.debug_line</name>
         <load_address>0xdf2</load_address>
         <run_address>0xdf2</run_address>
         <size>0x41</size>
         <input_file_ref idref="fl-8c"/>
      </object_component>
      <object_component id="oc-5b">
         <name>.debug_line</name>
         <load_address>0xe33</load_address>
         <run_address>0xe33</run_address>
         <size>0x47</size>
         <input_file_ref idref="fl-8d"/>
      </object_component>
      <object_component id="oc-5e">
         <name>.debug_line</name>
         <load_address>0xe7a</load_address>
         <run_address>0xe7a</run_address>
         <size>0x45</size>
         <input_file_ref idref="fl-8e"/>
      </object_component>
      <object_component id="oc-61">
         <name>.debug_line</name>
         <load_address>0xebf</load_address>
         <run_address>0xebf</run_address>
         <size>0x44</size>
         <input_file_ref idref="fl-8f"/>
      </object_component>
      <object_component id="oc-6a">
         <name>.debug_line</name>
         <load_address>0xf03</load_address>
         <run_address>0xf03</run_address>
         <size>0x3c</size>
         <input_file_ref idref="fl-92"/>
      </object_component>
      <object_component id="oc-6d">
         <name>.debug_line</name>
         <load_address>0xf3f</load_address>
         <run_address>0xf3f</run_address>
         <size>0x44</size>
         <input_file_ref idref="fl-93"/>
      </object_component>
      <object_component id="oc-70">
         <name>.debug_line</name>
         <load_address>0xf83</load_address>
         <run_address>0xf83</run_address>
         <size>0x3d</size>
         <input_file_ref idref="fl-94"/>
      </object_component>
      <object_component id="oc-73">
         <name>.debug_line</name>
         <load_address>0xfc0</load_address>
         <run_address>0xfc0</run_address>
         <size>0x3d</size>
         <input_file_ref idref="fl-95"/>
      </object_component>
      <object_component id="oc-76">
         <name>.debug_line</name>
         <load_address>0xffd</load_address>
         <run_address>0xffd</run_address>
         <size>0x3f</size>
         <input_file_ref idref="fl-96"/>
      </object_component>
      <object_component id="oc-7a">
         <name>.debug_line</name>
         <load_address>0x103c</load_address>
         <run_address>0x103c</run_address>
         <size>0xaa</size>
         <input_file_ref idref="fl-97"/>
      </object_component>
      <object_component id="oc-7d">
         <name>.debug_line</name>
         <load_address>0x10e6</load_address>
         <run_address>0x10e6</run_address>
         <size>0x3e</size>
         <input_file_ref idref="fl-98"/>
      </object_component>
      <object_component id="oc-80">
         <name>.debug_line</name>
         <load_address>0x1124</load_address>
         <run_address>0x1124</run_address>
         <size>0x73</size>
         <input_file_ref idref="fl-99"/>
      </object_component>
      <object_component id="oc-83">
         <name>.debug_line</name>
         <load_address>0x1197</load_address>
         <run_address>0x1197</run_address>
         <size>0x5f</size>
         <input_file_ref idref="fl-9a"/>
      </object_component>
      <object_component id="oc-86">
         <name>.debug_line</name>
         <load_address>0x11f6</load_address>
         <run_address>0x11f6</run_address>
         <size>0x38</size>
         <input_file_ref idref="fl-9b"/>
      </object_component>
      <object_component id="oc-89">
         <name>.debug_line</name>
         <load_address>0x122e</load_address>
         <run_address>0x122e</run_address>
         <size>0x56</size>
         <input_file_ref idref="fl-9c"/>
      </object_component>
      <object_component id="oc-8e">
         <name>.debug_line</name>
         <load_address>0x1284</load_address>
         <run_address>0x1284</run_address>
         <size>0x10d</size>
         <input_file_ref idref="fl-9d"/>
      </object_component>
      <object_component id="oc-91">
         <name>.debug_line</name>
         <load_address>0x1391</load_address>
         <run_address>0x1391</run_address>
         <size>0x40</size>
         <input_file_ref idref="fl-9e"/>
      </object_component>
      <object_component id="oc-94">
         <name>.debug_line</name>
         <load_address>0x13d1</load_address>
         <run_address>0x13d1</run_address>
         <size>0x3f</size>
         <input_file_ref idref="fl-9f"/>
      </object_component>
      <object_component id="oc-97">
         <name>.debug_line</name>
         <load_address>0x1410</load_address>
         <run_address>0x1410</run_address>
         <size>0x47</size>
         <input_file_ref idref="fl-a0"/>
      </object_component>
      <object_component id="oc-9a">
         <name>.debug_line</name>
         <load_address>0x1457</load_address>
         <run_address>0x1457</run_address>
         <size>0x3d</size>
         <input_file_ref idref="fl-a1"/>
      </object_component>
      <object_component id="oc-9d">
         <name>.debug_line</name>
         <load_address>0x1494</load_address>
         <run_address>0x1494</run_address>
         <size>0x37</size>
         <input_file_ref idref="fl-a2"/>
      </object_component>
      <object_component id="oc-a1">
         <name>.debug_line</name>
         <load_address>0x14cb</load_address>
         <run_address>0x14cb</run_address>
         <size>0x13a</size>
         <input_file_ref idref="fl-a3"/>
      </object_component>
      <object_component id="oc-a5">
         <name>.debug_line</name>
         <load_address>0x1605</load_address>
         <run_address>0x1605</run_address>
         <size>0x64</size>
         <input_file_ref idref="fl-a4"/>
      </object_component>
      <object_component id="oc-a8">
         <name>.debug_line</name>
         <load_address>0x1669</load_address>
         <run_address>0x1669</run_address>
         <size>0x40</size>
         <input_file_ref idref="fl-a5"/>
      </object_component>
      <object_component id="oc-ab">
         <name>.debug_line</name>
         <load_address>0x16a9</load_address>
         <run_address>0x16a9</run_address>
         <size>0x23</size>
         <input_file_ref idref="fl-a6"/>
      </object_component>
      <object_component id="oc-ae">
         <name>.debug_line</name>
         <load_address>0x16cc</load_address>
         <run_address>0x16cc</run_address>
         <size>0x3e</size>
         <input_file_ref idref="fl-a7"/>
      </object_component>
      <object_component id="oc-b1">
         <name>.debug_line</name>
         <load_address>0x170a</load_address>
         <run_address>0x170a</run_address>
         <size>0x3c</size>
         <input_file_ref idref="fl-a8"/>
      </object_component>
      <object_component id="oc-b4">
         <name>.debug_line</name>
         <load_address>0x1746</load_address>
         <run_address>0x1746</run_address>
         <size>0x40</size>
         <input_file_ref idref="fl-a9"/>
      </object_component>
      <object_component id="oc-b9">
         <name>.debug_line</name>
         <load_address>0x1786</load_address>
         <run_address>0x1786</run_address>
         <size>0x42</size>
         <input_file_ref idref="fl-aa"/>
      </object_component>
      <object_component id="oc-bf">
         <name>.debug_line</name>
         <load_address>0x17c8</load_address>
         <run_address>0x17c8</run_address>
         <size>0xa7</size>
         <input_file_ref idref="fl-ab"/>
      </object_component>
      <object_component id="oc-c2">
         <name>.debug_line</name>
         <load_address>0x186f</load_address>
         <run_address>0x186f</run_address>
         <size>0x3e</size>
         <input_file_ref idref="fl-ac"/>
      </object_component>
      <object_component id="oc-c5">
         <name>.debug_line</name>
         <load_address>0x18ad</load_address>
         <run_address>0x18ad</run_address>
         <size>0x39</size>
         <input_file_ref idref="fl-ad"/>
      </object_component>
      <object_component id="oc-cb">
         <name>.debug_line</name>
         <load_address>0x18e6</load_address>
         <run_address>0x18e6</run_address>
         <size>0x6a</size>
         <input_file_ref idref="fl-ae"/>
      </object_component>
      <object_component id="oc-d0">
         <name>.debug_line</name>
         <load_address>0x1950</load_address>
         <run_address>0x1950</run_address>
         <size>0x10b</size>
         <input_file_ref idref="fl-af"/>
      </object_component>
      <object_component id="oc-d6">
         <name>.debug_line</name>
         <load_address>0x1a5b</load_address>
         <run_address>0x1a5b</run_address>
         <size>0x9d</size>
         <input_file_ref idref="fl-b0"/>
      </object_component>
      <object_component id="oc-db">
         <name>.debug_line</name>
         <load_address>0x1af8</load_address>
         <run_address>0x1af8</run_address>
         <size>0x102</size>
         <input_file_ref idref="fl-b1"/>
      </object_component>
      <object_component id="oc-e0">
         <name>.debug_line</name>
         <load_address>0x1bfa</load_address>
         <run_address>0x1bfa</run_address>
         <size>0xa4</size>
         <input_file_ref idref="fl-b2"/>
      </object_component>
      <object_component id="oc-e6">
         <name>.debug_line</name>
         <load_address>0x1c9e</load_address>
         <run_address>0x1c9e</run_address>
         <size>0xb2</size>
         <input_file_ref idref="fl-b3"/>
      </object_component>
      <object_component id="oc-eb">
         <name>.debug_line</name>
         <load_address>0x1d50</load_address>
         <run_address>0x1d50</run_address>
         <size>0x7b</size>
         <input_file_ref idref="fl-b4"/>
      </object_component>
      <object_component id="oc-1c">
         <name>.debug_abbrev</name>
         <load_address>0x0</load_address>
         <run_address>0x0</run_address>
         <size>0x17e</size>
         <input_file_ref idref="fl-2"/>
      </object_component>
      <object_component id="oc-21">
         <name>.debug_abbrev</name>
         <load_address>0x17e</load_address>
         <run_address>0x17e</run_address>
         <size>0x1f3</size>
         <input_file_ref idref="fl-3"/>
      </object_component>
      <object_component id="oc-28">
         <name>.debug_abbrev</name>
         <load_address>0x371</load_address>
         <run_address>0x371</run_address>
         <size>0x139</size>
         <input_file_ref idref="fl-4"/>
[...]
         <name>_main</name>
         <value>0x609c</value>
         <object_component_ref idref="oc-fb"/>
      </symbol>
      <symbol id="sm-224">
         <name>_hMcbsp</name>
         <value>0xc40c</value>
         <object_component_ref idref="oc-2b"/>
      </symbol>
      <symbol id="sm-225">
         <name>_CPLD_WriteMisc</name>
         <value>0x6060</value>
         <object_component_ref idref="oc-fb"/>
      </symbol>
      <symbol id="sm-226">
         <name>_pCPLD</name>
         <value>0xc3e8</value>
         <object_component_ref idref="oc-2b"/>
      </symbol>
      <symbol id="sm-227">
         <name>_CPLD_ReadMisc</name>
         <value>0x6028</value>
         <object_component_ref idref="oc-fb"/>
      </symbol>
      <symbol id="sm-233">
         <name>_spi_send</name>
         <value>0xad48</value>
         <object_component_ref idref="oc-113"/>
      </symbol>
      <symbol id="sm-234">
         <name>_spi_read_bb</name>
         <value>0xaddc</value>
         <object_component_ref idref="oc-113"/>
      </symbol>
      <symbol id="sm-235">
         <name>_spi_bb_init</name>
         <value>0xadc0</value>
         <object_component_ref idref="oc-113"/>
      </symbol>
      <symbol id="sm-236">
         <name>_spi_init</name>
         <value>0xad40</value>
         <object_component_ref idref="oc-113"/>
      </symbol>
      <symbol id="sm-237">
         <name>_CC1101_GD1_status_huh</name>
         <value>0xadfc</value>
         <object_component_ref idref="oc-113"/>
      </symbol>
      <symbol id="sm-238">
         <name>_Radio_UnSelect_bb</name>
         <value>0xadec</value>
         <object_component_ref idref="oc-113"/>
      </symbol>
      <symbol id="sm-239">
         <name>_Radio_Select_bb</name>
         <value>0xade4</value>
         <object_component_ref idref="oc-113"/>
      </symbol>
      <symbol id="sm-23a">
         <name>_spi_read_write_bb</name>
         <value>0xadc8</value>
         <object_component_ref idref="oc-113"/>
      </symbol>
      <symbol id="sm-23b">
         <name>_CC1101_GD0_status_huh</name>
         <value>0xadf4</value>
         <object_component_ref idref="oc-113"/>
      </symbol>
      <symbol id="sm-25e">
         <name>_c_int00</name>
         <value>0xb8e0</value>
         <object_component_ref idref="oc-18"/>
      </symbol>
      <symbol id="sm-25f">
         <name>__stack</name>
         <value>0xc8e8</value>
         <object_component_ref idref="oc-3a"/>
      </symbol>
      <symbol id="sm-26f">
         <name>C$$EXIT</name>
         <value>0xbd80</value>
         <object_component_ref idref="oc-fc"/>
      </symbol>
      <symbol id="sm-270">
         <name>_exit</name>
         <value>0xaaa0</value>
         <object_component_ref idref="oc-ee"/>
      </symbol>
      <symbol id="sm-271">
         <name>___TI_enable_exit_profile_output</name>
         <value>0xc460</value>
         <object_component_ref idref="oc-3f"/>
      </symbol>
      <symbol id="sm-272">
         <name>_abort</name>
         <value>0xbd80</value>
         <object_component_ref idref="oc-fc"/>
      </symbol>
      <symbol id="sm-273">
         <name>__cleanup_ptr</name>
         <value>0xc458</value>
         <object_component_ref idref="oc-3f"/>
      </symbol>
      <symbol id="sm-274">
         <name>__dtors_ptr</name>
         <value>0xc45c</value>
         <object_component_ref idref="oc-3f"/>
      </symbol>
      <symbol id="sm-27e">
         <name>_memcpy</name>
         <value>0x77a0</value>
         <object_component_ref idref="oc-f9"/>
      </symbol>
      <symbol id="sm-28c">
         <name>_printf</name>
         <value>0xa440</value>
         <object_component_ref idref="oc-106"/>
      </symbol>
      <symbol id="sm-296">
         <name>__c6xabi_strasgi</name>
         <value>0x90c0</value>
         <object_component_ref idref="oc-109"/>
      </symbol>
      <symbol id="sm-297">
         <name>__strasg</name>
         <value>0xa9c0</value>
         <object_component_ref idref="oc-f7"/>
      </symbol>
      <symbol id="sm-298">
         <name>__strasgi</name>
         <value>0x90c0</value>
         <object_component_ref idref="oc-109"/>
      </symbol>
      <symbol id="sm-2a6">
         <name>__unlock</name>
         <value>0xc468</value>
         <object_component_ref idref="oc-4d"/>
      </symbol>
      <symbol id="sm-2a7">
         <name>__lock</name>
         <value>0xc464</value>
         <object_component_ref idref="oc-4d"/>
      </symbol>
      <symbol id="sm-2a8">
         <name>__nop</name>
         <value>0xbd20</value>
         <object_component_ref idref="oc-ef"/>
      </symbol>
      <symbol id="sm-2d8">
         <name>__printfi</name>
         <value>0x3760</value>
         <object_component_ref idref="oc-117"/>
      </symbol>
      <symbol id="sm-2e2">
         <name>__args_main</name>
         <value>0xbc60</value>
         <object_component_ref idref="oc-ed"/>
      </symbol>
      <symbol id="sm-2e3">
         <name>__TI_args_main</name>
         <value>0x1</value>
      </symbol>
      <symbol id="sm-2ed">
         <name>_atoi</name>
         <value>0x9200</value>
         <object_component_ref idref="oc-127"/>
      </symbol>
      <symbol id="sm-2f7">
         <name>__auto_init</name>
         <value>0x9f40</value>
         <object_component_ref idref="oc-ec"/>
      </symbol>
      <symbol id="sm-301">
         <name>___TI_cpp_init</name>
         <value>0xb760</value>
         <object_component_ref idref="oc-fa"/>
      </symbol>
      <symbol id="sm-30b">
         <name>_copy_in</name>
         <value>0xb060</value>
         <object_component_ref idref="oc-f8"/>
      </symbol>
      <symbol id="sm-313">
         <name>__ctypes_</name>
         <value>0xd0e8</value>
         <object_component_ref idref="oc-12d"/>
      </symbol>
      <symbol id="sm-31d">
         <name>__tmpnams</name>
         <value>0xbfe0</value>
         <object_component_ref idref="oc-67"/>
      </symbol>
      <symbol id="sm-31e">
         <name>__ft_end</name>
         <value>0xc120</value>
         <object_component_ref idref="oc-67"/>
      </symbol>
      <symbol id="sm-31f">
         <name>__ftable</name>
         <value>0xbe00</value>
         <object_component_ref idref="oc-67"/>
      </symbol>
      <symbol id="sm-329">
         <name>__divd</name>
         <value>0x2340</value>
         <object_component_ref idref="oc-13f"/>
      </symbol>
      <symbol id="sm-331">
         <name>__c6xabi_divu</name>
         <value>0xafa0</value>
         <object_component_ref idref="oc-14a"/>
      </symbol>
      <symbol id="sm-332">
         <name>__divu</name>
         <value>0xafa0</value>
         <object_component_ref idref="oc-14a"/>
      </symbol>
      <symbol id="sm-33c">
         <name>__fixdli</name>
         <value>0xb320</value>
         <object_component_ref idref="oc-145"/>
      </symbol>
      <symbol id="sm-346">
         <name>__fltlid</name>
         <value>0xb7e0</value>
         <object_component_ref idref="oc-147"/>
      </symbol>
      <symbol id="sm-350">
         <name>_putc</name>
         <value>0x6e20</value>
         <object_component_ref idref="oc-11e"/>
      </symbol>
      <symbol id="sm-351">
         <name>_fputc</name>
         <value>0x6e20</value>
         <object_component_ref idref="oc-11e"/>
      </symbol>
      <symbol id="sm-35d">
         <name>_fputs</name>
         <value>0x3cc0</value>
         <object_component_ref idref="oc-11d"/>
      </symbol>
      <symbol id="sm-367">
         <name>__frcmpyd_div</name>
         <value>0x8f80</value>
         <object_component_ref idref="oc-149"/>
      </symbol>
      <symbol id="sm-375">
         <name>__divul</name>
         <value>0x70c0</value>
         <object_component_ref idref="oc-14b"/>
      </symbol>
      <symbol id="sm-376">
         <name>__remli</name>
         <value>0xb460</value>
         <object_component_ref idref="oc-14f"/>
      </symbol>
      <symbol id="sm-377">
         <name>__divli</name>
         <value>0xa140</value>
         <object_component_ref idref="oc-150"/>
      </symbol>
      <symbol id="sm-383">
         <name>__subcull</name>
         <value>0xbb00</value>
         <object_component_ref idref="oc-152"/>
      </symbol>
      <symbol id="sm-384">
         <name>__divull</name>
         <value>0x5220</value>
         <object_component_ref idref="oc-14c"/>
      </symbol>
      <symbol id="sm-38e">
         <name>___isinf</name>
         <value>0xba40</value>
         <object_component_ref idref="oc-12f"/>
      </symbol>
      <symbol id="sm-39a">
         <name>__llshl</name>
         <value>0xb860</value>
         <object_component_ref idref="oc-151"/>
      </symbol>
      <symbol id="sm-39b">
         <name>__llshru</name>
         <value>0xbaa0</value>
         <object_component_ref idref="oc-148"/>
      </symbol>
      <symbol id="sm-3b3">
         <name>_unlink</name>
         <value>0xb5a0</value>
         <object_component_ref idref="oc-153"/>
      </symbol>
      <symbol id="sm-3b4">
         <name>_lseek</name>
         <value>0xa340</value>
         <object_component_ref idref="oc-136"/>
      </symbol>
      <symbol id="sm-3b5">
         <name>_close</name>
         <value>0x9900</value>
         <object_component_ref idref="oc-14d"/>
      </symbol>
      <symbol id="sm-3b6">
         <name>_write</name>
         <value>0xa540</value>
         <object_component_ref idref="oc-125"/>
      </symbol>
      <symbol id="sm-3c0">
         <name>_ltoa</name>
         <value>0x9340</value>
         <object_component_ref idref="oc-146"/>
      </symbol>
      <symbol id="sm-3ca">
         <name>_memccpy</name>
         <value>0xb960</value>
         <object_component_ref idref="oc-12a"/>
      </symbol>
      <symbol id="sm-3d4">
         <name>_memset</name>
         <value>0x9a20</value>
         <object_component_ref idref="oc-126"/>
      </symbol>
      <symbol id="sm-3de">
         <name>__mpyll</name>
         <value>0xb3c0</value>
         <object_component_ref idref="oc-141"/>
      </symbol>
      <symbol id="sm-3e8">
         <name>__negll</name>
         <value>0xbd00</value>
         <object_component_ref idref="oc-134"/>
      </symbol>
      <symbol id="sm-400">
         <name>_HOSTopen</name>
         <value>0x9480</value>
         <object_component_ref idref="oc-f0"/>
      </symbol>
      <symbol id="sm-401">
         <name>_HOSTread</name>
         <value>0x8d00</value>
         <object_component_ref idref="oc-f2"/>
      </symbol>
      <symbol id="sm-402">
         <name>_HOSTrename</name>
         <value>0x79e0</value>
         <object_component_ref idref="oc-f6"/>
      </symbol>
      <symbol id="sm-403">
         <name>_HOSTwrite</name>
         <value>0x95a0</value>
         <object_component_ref idref="oc-f3"/>
      </symbol>
      <symbol id="sm-404">
         <name>_HOSTlseek</name>
         <value>0x8a40</value>
         <object_component_ref idref="oc-f4"/>
      </symbol>
      <symbol id="sm-405">
         <name>_HOSTunlink</name>
         <value>0x9c40</value>
         <object_component_ref idref="oc-f5"/>
      </symbol>
      <symbol id="sm-406">
         <name>_HOSTclose</name>
         <value>0x9b40</value>
         <object_component_ref idref="oc-f1"/>
      </symbol>
      <symbol id="sm-414">
         <name>C$$IO$$</name>
         <value>0xb6b8</value>
         <object_component_ref idref="oc-fd"/>
      </symbol>
      <symbol id="sm-415">
         <name>__CIOBUF_</name>
         <value>0xd28c</value>
         <object_component_ref idref="oc-a4"/>
      </symbol>
      <symbol id="sm-416">
         <name>_readmsg</name>
         <value>0xb500</value>
         <object_component_ref idref="oc-fe"/>
      </symbol>
      <symbol id="sm-417">
         <name>_writemsg</name>
         <value>0xb640</value>
         <object_component_ref idref="oc-fd"/>
      </symbol>
      <symbol id="sm-421">
         <name>__wrt_ok</name>
         <value>0x97e0</value>
         <object_component_ref idref="oc-123"/>
      </symbol>
      <symbol id="sm-432">
         <name>__doflush</name>
         <value>0xa720</value>
         <object_component_ref idref="oc-124"/>
      </symbol>
      <symbol id="sm-43c">
         <name>_fseek</name>
         <value>0x81e0</value>
         <object_component_ref idref="oc-12b"/>
      </symbol>
      <symbol id="sm-446">
         <name>_setvbuf</name>
         <value>0x68c0</value>
         <object_component_ref idref="oc-12c"/>
      </symbol>
      <symbol id="sm-454">
         <name>__cleanup</name>
         <value>0xa640</value>
         <object_component_ref idref="oc-139"/>
      </symbol>
      <symbol id="sm-46a">
         <name>__sys_memory</name>
         <value>0xcce8</value>
         <object_component_ref idref="oc-be"/>
      </symbol>
      <symbol id="sm-46b">
         <name>_free</name>
         <value>0x55a0</value>
         <object_component_ref idref="oc-137"/>
      </symbol>
      <symbol id="sm-46c">
         <name>_malloc</name>
         <value>0x7560</value>
         <object_component_ref idref="oc-138"/>
      </symbol>
      <symbol id="sm-476">
         <name>__closefile</name>
         <value>0x8ba0</value>
         <object_component_ref idref="oc-144"/>
      </symbol>
      <symbol id="sm-480">
         <name>_remove</name>
         <value>0xbda0</value>
         <object_component_ref idref="oc-14e"/>
      </symbol>
      <symbol id="sm-490">
         <name>_CSL6713_LIB_</name>
         <value>0xbca0</value>
         <object_component_ref idref="oc-ff"/>
      </symbol>
      <symbol id="sm-491">
         <name>__CSL_init</name>
         <value>0x7c00</value>
         <object_component_ref idref="oc-100"/>
      </symbol>
      <symbol id="sm-4ab">
         <name>_GPIO_open</name>
         <value>0xae20</value>
         <object_component_ref idref="oc-10a"/>
      </symbol>
      <symbol id="sm-4ac">
         <name>_GPIO_pinRead</name>
         <value>0xbba0</value>
         <object_component_ref idref="oc-10f"/>
      </symbol>
      <symbol id="sm-4ad">
         <name>_GPIO_pinEnable</name>
         <value>0xbb60</value>
         <object_component_ref idref="oc-10c"/>
      </symbol>
      <symbol id="sm-4ae">
         <name>__GPIO_intTable</name>
         <value>0xc41c</value>
         <object_component_ref idref="oc-cd"/>
      </symbol>
      <symbol id="sm-4af">
         <name>_GPIO_pinDirection</name>
         <value>0xb9e0</value>
         <object_component_ref idref="oc-10d"/>
      </symbol>
      <symbol id="sm-4b0">
         <name>__hGpioDev0</name>
         <value>0xc430</value>
         <object_component_ref idref="oc-cd"/>
      </symbol>
      <symbol id="sm-4b1">
         <name>_GPIO_reset</name>
         <value>0xaee0</value>
         <object_component_ref idref="oc-11a"/>
      </symbol>
      <symbol id="sm-4b2">
         <name>_GPIO_config</name>
         <value>0xb6e0</value>
         <object_component_ref idref="oc-10b"/>
      </symbol>
      <symbol id="sm-4b3">
         <name>_GPIO_pinWrite</name>
         <value>0xbbe0</value>
         <object_component_ref idref="oc-10e"/>
      </symbol>
      <symbol id="sm-4c5">
         <name>__IRQ_eventTable</name>
         <value>0xc268</value>
         <object_component_ref idref="oc-d3"/>
      </symbol>
      <symbol id="sm-4c6">
         <name>__IRQ_intTable</name>
         <value>0xc2ec</value>
         <object_component_ref idref="oc-d3"/>
      </symbol>
      <symbol id="sm-4c7">
         <name>__IRQ_init</name>
         <value>0xb280</value>
         <object_component_ref idref="oc-107"/>
      </symbol>
      <symbol id="sm-4c8">
         <name>__IRQ_dispatchTable</name>
         <value>0xc32c</value>
         <object_component_ref idref="oc-d3"/>
      </symbol>
      <symbol id="sm-4c9">
         <name>__IRQ_hookFetchPacket</name>
         <value>0xbdc0</value>
         <object_component_ref idref="oc-d1"/>
      </symbol>
      <symbol id="sm-4e1">
         <name>_MCBSP_reset</name>
         <value>0x8560</value>
         <object_component_ref idref="oc-110"/>
      </symbol>
      <symbol id="sm-4e2">
         <name>_MCBSP_read</name>
         <value>0xbcc0</value>
         <object_component_ref idref="oc-11c"/>
      </symbol>
      <symbol id="sm-4e3">
         <name>_MCBSP_open</name>
         <value>0x9d40</value>
         <object_component_ref idref="oc-102"/>
      </symbol>
      <symbol id="sm-4e4">
         <name>__MCBSP_hDev0</name>
         <value>0xc3b8</value>
         <object_component_ref idref="oc-d8"/>
      </symbol>
      <symbol id="sm-4e5">
         <name>__MCBSP_hDev1</name>
         <value>0xc3bc</value>
         <object_component_ref idref="oc-d8"/>
      </symbol>
      <symbol id="sm-4e6">
         <name>_MCBSP_start</name>
         <value>0x9e40</value>
         <object_component_ref idref="oc-104"/>
      </symbol>
      <symbol id="sm-4e7">
         <name>_MCBSP_config</name>
         <value>0xb1e0</value>
         <object_component_ref idref="oc-103"/>
      </symbol>
      <symbol id="sm-4e8">
         <name>_MCBSP_write</name>
         <value>0xbce0</value>
         <object_component_ref idref="oc-11b"/>
      </symbol>
      <symbol id="sm-4f8">
         <name>_TIMER_reset</name>
         <value>0x96c0</value>
         <object_component_ref idref="oc-119"/>
      </symbol>
      <symbol id="sm-4f9">
         <name>_TIMER_open</name>
         <value>0x8e40</value>
         <object_component_ref idref="oc-108"/>
      </symbol>
      <symbol id="sm-4fa">
         <name>__TIMER_hDev0</name>
         <value>0xc44c</value>
         <object_component_ref idref="oc-dd"/>
      </symbol>
      <symbol id="sm-4fb">
         <name>__TIMER_hDev1</name>
         <value>0xc450</value>
         <object_component_ref idref="oc-dd"/>
      </symbol>
      <symbol id="sm-4fc">
         <name>__TIMER_hBios</name>
         <value>0xc454</value>
         <object_component_ref idref="oc-dd"/>
      </symbol>
      <symbol id="sm-4fd">
         <name>__TIMER_deviceTable</name>
         <value>0xc434</value>
         <object_component_ref idref="oc-dd"/>
      </symbol>
      <symbol id="sm-50b">
         <name>_DSK6713_init</name>
         <value>0x41cc</value>
         <object_component_ref idref="oc-e1"/>
      </symbol>
      <symbol id="sm-50c">
         <name>_DSK6713_version</name>
         <value>0xc488</value>
         <object_component_ref idref="oc-e2"/>
      </symbol>
      <symbol id="sm-50d">
         <name>_DSK6713_rget</name>
         <value>0x44e8</value>
         <object_component_ref idref="oc-e1"/>
      </symbol>
      <symbol id="sm-50e">
         <name>_DSK6713_wait</name>
         <value>0x4510</value>
         <object_component_ref idref="oc-e1"/>
      </symbol>
      <symbol id="sm-50f">
         <name>_DSK6713_rset</name>
         <value>0x44fc</value>
         <object_component_ref idref="oc-e1"/>
      </symbol>
      <symbol id="sm-510">
         <name>_DSK6713_waitusec</name>
         <value>0x4568</value>
         <object_component_ref idref="oc-e1"/>
      </symbol>
      <symbol id="sm-511">
         <name>_DSK6713_getVersion</name>
         <value>0x4594</value>
         <object_component_ref idref="oc-e1"/>
      </symbol>
      <symbol id="sm-51d">
         <name>_DSK6713_LED_init</name>
         <value>0x8000</value>
         <object_component_ref idref="oc-e7"/>
      </symbol>
      <symbol id="sm-51e">
         <name>_DSK6713_LED_on</name>
         <value>0x80b0</value>
         <object_component_ref idref="oc-e7"/>
      </symbol>
      <symbol id="sm-51f">
         <name>_DSK6713_LED_toggle</name>
         <value>0x8120</value>
         <object_component_ref idref="oc-e7"/>
      </symbol>
      <symbol id="sm-520">
         <name>_DSK6713_LED_off</name>
         <value>0x8040</value>
         <object_component_ref idref="oc-e7"/>
      </symbol>
   </symbol_table>
</link_info>
