******************************************************************************
               TMS320C6x Linker PC v7.4.8                      
******************************************************************************
>> Linked Tue May 19 08:47:41 2015

OUTPUT FILE NAME:   <serial_loop.out>
ENTRY POINT SYMBOL: "_c_int00"  address: 0000b580


MEMORY CONFIGURATION

         name            origin    length      used     unused   attr    fill
----------------------  --------  ---------  --------  --------  ----  --------
  VECS                  00000000   00000200  00000200  00000000  RWIX
  IRAM                  00000200   0002fe00  0000cc6e  00023192  RWIX
  L2RAM                 00030000   00010000  00000000  00010000  RWIX
  EMIFCE0               80000000   10000000  00000000  10000000  RWIX
  EMIFCE1               90000000   10000000  00000000  10000000  RWIX
  EMIFCE2               a0000000   10000000  00000000  10000000  RWIX
  EMIFCE3               b0000000   10000000  00000000  10000000  RWIX


SECTION ALLOCATION MAP

 output                                  attributes/
section   page    origin      length       input sections
--------  ----  ----------  ----------   ----------------
vectors    0    00000000    00000200     
                  00000000    00000200     vectors.obj (vectors)

.pinit     0    00000200    00000000     UNINITIALIZED

.text      0    00000200    0000b860     
                  00000200    000015a0     cc1101.obj (.text)
                  000017a0    00000940     bitbang_spi.obj (.text)
                  000020e0    00000720     rts6700.lib : divd.obj (.text:__divd)
                  00002800    000006c0                 : _printfi.obj (.text:__getarg_diouxp)
                  00002ec0    00000640                 : _printfi.obj (.text:__setfield)
                  00003500    00000580     gpio.obj (.text)
                  00003a80    00000560     rts6700.lib : _printfi.obj (.text:__printfi)
                  00003fe0    000004c0                 : fputs.obj (.text:_fputs)
                  000044a0    00000480     dsk6713bsl.lib : dsk6713.obj (.text)
                  00004920    00000420     rts6700.lib : _printfi.obj (.text:_fcvt)
                  00004d40    00000400                 : _printfi.obj (.text:__pproc_fge)
                  00005140    00000400                 : _printfi.obj (.text:_ecvt)
                  00005540    00000380                 : imath64.obj (.text:__divull)
                  000058c0    00000380                 : memory.obj (.text:_free)
                  00005c40    00000360                 : _printfi.obj (.text:__pconv_e)
                  00005fa0    00000360                 : _printfi.obj (.text:__pproc_fwp)
                  00006300    00000300                 : _printfi.obj (.text:__pproc_diouxp)
                  00006600    000002c0                 : _printfi.obj (.text:__pproc_str)
                  000068c0    000002c0                 : setvbuf.obj (.text:_setvbuf)
                  00006b80    000002a0                 : _printfi.obj (.text:__pconv_g)
                  00006e20    000002a0                 : fputc.obj (.text:_fputc)
                  000070c0    00000260                 : imath40.obj (.text:__divul)
                  00007320    00000240                 : _printfi.obj (.text:__mcpy)
                  00007560    00000240                 : memory.obj (.text:_malloc)
                  000077a0    00000240                 : memcpy62.obj (.text:_memcpy)
                  000079e0    00000220                 : trgdrv.obj (.text:_HOSTrename)
                  00007c00    00000220     csl6713.lib : csl.obj (.text:__CSL_init)
                  00007e20    000001e0     rts6700.lib : lowlev.obj (.text:_getdevice)
                  00008000    000001e0     dsk6713bsl.lib : dsk6713_led.obj (.text)
                  000081e0    000001c0     rts6700.lib : fseek.obj (.text:_fseek)
                  000083a0    000001c0     csl6713.lib : csl_irq.obj (.text:_mux2Tables)
                  00008560    000001c0     serial_loop.obj (.text)
                  00008720    000001a0     rts6700.lib : _printfi.obj (.text:__ltostr)
                  000088c0    000001a0                 : _printfi.obj (.text:__pproc_fflags)
                  00008a60    00000160                 : trgdrv.obj (.text:_HOSTlseek)
                  00008bc0    00000160                 : fclose.obj (.text:__closefile)
                  00008d20    00000140                 : trgdrv.obj (.text:_HOSTread)
                  00008e60    00000140     csl6713.lib : csl_timer.obj (.text:_TIMER_open)
                  00008fa0    00000140     rts6700.lib : frcmpyd_div.obj (.text:__frcmpyd_div)
                  000090e0    00000140                 : strasg.obj (.text:__strasgi)
                  00009220    00000140                 : atoi.obj (.text:_atoi)
                  00009360    00000140                 : ltoa.obj (.text:_ltoa)
                  000094a0    00000120                 : trgdrv.obj (.text:_HOSTopen)
                  000095c0    00000120                 : trgdrv.obj (.text:_HOSTwrite)
                  000096e0    00000120     csl6713.lib : csl_timer.obj (.text:_TIMER_reset)
                  00009800    00000120     rts6700.lib : _io_perm.obj (.text:__wrt_ok)
                  00009920    00000120                 : lowlev.obj (.text:_close)
                  00009a40    00000120                 : memset.obj (.text:_memset)
                  00009b60    00000100                 : trgdrv.obj (.text:_HOSTclose)
                  00009c60    00000100                 : trgdrv.obj (.text:_HOSTunlink)
                  00009d60    00000100                 : autoinit.obj (.text:__auto_init)
                  00009e60    00000100                 : _printfi.obj (.text:__div)
                  00009f60    00000100                 : imath40.obj (.text:__divli)
                  0000a060    00000100                 : _printfi.obj (.text:__pconv_f)
                  0000a160    00000100                 : lowlev.obj (.text:_lseek)
                  0000a260    00000100                 : printf.obj (.text:_printf)
                  0000a360    00000100                 : lowlev.obj (.text:_write)
                  0000a460    000000e0                 : fopen.obj (.text:__cleanup)
                  0000a540    000000e0                 : fflush.obj (.text:__doflush)
                  0000a620    000000e0                 : _printfi.obj (.text:__ecpy)
                  0000a700    000000e0                 : _printfi.obj (.text:__fcpy)
                  0000a7e0    000000e0                 : strasg.obj (.text:__strasg)
                  0000a8c0    000000e0                 : exit.obj (.text:_exit)
                  0000a9a0    000000e0                 : memory.obj (.text:_minsert)
                  0000aa80    000000e0                 : memory.obj (.text:_mremove)
                  0000ab60    000000c0     csl6713.lib : csl_gpio.obj (.text:_GPIO_open)
                  0000ac20    000000c0                 : csl_gpio.obj (.text:_GPIO_reset)
                  0000ace0    000000c0     rts6700.lib : divu.obj (.text:__divu)
                  0000ada0    000000c0                 : cpy_tbl.obj (.text:_copy_in)
                  0000ae60    000000c0                 : lowlev.obj (.text:_finddevice)
                  0000af20    000000a0     csl6713.lib : csl_irq.obj (.text:__IRQ_init)
                  0000afc0    000000a0     rts6700.lib : fixdli.obj (.text:__fixdli)
                  0000b060    000000a0                 : mpyll.obj (.text:__mpyll)
                  0000b100    000000a0                 : imath40.obj (.text:__remli)
                  0000b1a0    000000a0                 : trgmsg.obj (.text:_readmsg)
                  0000b240    000000a0                 : lowlev.obj (.text:_unlink)
                  0000b2e0    000000a0                 : trgmsg.obj (.text:_writemsg)
                  0000b380    00000080     csl6713.lib : csl_gpio.obj (.text:_GPIO_config)
                  0000b400    00000080     rts6700.lib : cpp_init.obj (.text:___TI_cpp_init)
                  0000b480    00000080                 : fltlid.obj (.text:__fltlid)
                  0000b500    00000080                 : llshift.obj (.text:__llshl)
                  0000b580    00000080                 : boot.obj (.text:_c_int00)
                  0000b600    00000080                 : memccpy.obj (.text:_memccpy)
                  0000b680    00000060     csl6713.lib : csl_gpio.obj (.text:_GPIO_pinDirection)
                  0000b6e0    00000060     rts6700.lib : isinf.obj (.text:___isinf)
                  0000b740    00000060                 : llshift.obj (.text:__llshru)
                  0000b7a0    00000060                 : imath64.obj (.text:__subcull)
                  0000b800    00000040     csl6713.lib : csl_gpio.obj (.text:_GPIO_pinEnable)
                  0000b840    00000040                 : csl_gpio.obj (.text:_GPIO_pinRead)
                  0000b880    00000040                 : csl_gpio.obj (.text:_GPIO_pinWrite)
                  0000b8c0    00000040     rts6700.lib : _printfi.obj (.text:___isnan)
                  0000b900    00000040                 : args_main.obj (.text:__args_main)
                  0000b940    00000020     csl6713.lib : csl.obj (.text:_CSL6713_LIB_)
                  0000b960    00000020     rts6700.lib : negll.obj (.text:__negll)
                  0000b980    00000020                 : _lock.obj (.text:__nop)
                  0000b9a0    00000020                 : printf.obj (.text:__outc)
                  0000b9c0    00000020                 : printf.obj (.text:__outs)
                  0000b9e0    00000020                 : exit.obj (.text:_abort)
                  0000ba00    00000020                 : remove.obj (.text:_remove)
                  0000ba20    00000020     csl6713.lib : csl_irq.obj (.text)
                  0000ba40    00000020     serial_loop.obj (.text:retain)

.bss       0    00000200    00000000     UNINITIALIZED

.data      0    00000200    00000000     UNINITIALIZED

.far       0    0000ba60    000005e0     UNINITIALIZED
                  0000ba60    00000324     rts6700.lib : defs.obj (.far)
                  0000bd84    0000011c                 : lowlev.obj (.far)
                  0000bea0    000000f4     csl6713.lib : csl_irq.obj (.far)
                  0000bf94    00000028                 : csl.obj (.far)
                  0000bfbc    00000024                 : csl_gpio.obj (.far)
                  0000bfe0    00000024                 : csl_timer.obj (.far)
                  0000c004    0000000c     rts6700.lib : exit.obj (.far)
                  0000c010    00000008     gpio.obj (.far)
                  0000c018    00000008     rts6700.lib : _lock.obj (.far)
                  0000c020    00000008                 : memory.obj (.far)
                  0000c028    00000008                 : trgdrv.obj (.far)
                  0000c030    00000007     cc1101.obj (.far)
                  0000c037    00000001     --HOLE--
                  0000c038    00000004     rts6700.lib : fopen.obj (.far)
                  0000c03c    00000002     dsk6713bsl.lib : dsk6713.obj (.far)
                  0000c03e    00000002                    : dsk6713_led.obj (.far)

.stack     0    0000c040    00000400     UNINITIALIZED
                  0000c040    00000008     rts6700.lib : boot.obj (.stack)
                  0000c048    000003f8     --HOLE--

.sysmem    0    0000c440    00000400     UNINITIALIZED
                  0000c440    00000008     rts6700.lib : memory.obj (.sysmem)
                  0000c448    000003f8     --HOLE--

.cinit     0    0000c840    0000036c     
                  0000c840    0000012c     csl6713.lib : csl_irq.obj (.cinit)
                  0000c96c    00000004     --HOLE-- [fill = 0]
                  0000c970    0000005c     rts6700.lib : defs.obj (.cinit)
                  0000c9cc    00000004     --HOLE-- [fill = 0]
                  0000c9d0    0000005c                 : lowlev.obj (.cinit)
                  0000ca2c    00000004     --HOLE-- [fill = 0]
                  0000ca30    0000004c     csl6713.lib : csl_timer.obj (.cinit)
                  0000ca7c    00000004     --HOLE-- [fill = 0]
                  0000ca80    00000044                 : csl_gpio.obj (.cinit)
                  0000cac4    00000004     --HOLE-- [fill = 0]
                  0000cac8    0000003c                 : csl.obj (.cinit)
                  0000cb04    00000004     --HOLE-- [fill = 0]
                  0000cb08    0000002c     rts6700.lib : exit.obj (.cinit)
                  0000cb34    00000004     --HOLE-- [fill = 0]
                  0000cb38    0000002c                 : memory.obj (.cinit)
                  0000cb64    00000004     --HOLE-- [fill = 0]
                  0000cb68    0000001c                 : _lock.obj (.cinit)
                  0000cb84    00000004     --HOLE-- [fill = 0]
                  0000cb88    0000000c     gpio.obj (.cinit)
                  0000cb94    00000004     --HOLE-- [fill = 0]
                  0000cb98    0000000c     rts6700.lib : fopen.obj (.cinit)
                  0000cba4    00000004     --HOLE-- [fill = 0]
                  0000cba8    00000004     (.pad.cinit) [fill = 0]

.const     0    0000cbac    000001a2     
                  0000cbac    00000101     rts6700.lib : ctype.obj (.const:.string:__ctypes_)
                  0000ccad    00000002                 : fputs.obj (.const:.string)
                  0000ccaf    00000001     --HOLE-- [fill = 0]
                  0000ccb0    00000034     serial_loop.obj (.const:.string)
                  0000cce4    00000023     rts6700.lib : _printfi.obj (.const:.string)
                  0000cd07    00000001     --HOLE-- [fill = 0]
                  0000cd08    00000020     dsk6713bsl.lib : dsk6713.obj (.const)
                  0000cd28    0000001c     gpio.obj (.const)
                  0000cd44    00000008     cc1101.obj (.const:.string:_paTable)
                  0000cd4c    00000002     cc1101.obj (.const:.string:_$P$T0$1)

.cio       0    0000cd50    00000120     UNINITIALIZED
                  0000cd50    00000120     rts6700.lib : trgmsg.obj (.cio)


GLOBAL SYMBOLS: SORTED ALPHABETICALLY BY Name 

address    name
--------   ----
00000200   $bss
00000200   .bss
00000200   .data
00000200   .text
0000b9e0   C$$EXIT
0000b358   C$$IO$$
0000c030   _CC1101
0000051c   _CC1101_cmdStrobe
00000ed4   _CC1101_init
00000714   _CC1101_readBurstReg
00000604   _CC1101_readReg
000015a0   _CC1101_receiveData
0000087c   _CC1101_reset
0000126c   _CC1101_sendData
0000107c   _CC1101_setCarrierFreq
00001034   _CC1101_setChannel
00000a90   _CC1101_setDefaultRegs
00000fec   _CC1101_setDevAddress
00000f98   _CC1101_setSyncWord
00000200   _CC1101_wakeUp
000003b8   _CC1101_writeBurstReg
000002cc   _CC1101_writeReg
0000b940   _CSL6713_LIB_
00008000   _DSK6713_LED_init
00008040   _DSK6713_LED_off
000080b0   _DSK6713_LED_on
00008120   _DSK6713_LED_toggle
000048b4   _DSK6713_getVersion
000044ec   _DSK6713_init
00004808   _DSK6713_rget
0000481c   _DSK6713_rset
0000c03c   _DSK6713_version
00004830   _DSK6713_wait
00004888   _DSK6713_waitusec
0000b380   _GPIO_config
0000ab60   _GPIO_open
0000b680   _GPIO_pinDirection
0000b800   _GPIO_pinEnable
0000b840   _GPIO_pinRead
0000b880   _GPIO_pinWrite
0000ac20   _GPIO_reset
00009b60   _HOSTclose
00008a60   _HOSTlseek
000094a0   _HOSTopen
00008d20   _HOSTread
000079e0   _HOSTrename
00009c60   _HOSTunlink
000095c0   _HOSTwrite
00008e60   _TIMER_open
000096e0   _TIMER_reset
00003850   _ToggleDebugGPIO
0000cd50   __CIOBUF_
00007c00   __CSL_init
0000bfc8   __GPIO_intTable
0000bf8c   __IRQ_dispatchTable
0000bec8   __IRQ_eventTable
0000ba20   __IRQ_hookFetchPacket
0000af20   __IRQ_init
0000bf4c   __IRQ_intTable
0000c440   __STACK_END
00000400   __STACK_SIZE
00000400   __SYSMEM_SIZE
0000bfe0   __TIMER_deviceTable
0000c000   __TIMER_hBios
0000bff8   __TIMER_hDev0
0000bffc   __TIMER_hDev1
00000001   __TI_args_main
0000b400   ___TI_cpp_init
0000c00c   ___TI_enable_exit_profile_output
ffffffff   ___TI_pprof_out_hndl
ffffffff   ___TI_prof_data_size
ffffffff   ___TI_prof_data_start
ffffffff   ___binit__
00000200   ___bss__
ffffffff   ___c_args__
0000c840   ___cinit__
00000200   ___data__
00000200   ___edata__
00000200   ___end__
0000ba60   ___etext__
0000b6e0   ___isinf
ffffffff   ___pinit__
00000200   ___text__
0000b900   __args_main
00009d60   __auto_init
0000ace0   __c6xabi_divu
000090e0   __c6xabi_strasgi
0000a460   __cleanup
0000c004   __cleanup_ptr
00008bc0   __closefile
0000cbac   __ctypes_
000020e0   __divd
00009f60   __divli
0000ace0   __divu
000070c0   __divul
00005540   __divull
0000a540   __doflush
0000c008   __dtors_ptr
0000afc0   __fixdli
0000b480   __fltlid
00008fa0   __frcmpyd_div
0000bd80   __ft_end
0000ba60   __ftable
0000bfdc   __hGpioDev0
0000b500   __llshl
0000b740   __llshru
0000c018   __lock
0000b060   __mpyll
0000b960   __negll
0000b980   __nop
00003a80   __printfi
0000b100   __remli
0000c040   __stack
0000a7e0   __strasg
000090e0   __strasgi
0000b7a0   __subcull
0000c440   __sys_memory
0000bc40   __tmpnams
0000c01c   __unlock
00009800   __wrt_ok
0000b9e0   _abort
00009220   _atoi
0000b580   _c_int00
00003a18   _cc1101_Sel
00009920   _close
0000ada0   _copy_in
0000a8c0   _exit
00006e20   _fputc
00003fe0   _fputs
000058c0   _free
000081e0   _fseek
00003580   _gpioInit
0000374c   _gpioToggle
0000c010   _hGpio
0000c014   _led_prev
0000a160   _lseek
00009360   _ltoa
000085a8   _main
00007560   _malloc
0000b600   _memccpy
000077a0   _memcpy
00009a40   _memset
0000cd44   _paTable
0000a260   _printf
00006e20   _putc
0000b1a0   _readmsg
0000ba00   _remove
0000ba40   _serialPortRcvISR
000068c0   _setvbuf
00001f84   _spiReadData
00001d1c   _spiReadReg
00001a40   _spiWriteAddr
00001b98   _spiWriteData
000017a0   _spiWriteReg
00003500   _toggle_LED
0000b240   _unlink
0000a360   _write
0000b2e0   _writemsg
ffffffff   binit
0000c840   cinit
00000200   edata
00000200   end
0000ba60   etext
ffffffff   pinit


GLOBAL SYMBOLS: SORTED BY Symbol Address 

address    name
--------   ----
00000001   __TI_args_main
00000200   $bss
00000200   .bss
00000200   .data
00000200   .text
00000200   _CC1101_wakeUp
00000200   ___bss__
00000200   ___data__
00000200   ___edata__
00000200   ___end__
00000200   ___text__
00000200   edata
00000200   end
000002cc   _CC1101_writeReg
000003b8   _CC1101_writeBurstReg
00000400   __STACK_SIZE
00000400   __SYSMEM_SIZE
0000051c   _CC1101_cmdStrobe
00000604   _CC1101_readReg
00000714   _CC1101_readBurstReg
0000087c   _CC1101_reset
00000a90   _CC1101_setDefaultRegs
00000ed4   _CC1101_init
00000f98   _CC1101_setSyncWord
00000fec   _CC1101_setDevAddress
00001034   _CC1101_setChannel
0000107c   _CC1101_setCarrierFreq
0000126c   _CC1101_sendData
000015a0   _CC1101_receiveData
000017a0   _spiWriteReg
00001a40   _spiWriteAddr
00001b98   _spiWriteData
00001d1c   _spiReadReg
00001f84   _spiReadData
000020e0   __divd
00003500   _toggle_LED
00003580   _gpioInit
0000374c   _gpioToggle
00003850   _ToggleDebugGPIO
00003a18   _cc1101_Sel
00003a80   __printfi
00003fe0   _fputs
000044ec   _DSK6713_init
00004808   _DSK6713_rget
0000481c   _DSK6713_rset
00004830   _DSK6713_wait
00004888   _DSK6713_waitusec
000048b4   _DSK6713_getVersion
00005540   __divull
000058c0   _free
000068c0   _setvbuf
00006e20   _fputc
00006e20   _putc
000070c0   __divul
00007560   _malloc
000077a0   _memcpy
000079e0   _HOSTrename
00007c00   __CSL_init
00008000   _DSK6713_LED_init
00008040   _DSK6713_LED_off
000080b0   _DSK6713_LED_on
00008120   _DSK6713_LED_toggle
000081e0   _fseek
000085a8   _main
00008a60   _HOSTlseek
00008bc0   __closefile
00008d20   _HOSTread
00008e60   _TIMER_open
00008fa0   __frcmpyd_div
000090e0   __c6xabi_strasgi
000090e0   __strasgi
00009220   _atoi
00009360   _ltoa
000094a0   _HOSTopen
000095c0   _HOSTwrite
000096e0   _TIMER_reset
00009800   __wrt_ok
00009920   _close
00009a40   _memset
00009b60   _HOSTclose
00009c60   _HOSTunlink
00009d60   __auto_init
00009f60   __divli
0000a160   _lseek
0000a260   _printf
0000a360   _write
0000a460   __cleanup
0000a540   __doflush
0000a7e0   __strasg
0000a8c0   _exit
0000ab60   _GPIO_open
0000ac20   _GPIO_reset
0000ace0   __c6xabi_divu
0000ace0   __divu
0000ada0   _copy_in
0000af20   __IRQ_init
0000afc0   __fixdli
0000b060   __mpyll
0000b100   __remli
0000b1a0   _readmsg
0000b240   _unlink
0000b2e0   _writemsg
0000b358   C$$IO$$
0000b380   _GPIO_config
0000b400   ___TI_cpp_init
0000b480   __fltlid
0000b500   __llshl
0000b580   _c_int00
0000b600   _memccpy
0000b680   _GPIO_pinDirection
0000b6e0   ___isinf
0000b740   __llshru
0000b7a0   __subcull
0000b800   _GPIO_pinEnable
0000b840   _GPIO_pinRead
0000b880   _GPIO_pinWrite
0000b900   __args_main
0000b940   _CSL6713_LIB_
0000b960   __negll
0000b980   __nop
0000b9e0   C$$EXIT
0000b9e0   _abort
0000ba00   _remove
0000ba20   __IRQ_hookFetchPacket
0000ba40   _serialPortRcvISR
0000ba60   ___etext__
0000ba60   __ftable
0000ba60   etext
0000bc40   __tmpnams
0000bd80   __ft_end
0000bec8   __IRQ_eventTable
0000bf4c   __IRQ_intTable
0000bf8c   __IRQ_dispatchTable
0000bfc8   __GPIO_intTable
0000bfdc   __hGpioDev0
0000bfe0   __TIMER_deviceTable
0000bff8   __TIMER_hDev0
0000bffc   __TIMER_hDev1
0000c000   __TIMER_hBios
0000c004   __cleanup_ptr
0000c008   __dtors_ptr
0000c00c   ___TI_enable_exit_profile_output
0000c010   _hGpio
0000c014   _led_prev
0000c018   __lock
0000c01c   __unlock
0000c030   _CC1101
0000c03c   _DSK6713_version
0000c040   __stack
0000c440   __STACK_END
0000c440   __sys_memory
0000c840   ___cinit__
0000c840   cinit
0000cbac   __ctypes_
0000cd44   _paTable
0000cd50   __CIOBUF_
ffffffff   ___TI_pprof_out_hndl
ffffffff   ___TI_prof_data_size
ffffffff   ___TI_prof_data_start
ffffffff   ___binit__
ffffffff   ___c_args__
ffffffff   ___pinit__
ffffffff   binit
ffffffff   pinit

[164 symbols]
