******************************************************************************
               TMS320C6x Linker PC v7.4.8                      
******************************************************************************
>> Linked Mon May 18 11:16:19 2015

OUTPUT FILE NAME:   <serial_loop.out>
ENTRY POINT SYMBOL: "_c_int00"  address: 0000b8e0


MEMORY CONFIGURATION

         name            origin    length      used     unused   attr    fill
----------------------  --------  ---------  --------  --------  ----  --------
  VECS                  00000000   00000200  00000200  00000000  RWIX
  IRAM                  00000200   0002fe00  0000d1a2  00022c5e  RWIX
  L2RAM                 00030000   00010000  00000000  00010000  RWIX
  EMIFCE0               80000000   10000000  00000000  10000000  RWIX
  EMIFCE1               90000000   10000000  00000000  10000000  RWIX
  EMIFCE2               a0000000   10000000  00000000  10000000  RWIX
  EMIFCE3               b0000000   10000000  00000000  10000000  RWIX


SECTION ALLOCATION MAP

 output                                  attributes/
section   page    origin      length       input sections
--------  ----  ----------  ----------   ----------------
vectors    0    00000000    00000200     
                  00000000    00000200     vectors.obj (vectors)

.pinit     0    00000200    00000000     UNINITIALIZED

.text      0    00000200    0000bc00     
                  00000200    00001060     cc1101.obj (.text)
                  00001260    00000940     bitbang_spi.obj (.text)
                  00001ba0    000007a0     gpio.obj (.text)
                  00002340    00000720     rts6700.lib : divd.obj (.text:__divd)
                  00002a60    000006c0                 : _printfi.obj (.text:__getarg_diouxp)
                  00003120    00000640                 : _printfi.obj (.text:__setfield)
                  00003760    00000560                 : _printfi.obj (.text:__printfi)
                  00003cc0    000004c0                 : fputs.obj (.text:_fputs)
                  00004180    00000480     dsk6713bsl.lib : dsk6713.obj (.text)
                  00004600    00000420     rts6700.lib : _printfi.obj (.text:_fcvt)
                  00004a20    00000400                 : _printfi.obj (.text:__pproc_fge)
                  00004e20    00000400                 : _printfi.obj (.text:_ecvt)
                  00005220    00000380                 : imath64.obj (.text:__divull)
                  000055a0    00000380                 : memory.obj (.text:_free)
                  00005920    00000360                 : _printfi.obj (.text:__pconv_e)
                  00005c80    00000360                 : _printfi.obj (.text:__pproc_fwp)
                  00005fe0    00000320     serial_loop.obj (.text)
                  00006300    00000300     rts6700.lib : _printfi.obj (.text:__pproc_diouxp)
                  00006600    000002c0                 : _printfi.obj (.text:__pproc_str)
                  000068c0    000002c0                 : setvbuf.obj (.text:_setvbuf)
                  00006b80    000002a0                 : _printfi.obj (.text:__pconv_g)
                  00006e20    000002a0                 : fputc.obj (.text:_fputc)
                  000070c0    00000260                 : imath40.obj (.text:__divul)
                  00007320    00000240                 : _printfi.obj (.text:__mcpy)
                  00007560    00000240                 : memory.obj (.text:_malloc)
                  000077a0    00000240                 : memcpy62.obj (.text:_memcpy)
                  000079e0    00000220                 : trgdrv.obj (.text:_HOSTrename)
                  00007c00    00000220     csl6713.lib : csl.obj (.text:__CSL_init)
                  00007e20    000001e0     rts6700.lib : lowlev.obj (.text:_getdevice)
                  00008000    000001e0     dsk6713bsl.lib : dsk6713_led.obj (.text)
                  000081e0    000001c0     rts6700.lib : fseek.obj (.text:_fseek)
                  000083a0    000001c0     csl6713.lib : csl_irq.obj (.text:_mux2Tables)
                  00008560    000001a0                 : csl_mcbsp.obj (.text:_MCBSP_reset)
                  00008700    000001a0     rts6700.lib : _printfi.obj (.text:__ltostr)
                  000088a0    000001a0                 : _printfi.obj (.text:__pproc_fflags)
                  00008a40    00000160                 : trgdrv.obj (.text:_HOSTlseek)
                  00008ba0    00000160                 : fclose.obj (.text:__closefile)
                  00008d00    00000140                 : trgdrv.obj (.text:_HOSTread)
                  00008e40    00000140     csl6713.lib : csl_timer.obj (.text:_TIMER_open)
                  00008f80    00000140     rts6700.lib : frcmpyd_div.obj (.text:__frcmpyd_div)
                  000090c0    00000140                 : strasg.obj (.text:__strasgi)
                  00009200    00000140                 : atoi.obj (.text:_atoi)
                  00009340    00000140                 : ltoa.obj (.text:_ltoa)
                  00009480    00000120                 : trgdrv.obj (.text:_HOSTopen)
                  000095a0    00000120                 : trgdrv.obj (.text:_HOSTwrite)
                  000096c0    00000120     csl6713.lib : csl_timer.obj (.text:_TIMER_reset)
                  000097e0    00000120     rts6700.lib : _io_perm.obj (.text:__wrt_ok)
                  00009900    00000120                 : lowlev.obj (.text:_close)
                  00009a20    00000120                 : memset.obj (.text:_memset)
                  00009b40    00000100                 : trgdrv.obj (.text:_HOSTclose)
                  00009c40    00000100                 : trgdrv.obj (.text:_HOSTunlink)
                  00009d40    00000100     csl6713.lib : csl_mcbsp.obj (.text:_MCBSP_open)
                  00009e40    00000100                 : csl_mcbsp.obj (.text:_MCBSP_start)
                  00009f40    00000100     rts6700.lib : autoinit.obj (.text:__auto_init)
                  0000a040    00000100                 : _printfi.obj (.text:__div)
                  0000a140    00000100                 : imath40.obj (.text:__divli)
                  0000a240    00000100                 : _printfi.obj (.text:__pconv_f)
                  0000a340    00000100                 : lowlev.obj (.text:_lseek)
                  0000a440    00000100                 : printf.obj (.text:_printf)
                  0000a540    00000100                 : lowlev.obj (.text:_write)
                  0000a640    000000e0                 : fopen.obj (.text:__cleanup)
                  0000a720    000000e0                 : fflush.obj (.text:__doflush)
                  0000a800    000000e0                 : _printfi.obj (.text:__ecpy)
                  0000a8e0    000000e0                 : _printfi.obj (.text:__fcpy)
                  0000a9c0    000000e0                 : strasg.obj (.text:__strasg)
                  0000aaa0    000000e0                 : exit.obj (.text:_exit)
                  0000ab80    000000e0                 : memory.obj (.text:_minsert)
                  0000ac60    000000e0                 : memory.obj (.text:_mremove)
                  0000ad40    000000e0     spi.obj (.text)
                  0000ae20    000000c0     csl6713.lib : csl_gpio.obj (.text:_GPIO_open)
                  0000aee0    000000c0                 : csl_gpio.obj (.text:_GPIO_reset)
                  0000afa0    000000c0     rts6700.lib : divu.obj (.text:__divu)
                  0000b060    000000c0                 : cpy_tbl.obj (.text:_copy_in)
                  0000b120    000000c0                 : lowlev.obj (.text:_finddevice)
                  0000b1e0    000000a0     csl6713.lib : csl_mcbsp.obj (.text:_MCBSP_config)
                  0000b280    000000a0                 : csl_irq.obj (.text:__IRQ_init)
                  0000b320    000000a0     rts6700.lib : fixdli.obj (.text:__fixdli)
                  0000b3c0    000000a0                 : mpyll.obj (.text:__mpyll)
                  0000b460    000000a0                 : imath40.obj (.text:__remli)
                  0000b500    000000a0                 : trgmsg.obj (.text:_readmsg)
                  0000b5a0    000000a0                 : lowlev.obj (.text:_unlink)
                  0000b640    000000a0                 : trgmsg.obj (.text:_writemsg)
                  0000b6e0    00000080     csl6713.lib : csl_gpio.obj (.text:_GPIO_config)
                  0000b760    00000080     rts6700.lib : cpp_init.obj (.text:___TI_cpp_init)
                  0000b7e0    00000080                 : fltlid.obj (.text:__fltlid)
                  0000b860    00000080                 : llshift.obj (.text:__llshl)
                  0000b8e0    00000080                 : boot.obj (.text:_c_int00)
                  0000b960    00000080                 : memccpy.obj (.text:_memccpy)
                  0000b9e0    00000060     csl6713.lib : csl_gpio.obj (.text:_GPIO_pinDirection)
                  0000ba40    00000060     rts6700.lib : isinf.obj (.text:___isinf)
                  0000baa0    00000060                 : llshift.obj (.text:__llshru)
                  0000bb00    00000060                 : imath64.obj (.text:__subcull)
                  0000bb60    00000040     csl6713.lib : csl_gpio.obj (.text:_GPIO_pinEnable)
                  0000bba0    00000040                 : csl_gpio.obj (.text:_GPIO_pinRead)
                  0000bbe0    00000040                 : csl_gpio.obj (.text:_GPIO_pinWrite)
                  0000bc20    00000040     rts6700.lib : _printfi.obj (.text:___isnan)
                  0000bc60    00000040                 : args_main.obj (.text:__args_main)
                  0000bca0    00000020     csl6713.lib : csl.obj (.text:_CSL6713_LIB_)
                  0000bcc0    00000020                 : csl_mcbsp.obj (.text:_MCBSP_read)
                  0000bce0    00000020                 : csl_mcbsp.obj (.text:_MCBSP_write)
                  0000bd00    00000020     rts6700.lib : negll.obj (.text:__negll)
                  0000bd20    00000020                 : _lock.obj (.text:__nop)
                  0000bd40    00000020                 : printf.obj (.text:__outc)
                  0000bd60    00000020                 : printf.obj (.text:__outs)
                  0000bd80    00000020                 : exit.obj (.text:_abort)
                  0000bda0    00000020                 : remove.obj (.text:_remove)
                  0000bdc0    00000020     csl6713.lib : csl_irq.obj (.text)
                  0000bde0    00000020     serial_loop.obj (.text:retain)

.bss       0    00000200    00000000     UNINITIALIZED

.data      0    00000200    00000000     UNINITIALIZED

.far       0    0000be00    0000068c     UNINITIALIZED
                  0000be00    00000324     rts6700.lib : defs.obj (.far)
                  0000c124    0000011c                 : lowlev.obj (.far)
                  0000c240    000000f4     csl6713.lib : csl_irq.obj (.far)
                  0000c334    00000054     gpio.obj (.far)
                  0000c388    00000038     csl6713.lib : csl_mcbsp.obj (.far)
                  0000c3c0    00000028                 : csl.obj (.far)
                  0000c3e8    00000028     serial_loop.obj (.far)
                  0000c410    00000024     csl6713.lib : csl_gpio.obj (.far)
                  0000c434    00000024                 : csl_timer.obj (.far)
                  0000c458    0000000c     rts6700.lib : exit.obj (.far)
                  0000c464    00000008                 : _lock.obj (.far)
                  0000c46c    00000008                 : memory.obj (.far)
                  0000c474    00000008                 : trgdrv.obj (.far)
                  0000c47c    00000007     cc1101.obj (.far)
                  0000c483    00000001     --HOLE--
                  0000c484    00000004     rts6700.lib : fopen.obj (.far)
                  0000c488    00000002     dsk6713bsl.lib : dsk6713.obj (.far)
                  0000c48a    00000002                    : dsk6713_led.obj (.far)

.cinit     0    0000c490    00000454     
                  0000c490    0000012c     csl6713.lib : csl_irq.obj (.cinit)
                  0000c5bc    00000004     --HOLE-- [fill = 0]
                  0000c5c0    00000064     gpio.obj (.cinit)
                  0000c624    00000004     --HOLE-- [fill = 0]
                  0000c628    0000005c     rts6700.lib : defs.obj (.cinit)
                  0000c684    00000004     --HOLE-- [fill = 0]
                  0000c688    0000005c                 : lowlev.obj (.cinit)
                  0000c6e4    00000004     --HOLE-- [fill = 0]
                  0000c6e8    00000054     csl6713.lib : csl_mcbsp.obj (.cinit)
                  0000c73c    00000004     --HOLE-- [fill = 0]
                  0000c740    0000004c                 : csl_timer.obj (.cinit)
                  0000c78c    00000004     --HOLE-- [fill = 0]
                  0000c790    00000044                 : csl_gpio.obj (.cinit)
                  0000c7d4    00000004     --HOLE-- [fill = 0]
                  0000c7d8    0000003c                 : csl.obj (.cinit)
                  0000c814    00000004     --HOLE-- [fill = 0]
                  0000c818    00000038     serial_loop.obj (.cinit)
                  0000c850    0000002c     rts6700.lib : exit.obj (.cinit)
                  0000c87c    00000004     --HOLE-- [fill = 0]
                  0000c880    0000002c                 : memory.obj (.cinit)
                  0000c8ac    00000004     --HOLE-- [fill = 0]
                  0000c8b0    0000001c                 : _lock.obj (.cinit)
                  0000c8cc    00000004     --HOLE-- [fill = 0]
                  0000c8d0    0000000c                 : fopen.obj (.cinit)
                  0000c8dc    00000004     --HOLE-- [fill = 0]
                  0000c8e0    00000004     (.pad.cinit) [fill = 0]

.stack     0    0000c8e8    00000400     UNINITIALIZED
                  0000c8e8    00000008     rts6700.lib : boot.obj (.stack)
                  0000c8f0    000003f8     --HOLE--

.sysmem    0    0000cce8    00000400     UNINITIALIZED
                  0000cce8    00000008     rts6700.lib : memory.obj (.sysmem)
                  0000ccf0    000003f8     --HOLE--

.const     0    0000d0e8    000001a2     
                  0000d0e8    00000101     rts6700.lib : ctype.obj (.const:.string:__ctypes_)
                  0000d1e9    00000002                 : fputs.obj (.const:.string)
                  0000d1eb    00000001     --HOLE-- [fill = 0]
                  0000d1ec    00000034     serial_loop.obj (.const:.string)
                  0000d220    00000023     rts6700.lib : _printfi.obj (.const:.string)
                  0000d243    00000001     --HOLE-- [fill = 0]
                  0000d244    00000020     dsk6713bsl.lib : dsk6713.obj (.const)
                  0000d264    0000001c     gpio.obj (.const)
                  0000d280    00000008     cc1101.obj (.const:.string:_paTable)
                  0000d288    00000002     cc1101.obj (.const:.string:_$P$T0$1)

.cio       0    0000d28c    00000120     UNINITIALIZED
                  0000d28c    00000120     rts6700.lib : trgmsg.obj (.cio)


GLOBAL SYMBOLS: SORTED ALPHABETICALLY BY Name 

address    name
--------   ----
00000200   $bss
00000200   .bss
00000200   .data
00000200   .text
0000bd80   C$$EXIT
0000b6b8   C$$IO$$
0000c47c   _CC1101
0000adf4   _CC1101_GD0_status_huh
0000adfc   _CC1101_GD1_status_huh
00000344   _CC1101_cmdStrobe
00000a30   _CC1101_init
00000424   _CC1101_readBurstReg
000003a4   _CC1101_readReg
0000105c   _CC1101_receiveData
00000504   _CC1101_reset
00000dd4   _CC1101_sendData
00000be4   _CC1101_setCarrierFreq
00000b9c   _CC1101_setChannel
000005ec   _CC1101_setDefaultRegs
00000b54   _CC1101_setDevAddress
00000b00   _CC1101_setSyncWord
00000264   _CC1101_writeBurstReg
00000200   _CC1101_writeReg
00006028   _CPLD_ReadMisc
00006060   _CPLD_WriteMisc
0000bca0   _CSL6713_LIB_
00008000   _DSK6713_LED_init
00008040   _DSK6713_LED_off
000080b0   _DSK6713_LED_on
00008120   _DSK6713_LED_toggle
00004594   _DSK6713_getVersion
000041cc   _DSK6713_init
000044e8   _DSK6713_rget
000044fc   _DSK6713_rset
0000c488   _DSK6713_version
00004510   _DSK6713_wait
00004568   _DSK6713_waitusec
0000b6e0   _GPIO_config
0000ae20   _GPIO_open
0000b9e0   _GPIO_pinDirection
0000bb60   _GPIO_pinEnable
0000bba0   _GPIO_pinRead
0000bbe0   _GPIO_pinWrite
0000aee0   _GPIO_reset
00009b40   _HOSTclose
00008a40   _HOSTlseek
00009480   _HOSTopen
00008d00   _HOSTread
000079e0   _HOSTrename
00009c40   _HOSTunlink
000095a0   _HOSTwrite
0000b1e0   _MCBSP_config
00009d40   _MCBSP_open
0000bcc0   _MCBSP_read
00008560   _MCBSP_reset
00009e40   _MCBSP_start
0000bce0   _MCBSP_write
0000ade4   _Radio_Select_bb
0000adec   _Radio_UnSelect_bb
00008e40   _TIMER_open
000096c0   _TIMER_reset
00001f28   _ToggleDebugGPIO
0000d28c   __CIOBUF_
00007c00   __CSL_init
0000c41c   __GPIO_intTable
0000c32c   __IRQ_dispatchTable
0000c268   __IRQ_eventTable
0000bdc0   __IRQ_hookFetchPacket
0000b280   __IRQ_init
0000c2ec   __IRQ_intTable
0000c3b8   __MCBSP_hDev0
0000c3bc   __MCBSP_hDev1
0000cce8   __STACK_END
00000400   __STACK_SIZE
00000400   __SYSMEM_SIZE
0000c434   __TIMER_deviceTable
0000c454   __TIMER_hBios
0000c44c   __TIMER_hDev0
0000c450   __TIMER_hDev1
00000001   __TI_args_main
0000b760   ___TI_cpp_init
0000c460   ___TI_enable_exit_profile_output
ffffffff   ___TI_pprof_out_hndl
ffffffff   ___TI_prof_data_size
ffffffff   ___TI_prof_data_start
ffffffff   ___binit__
00000200   ___bss__
ffffffff   ___c_args__
0000c490   ___cinit__
00000200   ___data__
00000200   ___edata__
00000200   ___end__
0000be00   ___etext__
0000ba40   ___isinf
ffffffff   ___pinit__
00000200   ___text__
0000bc60   __args_main
00009f40   __auto_init
0000afa0   __c6xabi_divu
000090c0   __c6xabi_strasgi
0000a640   __cleanup
0000c458   __cleanup_ptr
00008ba0   __closefile
0000d0e8   __ctypes_
00002340   __divd
0000a140   __divli
0000afa0   __divu
000070c0   __divul
00005220   __divull
0000a720   __doflush
0000c45c   __dtors_ptr
0000b320   __fixdli
0000b7e0   __fltlid
00008f80   __frcmpyd_div
0000c120   __ft_end
0000be00   __ftable
0000c430   __hGpioDev0
0000b860   __llshl
0000baa0   __llshru
0000c464   __lock
0000b3c0   __mpyll
0000bd00   __negll
0000bd20   __nop
00003760   __printfi
0000b460   __remli
0000c8e8   __stack
0000a9c0   __strasg
000090c0   __strasgi
0000bb00   __subcull
0000cce8   __sys_memory
0000bfe0   __tmpnams
0000c468   __unlock
000097e0   __wrt_ok
0000bd80   _abort
00009200   _atoi
0000b8e0   _c_int00
00002178   _cc1101_Deselect
000020ec   _cc1101_Sel
0000213c   _cc1101_Select
00009900   _close
0000c338   _config
0000b060   _copy_in
0000aaa0   _exit
00006e20   _fputc
00003cc0   _fputs
000055a0   _free
000081e0   _fseek
00001c20   _gpioInit
00001e10   _gpioToggle
0000c368   _gpio_config
0000c364   _gpio_handle
0000c334   _hCodec
0000c360   _hGpio
0000c40c   _hMcbsp
0000c384   _led_prev
0000a340   _lseek
00009340   _ltoa
0000609c   _main
00007560   _malloc
0000b960   _memccpy
000077a0   _memcpy
00009a20   _memset
0000c3e8   _pCPLD
0000d280   _paTable
0000a440   _printf
00006e20   _putc
0000b500   _readmsg
0000bda0   _remove
0000bde0   _serialPortRcvISR
000068c0   _setvbuf
00001a44   _spiReadData
000017dc   _spiReadReg
00001500   _spiWriteAddr
00001658   _spiWriteData
00001260   _spiWriteReg
0000adc0   _spi_bb_init
0000ad40   _spi_init
0000addc   _spi_read_bb
0000adc8   _spi_read_write_bb
0000ad48   _spi_send
00001ba0   _toggle_LED
0000b5a0   _unlink
00002238   _wait_GDO0_high
000022b8   _wait_GDO0_low
000021b4   _wait_Miso
0000a540   _write
0000b640   _writemsg
ffffffff   binit
0000c490   cinit
00000200   edata
00000200   end
0000be00   etext
ffffffff   pinit


GLOBAL SYMBOLS: SORTED BY Symbol Address 

address    name
--------   ----
00000001   __TI_args_main
00000200   $bss
00000200   .bss
00000200   .data
00000200   .text
00000200   _CC1101_writeReg
00000200   ___bss__
00000200   ___data__
00000200   ___edata__
00000200   ___end__
00000200   ___text__
00000200   edata
00000200   end
00000264   _CC1101_writeBurstReg
00000344   _CC1101_cmdStrobe
000003a4   _CC1101_readReg
00000400   __STACK_SIZE
00000400   __SYSMEM_SIZE
00000424   _CC1101_readBurstReg
00000504   _CC1101_reset
000005ec   _CC1101_setDefaultRegs
00000a30   _CC1101_init
00000b00   _CC1101_setSyncWord
00000b54   _CC1101_setDevAddress
00000b9c   _CC1101_setChannel
00000be4   _CC1101_setCarrierFreq
00000dd4   _CC1101_sendData
0000105c   _CC1101_receiveData
00001260   _spiWriteReg
00001500   _spiWriteAddr
00001658   _spiWriteData
000017dc   _spiReadReg
00001a44   _spiReadData
00001ba0   _toggle_LED
00001c20   _gpioInit
00001e10   _gpioToggle
00001f28   _ToggleDebugGPIO
000020ec   _cc1101_Sel
0000213c   _cc1101_Select
00002178   _cc1101_Deselect
000021b4   _wait_Miso
00002238   _wait_GDO0_high
000022b8   _wait_GDO0_low
00002340   __divd
00003760   __printfi
00003cc0   _fputs
000041cc   _DSK6713_init
000044e8   _DSK6713_rget
000044fc   _DSK6713_rset
00004510   _DSK6713_wait
00004568   _DSK6713_waitusec
00004594   _DSK6713_getVersion
00005220   __divull
000055a0   _free
00006028   _CPLD_ReadMisc
00006060   _CPLD_WriteMisc
0000609c   _main
000068c0   _setvbuf
00006e20   _fputc
00006e20   _putc
000070c0   __divul
00007560   _malloc
000077a0   _memcpy
000079e0   _HOSTrename
00007c00   __CSL_init
00008000   _DSK6713_LED_init
00008040   _DSK6713_LED_off
000080b0   _DSK6713_LED_on
00008120   _DSK6713_LED_toggle
000081e0   _fseek
00008560   _MCBSP_reset
00008a40   _HOSTlseek
00008ba0   __closefile
00008d00   _HOSTread
00008e40   _TIMER_open
00008f80   __frcmpyd_div
000090c0   __c6xabi_strasgi
000090c0   __strasgi
00009200   _atoi
00009340   _ltoa
00009480   _HOSTopen
000095a0   _HOSTwrite
000096c0   _TIMER_reset
000097e0   __wrt_ok
00009900   _close
00009a20   _memset
00009b40   _HOSTclose
00009c40   _HOSTunlink
00009d40   _MCBSP_open
00009e40   _MCBSP_start
00009f40   __auto_init
0000a140   __divli
0000a340   _lseek
0000a440   _printf
0000a540   _write
0000a640   __cleanup
0000a720   __doflush
0000a9c0   __strasg
0000aaa0   _exit
0000ad40   _spi_init
0000ad48   _spi_send
0000adc0   _spi_bb_init
0000adc8   _spi_read_write_bb
0000addc   _spi_read_bb
0000ade4   _Radio_Select_bb
0000adec   _Radio_UnSelect_bb
0000adf4   _CC1101_GD0_status_huh
0000adfc   _CC1101_GD1_status_huh
0000ae20   _GPIO_open
0000aee0   _GPIO_reset
0000afa0   __c6xabi_divu
0000afa0   __divu
0000b060   _copy_in
0000b1e0   _MCBSP_config
0000b280   __IRQ_init
0000b320   __fixdli
0000b3c0   __mpyll
0000b460   __remli
0000b500   _readmsg
0000b5a0   _unlink
0000b640   _writemsg
0000b6b8   C$$IO$$
0000b6e0   _GPIO_config
0000b760   ___TI_cpp_init
0000b7e0   __fltlid
0000b860   __llshl
0000b8e0   _c_int00
0000b960   _memccpy
0000b9e0   _GPIO_pinDirection
0000ba40   ___isinf
0000baa0   __llshru
0000bb00   __subcull
0000bb60   _GPIO_pinEnable
0000bba0   _GPIO_pinRead
0000bbe0   _GPIO_pinWrite
0000bc60   __args_main
0000bca0   _CSL6713_LIB_
0000bcc0   _MCBSP_read
0000bce0   _MCBSP_write
0000bd00   __negll
0000bd20   __nop
0000bd80   C$$EXIT
0000bd80   _abort
0000bda0   _remove
0000bdc0   __IRQ_hookFetchPacket
0000bde0   _serialPortRcvISR
0000be00   ___etext__
0000be00   __ftable
0000be00   etext
0000bfe0   __tmpnams
0000c120   __ft_end
0000c268   __IRQ_eventTable
0000c2ec   __IRQ_intTable
0000c32c   __IRQ_dispatchTable
0000c334   _hCodec
0000c338   _config
0000c360   _hGpio
0000c364   _gpio_handle
0000c368   _gpio_config
0000c384   _led_prev
0000c3b8   __MCBSP_hDev0
0000c3bc   __MCBSP_hDev1
0000c3e8   _pCPLD
0000c40c   _hMcbsp
0000c41c   __GPIO_intTable
0000c430   __hGpioDev0
0000c434   __TIMER_deviceTable
0000c44c   __TIMER_hDev0
0000c450   __TIMER_hDev1
0000c454   __TIMER_hBios
0000c458   __cleanup_ptr
0000c45c   __dtors_ptr
0000c460   ___TI_enable_exit_profile_output
0000c464   __lock
0000c468   __unlock
0000c47c   _CC1101
0000c488   _DSK6713_version
0000c490   ___cinit__
0000c490   cinit
0000c8e8   __stack
0000cce8   __STACK_END
0000cce8   __sys_memory
0000d0e8   __ctypes_
0000d280   _paTable
0000d28c   __CIOBUF_
ffffffff   ___TI_pprof_out_hndl
ffffffff   ___TI_prof_data_size
ffffffff   ___TI_prof_data_start
ffffffff   ___binit__
ffffffff   ___c_args__
ffffffff   ___pinit__
ffffffff   binit
ffffffff   pinit

[193 symbols]
