<?xml version="1.0"?>
<link_info>
   <banner>TMS320C6x Linker PC v7.4.8</banner>
   <copyright>Copyright (c) 1996-2014 Texas Instruments Incorporated</copyright>
   <link_time>0x555b30ed</link_time>
   <output_file>serial_loop.out</output_file>
   <entry_point>
      <name>_c_int00</name>
      <address>0xb580</address>
   </entry_point>
   <input_file_list>
      <input_file id="fl-2">
         <path>.\</path>
         <kind>object</kind>
         <file>bitbang_spi.obj</file>
         <name>bitbang_spi.obj</name>
      </input_file>
      <input_file id="fl-3">
         <path>.\</path>
         <kind>object</kind>
         <file>cc1101.obj</file>
         <name>cc1101.obj</name>
      </input_file>
      <input_file id="fl-4">
         <path>.\</path>
         <kind>object</kind>
         <file>gpio.obj</file>
         <name>gpio.obj</name>
      </input_file>
      <input_file id="fl-5">
         <path>.\</path>
         <kind>object</kind>
         <file>serial_loop.obj</file>
         <name>serial_loop.obj</name>
      </input_file>
      <input_file id="fl-6">
         <path>.\</path>
         <kind>object</kind>
         <file>vectors.obj</file>
         <name>vectors.obj</name>
      </input_file>
      <input_file id="fl-83">
         <path>C:\TI_DSK\ccsv6\tools\compiler\c6000_7.4.8\lib\</path>
         <kind>archive</kind>
         <file>rts6700.lib</file>
         <name>boot.obj</name>
      </input_file>
      <input_file id="fl-84">
         <path>C:\TI_DSK\ccsv6\tools\compiler\c6000_7.4.8\lib\</path>
         <kind>archive</kind>
         <file>rts6700.lib</file>
         <name>exit.obj</name>
      </input_file>
      <input_file id="fl-85">
         <path>C:\TI_DSK\ccsv6\tools\compiler\c6000_7.4.8\lib\</path>
         <kind>archive</kind>
         <file>rts6700.lib</file>
         <name>memcpy62.obj</name>
      </input_file>
      <input_file id="fl-86">
         <path>C:\TI_DSK\ccsv6\tools\compiler\c6000_7.4.8\lib\</path>
         <kind>archive</kind>
         <file>rts6700.lib</file>
         <name>printf.obj</name>
      </input_file>
      <input_file id="fl-87">
         <path>C:\TI_DSK\ccsv6\tools\compiler\c6000_7.4.8\lib\</path>
         <kind>archive</kind>
         <file>rts6700.lib</file>
         <name>strasg.obj</name>
      </input_file>
      <input_file id="fl-88">
         <path>C:\TI_DSK\ccsv6\tools\compiler\c6000_7.4.8\lib\</path>
         <kind>archive</kind>
         <file>rts6700.lib</file>
         <name>_lock.obj</name>
      </input_file>
      <input_file id="fl-89">
         <path>C:\TI_DSK\ccsv6\tools\compiler\c6000_7.4.8\lib\</path>
         <kind>archive</kind>
         <file>rts6700.lib</file>
         <name>_printfi.obj</name>
      </input_file>
      <input_file id="fl-8a">
         <path>C:\TI_DSK\ccsv6\tools\compiler\c6000_7.4.8\lib\</path>
         <kind>archive</kind>
         <file>rts6700.lib</file>
         <name>args_main.obj</name>
      </input_file>
      <input_file id="fl-8b">
         <path>C:\TI_DSK\ccsv6\tools\compiler\c6000_7.4.8\lib\</path>
         <kind>archive</kind>
         <file>rts6700.lib</file>
         <name>atoi.obj</name>
      </input_file>
      <input_file id="fl-8c">
         <path>C:\TI_DSK\ccsv6\tools\compiler\c6000_7.4.8\lib\</path>
         <kind>archive</kind>
         <file>rts6700.lib</file>
         <name>autoinit.obj</name>
      </input_file>
      <input_file id="fl-8d">
         <path>C:\TI_DSK\ccsv6\tools\compiler\c6000_7.4.8\lib\</path>
         <kind>archive</kind>
         <file>rts6700.lib</file>
         <name>cpp_init.obj</name>
      </input_file>
      <input_file id="fl-8e">
         <path>C:\TI_DSK\ccsv6\tools\compiler\c6000_7.4.8\lib\</path>
         <kind>archive</kind>
         <file>rts6700.lib</file>
         <name>cpy_tbl.obj</name>
      </input_file>
      <input_file id="fl-8f">
         <path>C:\TI_DSK\ccsv6\tools\compiler\c6000_7.4.8\lib\</path>
         <kind>archive</kind>
         <file>rts6700.lib</file>
         <name>ctype.obj</name>
      </input_file>
      <input_file id="fl-90">
         <path>C:\TI_DSK\ccsv6\tools\compiler\c6000_7.4.8\lib\</path>
         <kind>archive</kind>
         <file>rts6700.lib</file>
         <name>defs.obj</name>
      </input_file>
      <input_file id="fl-91">
         <path>C:\TI_DSK\ccsv6\tools\compiler\c6000_7.4.8\lib\</path>
         <kind>archive</kind>
         <file>rts6700.lib</file>
         <name>divd.obj</name>
      </input_file>
      <input_file id="fl-92">
         <path>C:\TI_DSK\ccsv6\tools\compiler\c6000_7.4.8\lib\</path>
         <kind>archive</kind>
         <file>rts6700.lib</file>
         <name>divu.obj</name>
      </input_file>
      <input_file id="fl-93">
         <path>C:\TI_DSK\ccsv6\tools\compiler\c6000_7.4.8\lib\</path>
         <kind>archive</kind>
         <file>rts6700.lib</file>
         <name>fixdli.obj</name>
      </input_file>
      <input_file id="fl-94">
         <path>C:\TI_DSK\ccsv6\tools\compiler\c6000_7.4.8\lib\</path>
         <kind>archive</kind>
         <file>rts6700.lib</file>
         <name>fltlid.obj</name>
      </input_file>
      <input_file id="fl-95">
         <path>C:\TI_DSK\ccsv6\tools\compiler\c6000_7.4.8\lib\</path>
         <kind>archive</kind>
         <file>rts6700.lib</file>
         <name>fputc.obj</name>
      </input_file>
      <input_file id="fl-96">
         <path>C:\TI_DSK\ccsv6\tools\compiler\c6000_7.4.8\lib\</path>
         <kind>archive</kind>
         <file>rts6700.lib</file>
         <name>fputs.obj</name>
      </input_file>
      <input_file id="fl-97">
         <path>C:\TI_DSK\ccsv6\tools\compiler\c6000_7.4.8\lib\</path>
         <kind>archive</kind>
         <file>rts6700.lib</file>
         <name>frcmpyd_div.obj</name>
      </input_file>
      <input_file id="fl-98">
         <path>C:\TI_DSK\ccsv6\tools\compiler\c6000_7.4.8\lib\</path>
         <kind>archive</kind>
         <file>rts6700.lib</file>
         <name>imath40.obj</name>
      </input_file>
      <input_file id="fl-99">
         <path>C:\TI_DSK\ccsv6\tools\compiler\c6000_7.4.8\lib\</path>
         <kind>archive</kind>
         <file>rts6700.lib</file>
         <name>imath64.obj</name>
      </input_file>
      <input_file id="fl-9a">
         <path>C:\TI_DSK\ccsv6\tools\compiler\c6000_7.4.8\lib\</path>
         <kind>archive</kind>
         <file>rts6700.lib</file>
         <name>isinf.obj</name>
      </input_file>
      <input_file id="fl-9b">
         <path>C:\TI_DSK\ccsv6\tools\compiler\c6000_7.4.8\lib\</path>
         <kind>archive</kind>
         <file>rts6700.lib</file>
         <name>llshift.obj</name>
      </input_file>
      <input_file id="fl-9c">
         <path>C:\TI_DSK\ccsv6\tools\compiler\c6000_7.4.8\lib\</path>
         <kind>archive</kind>
         <file>rts6700.lib</file>
         <name>lowlev.obj</name>
      </input_file>
      <input_file id="fl-9d">
         <path>C:\TI_DSK\ccsv6\tools\compiler\c6000_7.4.8\lib\</path>
         <kind>archive</kind>
         <file>rts6700.lib</file>
         <name>ltoa.obj</name>
      </input_file>
      <input_file id="fl-9e">
         <path>C:\TI_DSK\ccsv6\tools\compiler\c6000_7.4.8\lib\</path>
         <kind>archive</kind>
         <file>rts6700.lib</file>
         <name>memccpy.obj</name>
      </input_file>
      <input_file id="fl-9f">
         <path>C:\TI_DSK\ccsv6\tools\compiler\c6000_7.4.8\lib\</path>
         <kind>archive</kind>
         <file>rts6700.lib</file>
         <name>memset.obj</name>
      </input_file>
      <input_file id="fl-a0">
         <path>C:\TI_DSK\ccsv6\tools\compiler\c6000_7.4.8\lib\</path>
         <kind>archive</kind>
         <file>rts6700.lib</file>
         <name>mpyll.obj</name>
      </input_file>
      <input_file id="fl-a1">
         <path>C:\TI_DSK\ccsv6\tools\compiler\c6000_7.4.8\lib\</path>
         <kind>archive</kind>
         <file>rts6700.lib</file>
         <name>negll.obj</name>
      </input_file>
      <input_file id="fl-a2">
         <path>C:\TI_DSK\ccsv6\tools\compiler\c6000_7.4.8\lib\</path>
         <kind>archive</kind>
         <file>rts6700.lib</file>
         <name>trgdrv.obj</name>
      </input_file>
      <input_file id="fl-a3">
         <path>C:\TI_DSK\ccsv6\tools\compiler\c6000_7.4.8\lib\</path>
         <kind>archive</kind>
         <file>rts6700.lib</file>
         <name>trgmsg.obj</name>
      </input_file>
      <input_file id="fl-a4">
         <path>C:\TI_DSK\ccsv6\tools\compiler\c6000_7.4.8\lib\</path>
         <kind>archive</kind>
         <file>rts6700.lib</file>
         <name>_io_perm.obj</name>
      </input_file>
      <input_file id="fl-a5">
         <path>C:\TI_DSK\ccsv6\tools\compiler\c6000_7.4.8\lib\</path>
         <kind>archive</kind>
         <file>rts6700.lib</file>
         <name>abs.obj</name>
      </input_file>
      <input_file id="fl-a6">
         <path>C:\TI_DSK\ccsv6\tools\compiler\c6000_7.4.8\lib\</path>
         <kind>archive</kind>
         <file>rts6700.lib</file>
         <name>fflush.obj</name>
      </input_file>
      <input_file id="fl-a7">
         <path>C:\TI_DSK\ccsv6\tools\compiler\c6000_7.4.8\lib\</path>
         <kind>archive</kind>
         <file>rts6700.lib</file>
         <name>fseek.obj</name>
      </input_file>
      <input_file id="fl-a8">
         <path>C:\TI_DSK\ccsv6\tools\compiler\c6000_7.4.8\lib\</path>
         <kind>archive</kind>
         <file>rts6700.lib</file>
         <name>setvbuf.obj</name>
      </input_file>
      <input_file id="fl-a9">
         <path>C:\TI_DSK\ccsv6\tools\compiler\c6000_7.4.8\lib\</path>
         <kind>archive</kind>
         <file>rts6700.lib</file>
         <name>fopen.obj</name>
      </input_file>
      <input_file id="fl-aa">
         <path>C:\TI_DSK\ccsv6\tools\compiler\c6000_7.4.8\lib\</path>
         <kind>archive</kind>
         <file>rts6700.lib</file>
         <name>memory.obj</name>
      </input_file>
      <input_file id="fl-ab">
         <path>C:\TI_DSK\ccsv6\tools\compiler\c6000_7.4.8\lib\</path>
         <kind>archive</kind>
         <file>rts6700.lib</file>
         <name>fclose.obj</name>
      </input_file>
      <input_file id="fl-ac">
         <path>C:\TI_DSK\ccsv6\tools\compiler\c6000_7.4.8\lib\</path>
         <kind>archive</kind>
         <file>rts6700.lib</file>
         <name>remove.obj</name>
      </input_file>
      <input_file id="fl-ad">
         <path>C:\Program Files\C6xCSL\lib_3x\</path>
         <kind>archive</kind>
         <file>csl6713.lib</file>
         <name>csl.obj</name>
      </input_file>
      <input_file id="fl-ae">
         <path>C:\Program Files\C6xCSL\lib_3x\</path>
         <kind>archive</kind>
         <file>csl6713.lib</file>
         <name>csl_gpio.obj</name>
      </input_file>
      <input_file id="fl-af">
         <path>C:\Program Files\C6xCSL\lib_3x\</path>
         <kind>archive</kind>
         <file>csl6713.lib</file>
         <name>csl_irq.obj</name>
      </input_file>
      <input_file id="fl-b0">
         <path>C:\Program Files\C6xCSL\lib_3x\</path>
         <kind>archive</kind>
         <file>csl6713.lib</file>
         <name>csl_timer.obj</name>
      </input_file>
      <input_file id="fl-b1">
         <path>C:\TI_DSK\dsk6713revc_files\CCStudio\c6000\dsk6713\lib\</path>
         <kind>archive</kind>
         <file>dsk6713bsl.lib</file>
         <name>dsk6713.obj</name>
      </input_file>
      <input_file id="fl-b2">
         <path>C:\TI_DSK\dsk6713revc_files\CCStudio\c6000\dsk6713\lib\</path>
         <kind>archive</kind>
         <file>dsk6713bsl.lib</file>
         <name>dsk6713_led.obj</name>
      </input_file>
   </input_file_list>
   <object_component_list>
      <object_component id="oc-2f">
         <name>vectors</name>
         <load_address>0x0</load_address>
         <run_address>0x0</run_address>
         <size>0x200</size>
         <input_file_ref idref="fl-6"/>
      </object_component>
      <object_component id="oc-f7">
         <name>.text</name>
         <load_address>0x200</load_address>
         <run_address>0x200</run_address>
         <size>0x15a0</size>
         <input_file_ref idref="fl-3"/>
      </object_component>
      <object_component id="oc-102">
         <name>.text</name>
         <load_address>0x17a0</load_address>
         <run_address>0x17a0</run_address>
         <size>0x940</size>
         <input_file_ref idref="fl-2"/>
      </object_component>
      <object_component id="oc-12d">
         <name>.text:__divd</name>
         <load_address>0x20e0</load_address>
         <run_address>0x20e0</run_address>
         <size>0x720</size>
         <input_file_ref idref="fl-91"/>
      </object_component>
      <object_component id="oc-121">
         <name>.text:__getarg_diouxp</name>
         <load_address>0x2800</load_address>
         <run_address>0x2800</run_address>
         <size>0x6c0</size>
         <input_file_ref idref="fl-89"/>
      </object_component>
      <object_component id="oc-10f">
         <name>.text:__setfield</name>
         <load_address>0x2ec0</load_address>
         <run_address>0x2ec0</run_address>
         <size>0x640</size>
         <input_file_ref idref="fl-89"/>
      </object_component>
      <object_component id="oc-f6">
         <name>.text</name>
         <load_address>0x3500</load_address>
         <run_address>0x3500</run_address>
         <size>0x580</size>
         <input_file_ref idref="fl-4"/>
      </object_component>
      <object_component id="oc-107">
         <name>.text:__printfi</name>
         <load_address>0x3a80</load_address>
         <run_address>0x3a80</run_address>
         <size>0x560</size>
         <input_file_ref idref="fl-89"/>
      </object_component>
      <object_component id="oc-10b">
         <name>.text:_fputs</name>
         <load_address>0x3fe0</load_address>
         <run_address>0x3fe0</run_address>
         <size>0x4c0</size>
         <input_file_ref idref="fl-96"/>
      </object_component>
      <object_component id="oc-d6">
         <name>.text</name>
         <load_address>0x44a0</load_address>
         <run_address>0x44a0</run_address>
         <size>0x480</size>
         <input_file_ref idref="fl-b1"/>
      </object_component>
      <object_component id="oc-12b">
         <name>.text:_fcvt</name>
         <load_address>0x4920</load_address>
         <run_address>0x4920</run_address>
         <size>0x420</size>
         <input_file_ref idref="fl-89"/>
      </object_component>
      <object_component id="oc-116">
         <name>.text:__pproc_fge</name>
         <load_address>0x4d40</load_address>
         <run_address>0x4d40</run_address>
         <size>0x400</size>
         <input_file_ref idref="fl-89"/>
      </object_component>
      <object_component id="oc-128">
         <name>.text:_ecvt</name>
         <load_address>0x5140</load_address>
         <run_address>0x5140</run_address>
         <size>0x400</size>
         <input_file_ref idref="fl-89"/>
      </object_component>
      <object_component id="oc-13a">
         <name>.text:__divull</name>
         <load_address>0x5540</load_address>
         <run_address>0x5540</run_address>
         <size>0x380</size>
         <input_file_ref idref="fl-99"/>
      </object_component>
      <object_component id="oc-125">
         <name>.text:_free</name>
         <load_address>0x58c0</load_address>
         <run_address>0x58c0</run_address>
         <size>0x380</size>
         <input_file_ref idref="fl-aa"/>
      </object_component>
      <object_component id="oc-120">
         <name>.text:__pconv_e</name>
         <load_address>0x5c40</load_address>
         <run_address>0x5c40</run_address>
         <size>0x360</size>
         <input_file_ref idref="fl-89"/>
      </object_component>
      <object_component id="oc-10e">
         <name>.text:__pproc_fwp</name>
         <load_address>0x5fa0</load_address>
         <run_address>0x5fa0</run_address>
         <size>0x360</size>
         <input_file_ref idref="fl-89"/>
      </object_component>
      <object_component id="oc-117">
         <name>.text:__pproc_diouxp</name>
         <load_address>0x6300</load_address>
         <run_address>0x6300</run_address>
         <size>0x300</size>
         <input_file_ref idref="fl-89"/>
      </object_component>
      <object_component id="oc-110">
         <name>.text:__pproc_str</name>
         <load_address>0x6600</load_address>
         <run_address>0x6600</run_address>
         <size>0x2c0</size>
         <input_file_ref idref="fl-89"/>
      </object_component>
      <object_component id="oc-11a">
         <name>.text:_setvbuf</name>
         <load_address>0x68c0</load_address>
         <run_address>0x68c0</run_address>
         <size>0x2c0</size>
         <input_file_ref idref="fl-a8"/>
      </object_component>
      <object_component id="oc-11e">
         <name>.text:__pconv_g</name>
         <load_address>0x6b80</load_address>
         <run_address>0x6b80</run_address>
         <size>0x2a0</size>
         <input_file_ref idref="fl-89"/>
      </object_component>
      <object_component id="oc-10c">
         <name>.text:_fputc</name>
         <load_address>0x6e20</load_address>
         <run_address>0x6e20</run_address>
         <size>0x2a0</size>
         <input_file_ref idref="fl-95"/>
      </object_component>
      <object_component id="oc-139">
         <name>.text:__divul</name>
         <load_address>0x70c0</load_address>
         <run_address>0x70c0</run_address>
         <size>0x260</size>
         <input_file_ref idref="fl-98"/>
      </object_component>
      <object_component id="oc-12a">
         <name>.text:__mcpy</name>
         <load_address>0x7320</load_address>
         <run_address>0x7320</run_address>
         <size>0x240</size>
         <input_file_ref idref="fl-89"/>
      </object_component>
      <object_component id="oc-126">
         <name>.text:_malloc</name>
         <load_address>0x7560</load_address>
         <run_address>0x7560</run_address>
         <size>0x240</size>
         <input_file_ref idref="fl-aa"/>
      </object_component>
      <object_component id="oc-ee">
         <name>.text:_memcpy</name>
         <load_address>0x77a0</load_address>
         <run_address>0x77a0</run_address>
         <size>0x240</size>
         <input_file_ref idref="fl-85"/>
      </object_component>
      <object_component id="oc-eb">
         <name>.text:_HOSTrename</name>
         <load_address>0x79e0</load_address>
         <run_address>0x79e0</run_address>
         <size>0x220</size>
         <input_file_ref idref="fl-a2"/>
      </object_component>
      <object_component id="oc-f5">
         <name>.text:__CSL_init</name>
         <load_address>0x7c00</load_address>
         <run_address>0x7c00</run_address>
         <size>0x220</size>
         <input_file_ref idref="fl-ad"/>
      </object_component>
      <object_component id="oc-142">
         <name>.text:_getdevice</name>
         <load_address>0x7e20</load_address>
         <run_address>0x7e20</run_address>
         <size>0x1e0</size>
         <input_file_ref idref="fl-9c"/>
      </object_component>
      <object_component id="oc-dc">
         <name>.text</name>
         <load_address>0x8000</load_address>
         <run_address>0x8000</run_address>
         <size>0x1e0</size>
         <input_file_ref idref="fl-b2"/>
      </object_component>
      <object_component id="oc-119">
         <name>.text:_fseek</name>
         <load_address>0x81e0</load_address>
         <run_address>0x81e0</run_address>
         <size>0x1c0</size>
         <input_file_ref idref="fl-a7"/>
      </object_component>
      <object_component id="oc-108">
         <name>.text:_mux2Tables</name>
         <load_address>0x83a0</load_address>
         <run_address>0x83a0</run_address>
         <size>0x1c0</size>
         <input_file_ref idref="fl-af"/>
      </object_component>
      <object_component id="oc-f0">
         <name>.text</name>
         <load_address>0x8560</load_address>
         <run_address>0x8560</run_address>
         <size>0x1c0</size>
         <input_file_ref idref="fl-5"/>
      </object_component>
      <object_component id="oc-123">
         <name>.text:__ltostr</name>
         <load_address>0x8720</load_address>
         <run_address>0x8720</run_address>
         <size>0x1a0</size>
         <input_file_ref idref="fl-89"/>
      </object_component>
      <object_component id="oc-10d">
         <name>.text:__pproc_fflags</name>
         <load_address>0x88c0</load_address>
         <run_address>0x88c0</run_address>
         <size>0x1a0</size>
         <input_file_ref idref="fl-89"/>
      </object_component>
      <object_component id="oc-e9">
         <name>.text:_HOSTlseek</name>
         <load_address>0x8a60</load_address>
         <run_address>0x8a60</run_address>
         <size>0x160</size>
         <input_file_ref idref="fl-a2"/>
      </object_component>
      <object_component id="oc-132">
         <name>.text:__closefile</name>
         <load_address>0x8bc0</load_address>
         <run_address>0x8bc0</run_address>
         <size>0x160</size>
         <input_file_ref idref="fl-ab"/>
      </object_component>
      <object_component id="oc-e7">
         <name>.text:_HOSTread</name>
         <load_address>0x8d20</load_address>
         <run_address>0x8d20</run_address>
         <size>0x140</size>
         <input_file_ref idref="fl-a2"/>
      </object_component>
      <object_component id="oc-fa">
         <name>.text:_TIMER_open</name>
         <load_address>0x8e60</load_address>
         <run_address>0x8e60</run_address>
         <size>0x140</size>
         <input_file_ref idref="fl-b0"/>
      </object_component>
      <object_component id="oc-137">
         <name>.text:__frcmpyd_div</name>
         <load_address>0x8fa0</load_address>
         <run_address>0x8fa0</run_address>
         <size>0x140</size>
         <input_file_ref idref="fl-97"/>
      </object_component>
      <object_component id="oc-fb">
         <name>.text:__strasgi</name>
         <load_address>0x90e0</load_address>
         <run_address>0x90e0</run_address>
         <size>0x140</size>
         <input_file_ref idref="fl-87"/>
      </object_component>
      <object_component id="oc-115">
         <name>.text:_atoi</name>
         <load_address>0x9220</load_address>
         <run_address>0x9220</run_address>
         <size>0x140</size>
         <input_file_ref idref="fl-8b"/>
      </object_component>
      <object_component id="oc-134">
         <name>.text:_ltoa</name>
         <load_address>0x9360</load_address>
         <run_address>0x9360</run_address>
         <size>0x140</size>
         <input_file_ref idref="fl-9d"/>
      </object_component>
      <object_component id="oc-e5">
         <name>.text:_HOSTopen</name>
         <load_address>0x94a0</load_address>
         <run_address>0x94a0</run_address>
         <size>0x120</size>
         <input_file_ref idref="fl-a2"/>
      </object_component>
      <object_component id="oc-e8">
         <name>.text:_HOSTwrite</name>
         <load_address>0x95c0</load_address>
         <run_address>0x95c0</run_address>
         <size>0x120</size>
         <input_file_ref idref="fl-a2"/>
      </object_component>
      <object_component id="oc-109">
         <name>.text:_TIMER_reset</name>
         <load_address>0x96e0</load_address>
         <run_address>0x96e0</run_address>
         <size>0x120</size>
         <input_file_ref idref="fl-b0"/>
      </object_component>
      <object_component id="oc-111">
         <name>.text:__wrt_ok</name>
         <load_address>0x9800</load_address>
         <run_address>0x9800</run_address>
         <size>0x120</size>
         <input_file_ref idref="fl-a4"/>
      </object_component>
      <object_component id="oc-13b">
         <name>.text:_close</name>
         <load_address>0x9920</load_address>
         <run_address>0x9920</run_address>
         <size>0x120</size>
         <input_file_ref idref="fl-9c"/>
      </object_component>
      <object_component id="oc-114">
         <name>.text:_memset</name>
         <load_address>0x9a40</load_address>
         <run_address>0x9a40</run_address>
         <size>0x120</size>
         <input_file_ref idref="fl-9f"/>
      </object_component>
      <object_component id="oc-e6">
         <name>.text:_HOSTclose</name>
         <load_address>0x9b60</load_address>
         <run_address>0x9b60</run_address>
         <size>0x100</size>
         <input_file_ref idref="fl-a2"/>
      </object_component>
      <object_component id="oc-ea">
         <name>.text:_HOSTunlink</name>
         <load_address>0x9c60</load_address>
         <run_address>0x9c60</run_address>
         <size>0x100</size>
         <input_file_ref idref="fl-a2"/>
      </object_component>
      <object_component id="oc-e1">
         <name>.text:__auto_init</name>
         <load_address>0x9d60</load_address>
         <run_address>0x9d60</run_address>
         <size>0x100</size>
         <input_file_ref idref="fl-8c"/>
      </object_component>
      <object_component id="oc-12e">
         <name>.text:__div</name>
         <load_address>0x9e60</load_address>
         <run_address>0x9e60</run_address>
         <size>0x100</size>
         <input_file_ref idref="fl-89"/>
      </object_component>
      <object_component id="oc-13e">
         <name>.text:__divli</name>
         <load_address>0x9f60</load_address>
         <run_address>0x9f60</run_address>
         <size>0x100</size>
         <input_file_ref idref="fl-98"/>
      </object_component>
      <object_component id="oc-11f">
         <name>.text:__pconv_f</name>
         <load_address>0xa060</load_address>
         <run_address>0xa060</run_address>
         <size>0x100</size>
         <input_file_ref idref="fl-89"/>
      </object_component>
      <object_component id="oc-124">
         <name>.text:_lseek</name>
         <load_address>0xa160</load_address>
         <run_address>0xa160</run_address>
         <size>0x100</size>
         <input_file_ref idref="fl-9c"/>
      </object_component>
      <object_component id="oc-f8">
         <name>.text:_printf</name>
         <load_address>0xa260</load_address>
         <run_address>0xa260</run_address>
         <size>0x100</size>
         <input_file_ref idref="fl-86"/>
      </object_component>
      <object_component id="oc-113">
         <name>.text:_write</name>
         <load_address>0xa360</load_address>
         <run_address>0xa360</run_address>
         <size>0x100</size>
         <input_file_ref idref="fl-9c"/>
      </object_component>
      <object_component id="oc-127">
         <name>.text:__cleanup</name>
         <load_address>0xa460</load_address>
         <run_address>0xa460</run_address>
         <size>0xe0</size>
         <input_file_ref idref="fl-a9"/>
      </object_component>
      <object_component id="oc-112">
         <name>.text:__doflush</name>
         <load_address>0xa540</load_address>
         <run_address>0xa540</run_address>
         <size>0xe0</size>
         <input_file_ref idref="fl-a6"/>
      </object_component>
      <object_component id="oc-129">
         <name>.text:__ecpy</name>
         <load_address>0xa620</load_address>
         <run_address>0xa620</run_address>
         <size>0xe0</size>
         <input_file_ref idref="fl-89"/>
      </object_component>
      <object_component id="oc-12c">
         <name>.text:__fcpy</name>
         <load_address>0xa700</load_address>
         <run_address>0xa700</run_address>
         <size>0xe0</size>
         <input_file_ref idref="fl-89"/>
      </object_component>
      <object_component id="oc-ec">
         <name>.text:__strasg</name>
         <load_address>0xa7e0</load_address>
         <run_address>0xa7e0</run_address>
         <size>0xe0</size>
         <input_file_ref idref="fl-87"/>
      </object_component>
      <object_component id="oc-e3">
         <name>.text:_exit</name>
         <load_address>0xa8c0</load_address>
         <run_address>0xa8c0</run_address>
         <size>0xe0</size>
         <input_file_ref idref="fl-84"/>
      </object_component>
      <object_component id="oc-131">
         <name>.text:_minsert</name>
         <load_address>0xa9a0</load_address>
         <run_address>0xa9a0</run_address>
         <size>0xe0</size>
         <input_file_ref idref="fl-aa"/>
      </object_component>
      <object_component id="oc-130">
         <name>.text:_mremove</name>
         <load_address>0xaa80</load_address>
         <run_address>0xaa80</run_address>
         <size>0xe0</size>
         <input_file_ref idref="fl-aa"/>
      </object_component>
      <object_component id="oc-fc">
         <name>.text:_GPIO_open</name>
         <load_address>0xab60</load_address>
         <run_address>0xab60</run_address>
         <size>0xc0</size>
         <input_file_ref idref="fl-ae"/>
      </object_component>
      <object_component id="oc-10a">
         <name>.text:_GPIO_reset</name>
         <load_address>0xac20</load_address>
         <run_address>0xac20</run_address>
         <size>0xc0</size>
         <input_file_ref idref="fl-ae"/>
      </object_component>
      <object_component id="oc-138">
         <name>.text:__divu</name>
         <load_address>0xace0</load_address>
         <run_address>0xace0</run_address>
         <size>0xc0</size>
         <input_file_ref idref="fl-92"/>
      </object_component>
      <object_component id="oc-ed">
         <name>.text:_copy_in</name>
         <load_address>0xada0</load_address>
         <run_address>0xada0</run_address>
         <size>0xc0</size>
         <input_file_ref idref="fl-8e"/>
      </object_component>
      <object_component id="oc-143">
         <name>.text:_finddevice</name>
         <load_address>0xae60</load_address>
         <run_address>0xae60</run_address>
         <size>0xc0</size>
         <input_file_ref idref="fl-9c"/>
      </object_component>
      <object_component id="oc-f9">
         <name>.text:__IRQ_init</name>
         <load_address>0xaf20</load_address>
         <run_address>0xaf20</run_address>
         <size>0xa0</size>
         <input_file_ref idref="fl-af"/>
      </object_component>
      <object_component id="oc-133">
         <name>.text:__fixdli</name>
         <load_address>0xafc0</load_address>
         <run_address>0xafc0</run_address>
         <size>0xa0</size>
         <input_file_ref idref="fl-93"/>
      </object_component>
      <object_component id="oc-12f">
         <name>.text:__mpyll</name>
         <load_address>0xb060</load_address>
         <run_address>0xb060</run_address>
         <size>0xa0</size>
         <input_file_ref idref="fl-a0"/>
      </object_component>
      <object_component id="oc-13d">
         <name>.text:__remli</name>
         <load_address>0xb100</load_address>
         <run_address>0xb100</run_address>
         <size>0xa0</size>
         <input_file_ref idref="fl-98"/>
      </object_component>
      <object_component id="oc-f3">
         <name>.text:_readmsg</name>
         <load_address>0xb1a0</load_address>
         <run_address>0xb1a0</run_address>
         <size>0xa0</size>
         <input_file_ref idref="fl-a3"/>
      </object_component>
      <object_component id="oc-141">
         <name>.text:_unlink</name>
         <load_address>0xb240</load_address>
         <run_address>0xb240</run_address>
         <size>0xa0</size>
         <input_file_ref idref="fl-9c"/>
      </object_component>
      <object_component id="oc-f2">
         <name>.text:_writemsg</name>
         <load_address>0xb2e0</load_address>
         <run_address>0xb2e0</run_address>
         <size>0xa0</size>
         <input_file_ref idref="fl-a3"/>
      </object_component>
      <object_component id="oc-fd">
         <name>.text:_GPIO_config</name>
         <load_address>0xb380</load_address>
         <run_address>0xb380</run_address>
         <size>0x80</size>
         <input_file_ref idref="fl-ae"/>
      </object_component>
      <object_component id="oc-ef">
         <name>.text:___TI_cpp_init</name>
         <load_address>0xb400</load_address>
         <run_address>0xb400</run_address>
         <size>0x80</size>
         <input_file_ref idref="fl-8d"/>
      </object_component>
      <object_component id="oc-135">
         <name>.text:__fltlid</name>
         <load_address>0xb480</load_address>
         <run_address>0xb480</run_address>
         <size>0x80</size>
         <input_file_ref idref="fl-94"/>
      </object_component>
      <object_component id="oc-13f">
         <name>.text:__llshl</name>
         <load_address>0xb500</load_address>
         <run_address>0xb500</run_address>
         <size>0x80</size>
         <input_file_ref idref="fl-9b"/>
      </object_component>
      <object_component id="oc-18">
         <name>.text:_c_int00</name>
         <load_address>0xb580</load_address>
         <run_address>0xb580</run_address>
         <size>0x80</size>
         <input_file_ref idref="fl-83"/>
      </object_component>
      <object_component id="oc-118">
         <name>.text:_memccpy</name>
         <load_address>0xb600</load_address>
         <run_address>0xb600</run_address>
         <size>0x80</size>
         <input_file_ref idref="fl-9e"/>
      </object_component>
      <object_component id="oc-ff">
         <name>.text:_GPIO_pinDirection</name>
         <load_address>0xb680</load_address>
         <run_address>0xb680</run_address>
         <size>0x60</size>
         <input_file_ref idref="fl-ae"/>
      </object_component>
      <object_component id="oc-11d">
         <name>.text:___isinf</name>
         <load_address>0xb6e0</load_address>
         <run_address>0xb6e0</run_address>
         <size>0x60</size>
         <input_file_ref idref="fl-9a"/>
      </object_component>
      <object_component id="oc-136">
         <name>.text:__llshru</name>
         <load_address>0xb740</load_address>
         <run_address>0xb740</run_address>
         <size>0x60</size>
         <input_file_ref idref="fl-9b"/>
      </object_component>
      <object_component id="oc-140">
         <name>.text:__subcull</name>
         <load_address>0xb7a0</load_address>
         <run_address>0xb7a0</run_address>
         <size>0x60</size>
         <input_file_ref idref="fl-99"/>
      </object_component>
      <object_component id="oc-fe">
         <name>.text:_GPIO_pinEnable</name>
         <load_address>0xb800</load_address>
         <run_address>0xb800</run_address>
         <size>0x40</size>
         <input_file_ref idref="fl-ae"/>
      </object_component>
      <object_component id="oc-101">
         <name>.text:_GPIO_pinRead</name>
         <load_address>0xb840</load_address>
         <run_address>0xb840</run_address>
         <size>0x40</size>
         <input_file_ref idref="fl-ae"/>
      </object_component>
      <object_component id="oc-100">
         <name>.text:_GPIO_pinWrite</name>
         <load_address>0xb880</load_address>
         <run_address>0xb880</run_address>
         <size>0x40</size>
         <input_file_ref idref="fl-ae"/>
      </object_component>
      <object_component id="oc-11c">
         <name>.text:___isnan</name>
         <load_address>0xb8c0</load_address>
         <run_address>0xb8c0</run_address>
         <size>0x40</size>
         <input_file_ref idref="fl-89"/>
      </object_component>
      <object_component id="oc-e2">
         <name>.text:__args_main</name>
         <load_address>0xb900</load_address>
         <run_address>0xb900</run_address>
         <size>0x40</size>
         <input_file_ref idref="fl-8a"/>
      </object_component>
      <object_component id="oc-f4">
         <name>.text:_CSL6713_LIB_</name>
         <load_address>0xb940</load_address>
         <run_address>0xb940</run_address>
         <size>0x20</size>
         <input_file_ref idref="fl-ad"/>
      </object_component>
      <object_component id="oc-122">
         <name>.text:__negll</name>
         <load_address>0xb960</load_address>
         <run_address>0xb960</run_address>
         <size>0x20</size>
         <input_file_ref idref="fl-a1"/>
      </object_component>
      <object_component id="oc-e4">
         <name>.text:__nop</name>
         <load_address>0xb980</load_address>
         <run_address>0xb980</run_address>
         <size>0x20</size>
         <input_file_ref idref="fl-88"/>
      </object_component>
      <object_component id="oc-106">
         <name>.text:__outc</name>
         <load_address>0xb9a0</load_address>
         <run_address>0xb9a0</run_address>
         <size>0x20</size>
         <input_file_ref idref="fl-86"/>
      </object_component>
      <object_component id="oc-105">
         <name>.text:__outs</name>
         <load_address>0xb9c0</load_address>
         <run_address>0xb9c0</run_address>
         <size>0x20</size>
         <input_file_ref idref="fl-86"/>
      </object_component>
      <object_component id="oc-f1">
         <name>.text:_abort</name>
         <load_address>0xb9e0</load_address>
         <run_address>0xb9e0</run_address>
         <size>0x20</size>
         <input_file_ref idref="fl-84"/>
      </object_component>
      <object_component id="oc-13c">
         <name>.text:_remove</name>
         <load_address>0xba00</load_address>
         <run_address>0xba00</run_address>
         <size>0x20</size>
         <input_file_ref idref="fl-ac"/>
      </object_component>
      <object_component id="oc-cb">
         <name>.text</name>
         <load_address>0xba20</load_address>
         <run_address>0xba20</run_address>
         <size>0x20</size>
         <input_file_ref idref="fl-af"/>
      </object_component>
      <object_component id="oc-2a">
         <name>.text:retain</name>
         <load_address>0xba40</load_address>
         <run_address>0xba40</run_address>
         <size>0x20</size>
         <input_file_ref idref="fl-5"/>
      </object_component>
      <object_component id="oc-34">
         <name>.stack</name>
         <uninitialized>true</uninitialized>
         <run_address>0xc040</run_address>
         <size>0x8</size>
         <input_file_ref idref="fl-83"/>
      </object_component>
      <object_component id="oc-163">
         <name>.stack</name>
         <uninitialized>true</uninitialized>
         <run_address>0xc040</run_address>
         <size>0x0</size>
      </object_component>
      <object_component id="oc-9e">
         <name>.cio</name>
         <uninitialized>true</uninitialized>
         <run_address>0xcd50</run_address>
         <size>0x120</size>
         <input_file_ref idref="fl-a3"/>
      </object_component>
      <object_component id="oc-11b">
         <name>.const:.string:__ctypes_</name>
         <load_address>0xcbac</load_address>
         <run_address>0xcbac</run_address>
         <size>0x101</size>
         <input_file_ref idref="fl-8f"/>
      </object_component>
      <object_component id="oc-73">
         <name>.const:.string</name>
         <load_address>0xccad</load_address>
         <run_address>0xccad</run_address>
         <size>0x2</size>
         <input_file_ref idref="fl-96"/>
      </object_component>
      <object_component id="oc-2b">
         <name>.const:.string</name>
         <load_address>0xccb0</load_address>
         <run_address>0xccb0</run_address>
         <size>0x34</size>
         <input_file_ref idref="fl-5"/>
      </object_component>
      <object_component id="oc-4b">
         <name>.const:.string</name>
         <load_address>0xcce4</load_address>
         <run_address>0xcce4</run_address>
         <size>0x23</size>
         <input_file_ref idref="fl-89"/>
      </object_component>
      <object_component id="oc-d8">
         <name>.const</name>
         <load_address>0xcd08</load_address>
         <run_address>0xcd08</run_address>
         <size>0x20</size>
         <input_file_ref idref="fl-b1"/>
      </object_component>
      <object_component id="oc-25">
         <name>.const</name>
         <load_address>0xcd28</load_address>
         <run_address>0xcd28</run_address>
         <size>0x1c</size>
         <input_file_ref idref="fl-4"/>
      </object_component>
      <object_component id="oc-104">
         <name>.const:.string:_paTable</name>
         <load_address>0xcd44</load_address>
         <run_address>0xcd44</run_address>
         <size>0x8</size>
         <input_file_ref idref="fl-3"/>
      </object_component>
      <object_component id="oc-103">
         <name>.const:.string:_$P$T0$1</name>
         <load_address>0xcd4c</load_address>
         <run_address>0xcd4c</run_address>
         <size>0x2</size>
         <input_file_ref idref="fl-3"/>
      </object_component>
      <object_component id="oc-b8">
         <name>.sysmem</name>
         <uninitialized>true</uninitialized>
         <run_address>0xc440</run_address>
         <size>0x8</size>
         <input_file_ref idref="fl-aa"/>
      </object_component>
      <object_component id="oc-164">
         <name>.sysmem</name>
         <uninitialized>true</uninitialized>
         <run_address>0xc440</run_address>
         <size>0x0</size>
      </object_component>
      <object_component id="oc-1e">
         <name>.far</name>
         <uninitialized>true</uninitialized>
         <run_address>0xc030</run_address>
         <size>0x7</size>
         <input_file_ref idref="fl-3"/>
      </object_component>
      <object_component id="oc-24">
         <name>.far</name>
         <uninitialized>true</uninitialized>
         <run_address>0xc010</run_address>
         <size>0x8</size>
         <input_file_ref idref="fl-4"/>
      </object_component>
      <object_component id="oc-39">
         <name>.far</name>
         <uninitialized>true</uninitialized>
         <run_address>0xc004</run_address>
         <size>0xc</size>
         <input_file_ref idref="fl-84"/>
      </object_component>
      <object_component id="oc-47">
         <name>.far</name>
         <uninitialized>true</uninitialized>
         <run_address>0xc018</run_address>
         <size>0x8</size>
         <input_file_ref idref="fl-88"/>
      </object_component>
      <object_component id="oc-61">
         <name>.far</name>
         <uninitialized>true</uninitialized>
         <run_address>0xba60</run_address>
         <size>0x324</size>
         <input_file_ref idref="fl-90"/>
      </object_component>
      <object_component id="oc-87">
         <name>.far</name>
         <uninitialized>true</uninitialized>
         <run_address>0xbd84</run_address>
         <size>0x11c</size>
         <input_file_ref idref="fl-9c"/>
      </object_component>
      <object_component id="oc-9a">
         <name>.far</name>
         <uninitialized>true</uninitialized>
         <run_address>0xc028</run_address>
         <size>0x8</size>
         <input_file_ref idref="fl-a2"/>
      </object_component>
      <object_component id="oc-b2">
         <name>.far</name>
         <uninitialized>true</uninitialized>
         <run_address>0xc038</run_address>
         <size>0x4</size>
         <input_file_ref idref="fl-a9"/>
      </object_component>
      <object_component id="oc-b7">
         <name>.far</name>
         <uninitialized>true</uninitialized>
         <run_address>0xc020</run_address>
         <size>0x8</size>
         <input_file_ref idref="fl-aa"/>
      </object_component>
      <object_component id="oc-c2">
         <name>.far</name>
         <uninitialized>true</uninitialized>
         <run_address>0xbf94</run_address>
         <size>0x28</size>
         <input_file_ref idref="fl-ad"/>
      </object_component>
      <object_component id="oc-c7">
         <name>.far</name>
         <uninitialized>true</uninitialized>
         <run_address>0xbfbc</run_address>
         <size>0x24</size>
         <input_file_ref idref="fl-ae"/>
      </object_component>
      <object_component id="oc-cd">
         <name>.far</name>
         <uninitialized>true</uninitialized>
         <run_address>0xbea0</run_address>
         <size>0xf4</size>
         <input_file_ref idref="fl-af"/>
      </object_component>
      <object_component id="oc-d2">
         <name>.far</name>
         <uninitialized>true</uninitialized>
         <run_address>0xbfe0</run_address>
         <size>0x24</size>
         <input_file_ref idref="fl-b0"/>
      </object_component>
      <object_component id="oc-d7">
         <name>.far</name>
         <uninitialized>true</uninitialized>
         <run_address>0xc03c</run_address>
         <size>0x2</size>
         <input_file_ref idref="fl-b1"/>
      </object_component>
      <object_component id="oc-dd">
         <name>.far</name>
         <uninitialized>true</uninitialized>
         <run_address>0xc03e</run_address>
         <size>0x2</size>
         <input_file_ref idref="fl-b2"/>
      </object_component>
      <object_component id="oc-cc">
         <name>.cinit</name>
         <load_address>0xc840</load_address>
         <run_address>0xc840</run_address>
         <size>0x12c</size>
         <input_file_ref idref="fl-af"/>
      </object_component>
      <object_component id="oc-60">
         <name>.cinit</name>
         <load_address>0xc970</load_address>
         <run_address>0xc970</run_address>
         <size>0x5c</size>
         <input_file_ref idref="fl-90"/>
      </object_component>
      <object_component id="oc-86">
         <name>.cinit</name>
         <load_address>0xc9d0</load_address>
         <run_address>0xc9d0</run_address>
         <size>0x5c</size>
         <input_file_ref idref="fl-9c"/>
      </object_component>
      <object_component id="oc-d1">
         <name>.cinit</name>
         <load_address>0xca30</load_address>
         <run_address>0xca30</run_address>
         <size>0x4c</size>
         <input_file_ref idref="fl-b0"/>
      </object_component>
      <object_component id="oc-c6">
         <name>.cinit</name>
         <load_address>0xca80</load_address>
         <run_address>0xca80</run_address>
         <size>0x44</size>
         <input_file_ref idref="fl-ae"/>
      </object_component>
      <object_component id="oc-c1">
         <name>.cinit</name>
         <load_address>0xcac8</load_address>
         <run_address>0xcac8</run_address>
         <size>0x3c</size>
         <input_file_ref idref="fl-ad"/>
      </object_component>
      <object_component id="oc-38">
         <name>.cinit</name>
         <load_address>0xcb08</load_address>
         <run_address>0xcb08</run_address>
         <size>0x2c</size>
         <input_file_ref idref="fl-84"/>
      </object_component>
      <object_component id="oc-b6">
         <name>.cinit</name>
         <load_address>0xcb38</load_address>
         <run_address>0xcb38</run_address>
         <size>0x2c</size>
         <input_file_ref idref="fl-aa"/>
      </object_component>
      <object_component id="oc-46">
         <name>.cinit</name>
         <load_address>0xcb68</load_address>
         <run_address>0xcb68</run_address>
         <size>0x1c</size>
         <input_file_ref idref="fl-88"/>
      </object_component>
      <object_component id="oc-23">
         <name>.cinit</name>
         <load_address>0xcb88</load_address>
         <run_address>0xcb88</run_address>
         <size>0xc</size>
         <input_file_ref idref="fl-4"/>
      </object_component>
      <object_component id="oc-b1">
         <name>.cinit</name>
         <load_address>0xcb98</load_address>
         <run_address>0xcb98</run_address>
         <size>0xc</size>
         <input_file_ref idref="fl-a9"/>
      </object_component>
      <object_component id="oc-19">
         <name>.debug_info</name>
         <load_address>0x0</load_address>
         <run_address>0x0</run_address>
         <size>0x108d</size>
         <input_file_ref idref="fl-2"/>
      </object_component>
      <object_component id="oc-1d">
         <name>.debug_info</name>
         <load_address>0x108d</load_address>
         <run_address>0x108d</run_address>
         <size>0x245e</size>
         <input_file_ref idref="fl-3"/>
      </object_component>
      <object_component id="oc-22">
         <name>.debug_info</name>
         <load_address>0x34eb</load_address>
         <run_address>0x34eb</run_address>
         <size>0xd8d</size>
         <input_file_ref idref="fl-4"/>
      </object_component>
      <object_component id="oc-29">
         <name>.debug_info</name>
         <load_address>0x4278</load_address>
         <run_address>0x4278</run_address>
         <size>0xc8f</size>
         <input_file_ref idref="fl-5"/>
      </object_component>
      <object_component id="oc-30">
         <name>.debug_info</name>
         <load_address>0x4f07</load_address>
         <run_address>0x4f07</run_address>
         <size>0xcb</size>
         <input_file_ref idref="fl-6"/>
      </object_component>
      <object_component id="oc-33">
         <name>.debug_info</name>
         <load_address>0x4fd2</load_address>
         <run_address>0x4fd2</run_address>
         <size>0x70b</size>
         <input_file_ref idref="fl-83"/>
      </object_component>
      <object_component id="oc-37">
         <name>.debug_info</name>
         <load_address>0x56dd</load_address>
         <run_address>0x56dd</run_address>
         <size>0x7fd</size>
         <input_file_ref idref="fl-84"/>
      </object_component>
      <object_component id="oc-3c">
         <name>.debug_info</name>
         <load_address>0x5eda</load_address>
         <run_address>0x5eda</run_address>
         <size>0x78e</size>
         <input_file_ref idref="fl-85"/>
      </object_component>
      <object_component id="oc-3f">
         <name>.debug_info</name>
         <load_address>0x6668</load_address>
         <run_address>0x6668</run_address>
         <size>0x902</size>
         <input_file_ref idref="fl-86"/>
      </object_component>
      <object_component id="oc-42">
         <name>.debug_info</name>
         <load_address>0x6f6a</load_address>
         <run_address>0x6f6a</run_address>
         <size>0x110</size>
         <input_file_ref idref="fl-87"/>
      </object_component>
      <object_component id="oc-45">
         <name>.debug_info</name>
         <load_address>0x707a</load_address>
         <run_address>0x707a</run_address>
         <size>0x64c</size>
         <input_file_ref idref="fl-88"/>
      </object_component>
      <object_component id="oc-4a">
         <name>.debug_info</name>
         <load_address>0x76c6</load_address>
         <run_address>0x76c6</run_address>
         <size>0x2b9f</size>
         <input_file_ref idref="fl-89"/>
      </object_component>
      <object_component id="oc-4e">
         <name>.debug_info</name>
         <load_address>0xa265</load_address>
         <run_address>0xa265</run_address>
         <size>0x6e1</size>
         <input_file_ref idref="fl-8a"/>
      </object_component>
      <object_component id="oc-51">
         <name>.debug_info</name>
         <load_address>0xa946</load_address>
         <run_address>0xa946</run_address>
         <size>0x71e</size>
         <input_file_ref idref="fl-8b"/>
      </object_component>
      <object_component id="oc-54">
         <name>.debug_info</name>
         <load_address>0xb064</load_address>
         <run_address>0xb064</run_address>
         <size>0x86f</size>
         <input_file_ref idref="fl-8c"/>
      </object_component>
      <object_component id="oc-57">
         <name>.debug_info</name>
         <load_address>0xb8d3</load_address>
         <run_address>0xb8d3</run_address>
         <size>0x6e7</size>
         <input_file_ref idref="fl-8d"/>
      </object_component>
      <object_component id="oc-5a">
         <name>.debug_info</name>
         <load_address>0xbfba</load_address>
         <run_address>0xbfba</run_address>
         <size>0x7dd</size>
         <input_file_ref idref="fl-8e"/>
      </object_component>
      <object_component id="oc-5d">
         <name>.debug_info</name>
         <load_address>0xc797</load_address>
         <run_address>0xc797</run_address>
         <size>0x5fa</size>
         <input_file_ref idref="fl-8f"/>
      </object_component>
      <object_component id="oc-5f">
         <name>.debug_info</name>
         <load_address>0xcd91</load_address>
         <run_address>0xcd91</run_address>
         <size>0x6e7</size>
         <input_file_ref idref="fl-90"/>
      </object_component>
      <object_component id="oc-63">
         <name>.debug_info</name>
         <load_address>0xd478</load_address>
         <run_address>0xd478</run_address>
         <size>0x982</size>
         <input_file_ref idref="fl-91"/>
      </object_component>
      <object_component id="oc-66">
         <name>.debug_info</name>
         <load_address>0xddfa</load_address>
         <run_address>0xddfa</run_address>
         <size>0xd2</size>
         <input_file_ref idref="fl-92"/>
      </object_component>
      <object_component id="oc-69">
         <name>.debug_info</name>
         <load_address>0xdecc</load_address>
         <run_address>0xdecc</run_address>
         <size>0x691</size>
         <input_file_ref idref="fl-93"/>
      </object_component>
      <object_component id="oc-6c">
         <name>.debug_info</name>
         <load_address>0xe55d</load_address>
         <run_address>0xe55d</run_address>
         <size>0x6aa</size>
         <input_file_ref idref="fl-94"/>
      </object_component>
      <object_component id="oc-6f">
         <name>.debug_info</name>
         <load_address>0xec07</load_address>
         <run_address>0xec07</run_address>
         <size>0x82a</size>
         <input_file_ref idref="fl-95"/>
      </object_component>
      <object_component id="oc-72">
         <name>.debug_info</name>
         <load_address>0xf431</load_address>
         <run_address>0xf431</run_address>
         <size>0xb89</size>
         <input_file_ref idref="fl-96"/>
      </object_component>
      <object_component id="oc-76">
         <name>.debug_info</name>
         <load_address>0xffba</load_address>
         <run_address>0xffba</run_address>
         <size>0x6a4</size>
         <input_file_ref idref="fl-97"/>
      </object_component>
      <object_component id="oc-79">
         <name>.debug_info</name>
         <load_address>0x1065e</load_address>
         <run_address>0x1065e</run_address>
         <size>0x7bb</size>
         <input_file_ref idref="fl-98"/>
      </object_component>
      <object_component id="oc-7c">
         <name>.debug_info</name>
         <load_address>0x10e19</load_address>
         <run_address>0x10e19</run_address>
         <size>0x7b6</size>
         <input_file_ref idref="fl-99"/>
      </object_component>
      <object_component id="oc-7f">
         <name>.debug_info</name>
         <load_address>0x115cf</load_address>
         <run_address>0x115cf</run_address>
         <size>0x816</size>
         <input_file_ref idref="fl-9a"/>
      </object_component>
      <object_component id="oc-82">
         <name>.debug_info</name>
         <load_address>0x11de5</load_address>
         <run_address>0x11de5</run_address>
         <size>0x701</size>
         <input_file_ref idref="fl-9b"/>
      </object_component>
      <object_component id="oc-85">
         <name>.debug_info</name>
         <load_address>0x124e6</load_address>
         <run_address>0x124e6</run_address>
         <size>0xf61</size>
         <input_file_ref idref="fl-9c"/>
      </object_component>
      <object_component id="oc-8a">
         <name>.debug_info</name>
         <load_address>0x13447</load_address>
         <run_address>0x13447</run_address>
         <size>0x746</size>
         <input_file_ref idref="fl-9d"/>
      </object_component>
      <object_component id="oc-8d">
         <name>.debug_info</name>
         <load_address>0x13b8d</load_address>
         <run_address>0x13b8d</run_address>
         <size>0x6ea</size>
         <input_file_ref idref="fl-9e"/>
      </object_component>
      <object_component id="oc-90">
         <name>.debug_info</name>
         <load_address>0x14277</load_address>
         <run_address>0x14277</run_address>
         <size>0x72e</size>
         <input_file_ref idref="fl-9f"/>
      </object_component>
      <object_component id="oc-93">
         <name>.debug_info</name>
         <load_address>0x149a5</load_address>
         <run_address>0x149a5</run_address>
         <size>0x6b7</size>
         <input_file_ref idref="fl-a0"/>
      </object_component>
      <object_component id="oc-96">
         <name>.debug_info</name>
         <load_address>0x1505c</load_address>
         <run_address>0x1505c</run_address>
         <size>0x618</size>
         <input_file_ref idref="fl-a1"/>
      </object_component>
      <object_component id="oc-99">
         <name>.debug_info</name>
         <load_address>0x15674</load_address>
         <run_address>0x15674</run_address>
         <size>0xefc</size>
         <input_file_ref idref="fl-a2"/>
      </object_component>
      <object_component id="oc-9d">
         <name>.debug_info</name>
         <load_address>0x16570</load_address>
         <run_address>0x16570</run_address>
         <size>0x8c9</size>
         <input_file_ref idref="fl-a3"/>
      </object_component>
      <object_component id="oc-a1">
         <name>.debug_info</name>
         <load_address>0x16e39</load_address>
         <run_address>0x16e39</run_address>
         <size>0x75a</size>
         <input_file_ref idref="fl-a4"/>
      </object_component>
      <object_component id="oc-a4">
         <name>.debug_info</name>
         <load_address>0x17593</load_address>
         <run_address>0x17593</run_address>
         <size>0x5cc</size>
         <input_file_ref idref="fl-a5"/>
      </object_component>
      <object_component id="oc-a7">
         <name>.debug_info</name>
         <load_address>0x17b5f</load_address>
         <run_address>0x17b5f</run_address>
         <size>0x781</size>
         <input_file_ref idref="fl-a6"/>
      </object_component>
      <object_component id="oc-aa">
         <name>.debug_info</name>
         <load_address>0x182e0</load_address>
         <run_address>0x182e0</run_address>
         <size>0x7b9</size>
         <input_file_ref idref="fl-a7"/>
      </object_component>
      <object_component id="oc-ad">
         <name>.debug_info</name>
         <load_address>0x18a99</load_address>
         <run_address>0x18a99</run_address>
         <size>0x813</size>
         <input_file_ref idref="fl-a8"/>
      </object_component>
      <object_component id="oc-b0">
         <name>.debug_info</name>
         <load_address>0x192ac</load_address>
         <run_address>0x192ac</run_address>
         <size>0x883</size>
         <input_file_ref idref="fl-a9"/>
      </object_component>
      <object_component id="oc-b5">
         <name>.debug_info</name>
         <load_address>0x19b2f</load_address>
         <run_address>0x19b2f</run_address>
         <size>0xb38</size>
         <input_file_ref idref="fl-aa"/>
      </object_component>
      <object_component id="oc-bb">
         <name>.debug_info</name>
         <load_address>0x1a667</load_address>
         <run_address>0x1a667</run_address>
         <size>0x806</size>
         <input_file_ref idref="fl-ab"/>
      </object_component>
      <object_component id="oc-be">
         <name>.debug_info</name>
         <load_address>0x1ae6d</load_address>
         <run_address>0x1ae6d</run_address>
         <size>0x664</size>
         <input_file_ref idref="fl-ac"/>
      </object_component>
      <object_component id="oc-c4">
         <name>.debug_info</name>
         <load_address>0x1b4d1</load_address>
         <run_address>0x1b4d1</run_address>
         <size>0xa13</size>
         <input_file_ref idref="fl-ad"/>
      </object_component>
      <object_component id="oc-c9">
         <name>.debug_info</name>
         <load_address>0x1bee4</load_address>
         <run_address>0x1bee4</run_address>
         <size>0xc92</size>
         <input_file_ref idref="fl-ae"/>
      </object_component>
      <object_component id="oc-cf">
         <name>.debug_info</name>
         <load_address>0x1cb76</load_address>
         <run_address>0x1cb76</run_address>
         <size>0x9ee</size>
         <input_file_ref idref="fl-af"/>
      </object_component>
      <object_component id="oc-d4">
         <name>.debug_info</name>
         <load_address>0x1d564</load_address>
         <run_address>0x1d564</run_address>
         <size>0x93b</size>
         <input_file_ref idref="fl-b0"/>
      </object_component>
      <object_component id="oc-da">
         <name>.debug_info</name>
         <load_address>0x1de9f</load_address>
         <run_address>0x1de9f</run_address>
         <size>0x8a7</size>
         <input_file_ref idref="fl-b1"/>
      </object_component>
      <object_component id="oc-df">
         <name>.debug_info</name>
         <load_address>0x1e746</load_address>
         <run_address>0x1e746</run_address>
         <size>0x60b</size>
         <input_file_ref idref="fl-b2"/>
      </object_component>
      <object_component id="oc-165">
         <name>.debug_info</name>
         <load_address>0x1ed51</load_address>
         <run_address>0x1ed51</run_address>
         <size>0x6d</size>
      </object_component>
      <object_component id="oc-1a">
         <name>.debug_frame</name>
         <load_address>0x0</load_address>
         <run_address>0x0</run_address>
         <size>0x2da</size>
         <input_file_ref idref="fl-2"/>
      </object_component>
      <object_component id="oc-1f">
         <name>.debug_frame</name>
         <load_address>0x2da</load_address>
         <run_address>0x2da</run_address>
         <size>0x40a</size>
         <input_file_ref idref="fl-3"/>
      </object_component>
      <object_component id="oc-26">
         <name>.debug_frame</name>
         <load_address>0x6e4</load_address>
         <run_address>0x6e4</run_address>
         <size>0x2eb</size>
         <input_file_ref idref="fl-4"/>
      </object_component>
      <object_component id="oc-2c">
         <name>.debug_frame</name>
         <load_address>0x9cf</load_address>
         <run_address>0x9cf</run_address>
         <size>0x28d</size>
         <input_file_ref idref="fl-5"/>
      </object_component>
      <object_component id="oc-1b">
         <name>.debug_line</name>
         <load_address>0x0</load_address>
         <run_address>0x0</run_address>
         <size>0x173</size>
         <input_file_ref idref="fl-2"/>
      </object_component>
      <object_component id="oc-20">
         <name>.debug_line</name>
         <load_address>0x173</load_address>
         <run_address>0x173</run_address>
         <size>0x2e9</size>
         <input_file_ref idref="fl-3"/>
      </object_component>
      <object_component id="oc-27">
         <name>.debug_line</name>
         <load_address>0x45c</load_address>
         <run_address>0x45c</run_address>
         <size>0xe9</size>
         <input_file_ref idref="fl-4"/>
      </object_component>
      <object_component id="oc-2d">
         <name>.debug_line</name>
         <load_address>0x545</load_address>
         <run_address>0x545</run_address>
         <size>0xe1</size>
         <input_file_ref idref="fl-5"/>
      </object_component>
      <object_component id="oc-31">
         <name>.debug_line</name>
         <load_address>0x626</load_address>
         <run_address>0x626</run_address>
         <size>0xb9</size>
         <input_file_ref idref="fl-6"/>
      </object_component>
      <object_component id="oc-35">
         <name>.debug_line</name>
         <load_address>0x6df</load_address>
         <run_address>0x6df</run_address>
         <size>0x3d</size>
         <input_file_ref idref="fl-83"/>
      </object_component>
      <object_component id="oc-3a">
         <name>.debug_line</name>
         <load_address>0x71c</load_address>
         <run_address>0x71c</run_address>
         <size>0x4f</size>
         <input_file_ref idref="fl-84"/>
      </object_component>
      <object_component id="oc-3d">
         <name>.debug_line</name>
         <load_address>0x76b</load_address>
         <run_address>0x76b</run_address>
         <size>0x4e</size>
         <input_file_ref idref="fl-85"/>
      </object_component>
      <object_component id="oc-40">
         <name>.debug_line</name>
         <load_address>0x7b9</load_address>
         <run_address>0x7b9</run_address>
         <size>0x6a</size>
         <input_file_ref idref="fl-86"/>
      </object_component>
      <object_component id="oc-43">
         <name>.debug_line</name>
         <load_address>0x823</load_address>
         <run_address>0x823</run_address>
         <size>0x6a</size>
         <input_file_ref idref="fl-87"/>
      </object_component>
      <object_component id="oc-48">
         <name>.debug_line</name>
         <load_address>0x88d</load_address>
         <run_address>0x88d</run_address>
         <size>0x36</size>
         <input_file_ref idref="fl-88"/>
      </object_component>
      <object_component id="oc-4c">
         <name>.debug_line</name>
         <load_address>0x8c3</load_address>
         <run_address>0x8c3</run_address>
         <size>0x345</size>
         <input_file_ref idref="fl-89"/>
      </object_component>
      <object_component id="oc-4f">
         <name>.debug_line</name>
         <load_address>0xc08</load_address>
         <run_address>0xc08</run_address>
         <size>0x41</size>
         <input_file_ref idref="fl-8a"/>
      </object_component>
      <object_component id="oc-52">
         <name>.debug_line</name>
         <load_address>0xc49</load_address>
         <run_address>0xc49</run_address>
         <size>0x41</size>
         <input_file_ref idref="fl-8b"/>
      </object_component>
      <object_component id="oc-55">
         <name>.debug_line</name>
         <load_address>0xc8a</load_address>
         <run_address>0xc8a</run_address>
         <size>0x47</size>
         <input_file_ref idref="fl-8c"/>
      </object_component>
      <object_component id="oc-58">
         <name>.debug_line</name>
         <load_address>0xcd1</load_address>
         <run_address>0xcd1</run_address>
         <size>0x45</size>
         <input_file_ref idref="fl-8d"/>
      </object_component>
      <object_component id="oc-5b">
         <name>.debug_line</name>
         <load_address>0xd16</load_address>
         <run_address>0xd16</run_address>
         <size>0x44</size>
         <input_file_ref idref="fl-8e"/>
      </object_component>
      <object_component id="oc-64">
         <name>.debug_line</name>
         <load_address>0xd5a</load_address>
         <run_address>0xd5a</run_address>
         <size>0x3c</size>
         <input_file_ref idref="fl-91"/>
      </object_component>
      <object_component id="oc-67">
         <name>.debug_line</name>
         <load_address>0xd96</load_address>
         <run_address>0xd96</run_address>
         <size>0x44</size>
         <input_file_ref idref="fl-92"/>
      </object_component>
      <object_component id="oc-6a">
         <name>.debug_line</name>
         <load_address>0xdda</load_address>
         <run_address>0xdda</run_address>
         <size>0x3d</size>
         <input_file_ref idref="fl-93"/>
      </object_component>
      <object_component id="oc-6d">
         <name>.debug_line</name>
         <load_address>0xe17</load_address>
         <run_address>0xe17</run_address>
         <size>0x3d</size>
         <input_file_ref idref="fl-94"/>
      </object_component>
      <object_component id="oc-70">
         <name>.debug_line</name>
         <load_address>0xe54</load_address>
         <run_address>0xe54</run_address>
         <size>0x3f</size>
         <input_file_ref idref="fl-95"/>
      </object_component>
      <object_component id="oc-74">
         <name>.debug_line</name>
         <load_address>0xe93</load_address>
         <run_address>0xe93</run_address>
         <size>0xaa</size>
         <input_file_ref idref="fl-96"/>
      </object_component>
      <object_component id="oc-77">
         <name>.debug_line</name>
         <load_address>0xf3d</load_address>
         <run_address>0xf3d</run_address>
         <size>0x3e</size>
         <input_file_ref idref="fl-97"/>
      </object_component>
      <object_component id="oc-7a">
         <name>.debug_line</name>
         <load_address>0xf7b</load_address>
         <run_address>0xf7b</run_address>
         <size>0x73</size>
         <input_file_ref idref="fl-98"/>
      </object_component>
      <object_component id="oc-7d">
         <name>.debug_line</name>
         <load_address>0xfee</load_address>
         <run_address>0xfee</run_address>
         <size>0x5f</size>
         <input_file_ref idref="fl-99"/>
      </object_component>
      <object_component id="oc-80">
         <name>.debug_line</name>
         <load_address>0x104d</load_address>
         <run_address>0x104d</run_address>
         <size>0x38</size>
         <input_file_ref idref="fl-9a"/>
      </object_component>
      <object_component id="oc-83">
         <name>.debug_line</name>
         <load_address>0x1085</load_address>
         <run_address>0x1085</run_address>
         <size>0x56</size>
         <input_file_ref idref="fl-9b"/>
      </object_component>
      <object_component id="oc-88">
         <name>.debug_line</name>
         <load_address>0x10db</load_address>
         <run_address>0x10db</run_address>
         <size>0x10d</size>
         <input_file_ref idref="fl-9c"/>
      </object_component>
      <object_component id="oc-8b">
         <name>.debug_line</name>
         <load_address>0x11e8</load_address>
         <run_address>0x11e8</run_address>
         <size>0x40</size>
         <input_file_ref idref="fl-9d"/>
      </object_component>
      <object_component id="oc-8e">
         <name>.debug_line</name>
         <load_address>0x1228</load_address>
         <run_address>0x1228</run_address>
         <size>0x3f</size>
         <input_file_ref idref="fl-9e"/>
      </object_component>
      <object_component id="oc-91">
         <name>.debug_line</name>
         <load_address>0x1267</load_address>
         <run_address>0x1267</run_address>
         <size>0x47</size>
         <input_file_ref idref="fl-9f"/>
      </object_component>
      <object_component id="oc-94">
         <name>.debug_line</name>
         <load_address>0x12ae</load_address>
         <run_address>0x12ae</run_address>
         <size>0x3d</size>
         <input_file_ref idref="fl-a0"/>
      </object_component>
      <object_component id="oc-97">
         <name>.debug_line</name>
         <load_address>0x12eb</load_address>
         <run_address>0x12eb</run_address>
         <size>0x37</size>
         <input_file_ref idref="fl-a1"/>
      </object_component>
      <object_component id="oc-9b">
         <name>.debug_line</name>
         <load_address>0x1322</load_address>
         <run_address>0x1322</run_address>
         <size>0x13a</size>
         <input_file_ref idref="fl-a2"/>
      </object_component>
      <object_component id="oc-9f">
         <name>.debug_line</name>
         <load_address>0x145c</load_address>
         <run_address>0x145c</run_address>
         <size>0x64</size>
         <input_file_ref idref="fl-a3"/>
      </object_component>
      <object_component id="oc-a2">
         <name>.debug_line</name>
         <load_address>0x14c0</load_address>
         <run_address>0x14c0</run_address>
         <size>0x40</size>
         <input_file_ref idref="fl-a4"/>
      </object_component>
      <object_component id="oc-a5">
         <name>.debug_line</name>
         <load_address>0x1500</load_address>
         <run_address>0x1500</run_address>
         <size>0x23</size>
         <input_file_ref idref="fl-a5"/>
      </object_component>
      <object_component id="oc-a8">
         <name>.debug_line</name>
         <load_address>0x1523</load_address>
         <run_address>0x1523</run_address>
         <size>0x3e</size>
         <input_file_ref idref="fl-a6"/>
      </object_component>
      <object_component id="oc-ab">
         <name>.debug_line</name>
         <load_address>0x1561</load_address>
         <run_address>0x1561</run_address>
         <size>0x3c</size>
         <input_file_ref idref="fl-a7"/>
      </object_component>
      <object_component id="oc-ae">
         <name>.debug_line</name>
         <load_address>0x159d</load_address>
         <run_address>0x159d</run_address>
         <size>0x40</size>
         <input_file_ref idref="fl-a8"/>
      </object_component>
      <object_component id="oc-b3">
         <name>.debug_line</name>
         <load_address>0x15dd</load_address>
         <run_address>0x15dd</run_address>
         <size>0x42</size>
         <input_file_ref idref="fl-a9"/>
      </object_component>
      <object_component id="oc-b9">
         <name>.debug_line</name>
         <load_address>0x161f</load_address>
         <run_address>0x161f</run_address>
         <size>0xa7</size>
         <input_file_ref idref="fl-aa"/>
      </object_component>
      <object_component id="oc-bc">
         <name>.debug_line</name>
         <load_address>0x16c6</load_address>
         <run_address>0x16c6</run_address>
         <size>0x3e</size>
         <input_file_ref idref="fl-ab"/>
      </object_component>
      <object_component id="oc-bf">
         <name>.debug_line</name>
         <load_address>0x1704</load_address>
         <run_address>0x1704</run_address>
         <size>0x39</size>
         <input_file_ref idref="fl-ac"/>
      </object_component>
      <object_component id="oc-c5">
         <name>.debug_line</name>
         <load_address>0x173d</load_address>
         <run_address>0x173d</run_address>
         <size>0x6a</size>
         <input_file_ref idref="fl-ad"/>
      </object_component>
      <object_component id="oc-ca">
         <name>.debug_line</name>
         <load_address>0x17a7</load_address>
         <run_address>0x17a7</run_address>
         <size>0x10b</size>
         <input_file_ref idref="fl-ae"/>
      </object_component>
      <object_component id="oc-d0">
         <name>.debug_line</name>
         <load_address>0x18b2</load_address>
         <run_address>0x18b2</run_address>
         <size>0x9d</size>
         <input_file_ref idref="fl-af"/>
      </object_component>
      <object_component id="oc-d5">
         <name>.debug_line</name>
         <load_address>0x194f</load_address>
         <run_address>0x194f</run_address>
         <size>0xa4</size>
         <input_file_ref idref="fl-b0"/>
      </object_component>
      <object_component id="oc-db">
         <name>.debug_line</name>
         <load_address>0x19f3</load_address>
         <run_address>0x19f3</run_address>
         <size>0xb2</size>
         <input_file_ref idref="fl-b1"/>
      </object_component>
      <object_component id="oc-e0">
         <name>.debug_line</name>
         <load_address>0x1aa5</load_address>
         <run_address>0x1aa5</run_address>
         <size>0x7b</size>
         <input_file_ref idref="fl-b2"/>
      </object_component>
      <object_component id="oc-1c">
         <name>.debug_abbrev</name>
         <load_address>0x0</load_address>
         <run_address>0x0</run_address>
         <size>0x145</size>
         <input_file_ref idref="fl-2"/>
      </object_component>
      <object_component id="oc-21">
         <name>.debug_abbrev</name>
         <load_address>0x145</load_address>
         <run_address>0x145</run_address>
         <size>0x215</size>
         <input_file_ref idref="fl-3"/>
      </object_component>
      <object_component id="oc-28">
         <name>.debug_abbrev</name>
         <load_address>0x35a</load_address>
         <run_address>0x35a</run_address>
         <size>0x11e</size>
         <input_file_ref idref="fl-4"/>
      </object_component>
      <object_component id="oc-2e">
         <name>.debug_abbrev</name>
         <load_address>0x478</load_address>
         <run_address>0x478</run_address>
         <size>0x187</size>
         <input_file_ref idref="fl-5"/>
      </object_component>
      <object_component id="oc-32">
         <name>.debug_abbrev</name>
         <load_address>0x5ff</load_address>
         <run_address>0x5ff</run_address>
         <size>0x20</size>
         <input_file_ref idref="fl-6"/>
      </object_component>
      <object_component id="oc-36">
         <name>.debug_abbrev</name>
         <load_address>0x61f</load_address>
         <run_address>0x61f</run_address>
         <size>0xfe</size>
         <input_file_ref idref="fl-83"/>
      </object_component>
      <object_component id="oc-3b">
         <name>.debug_abbrev</name>
         <load_address>0x71d</load_address>
         <run_address>0x71d</run_address>
         <size>0x119</size>
         <input_file_ref idref="fl-84"/>
      </object_component>
      <object_component id="oc-3e">
         <name>.debug_abbrev</name>
         <load_address>0x836</load_address>
         <run_address>0x836</run_address>
         <size>0xd5</size>
         <input_file_ref idref="fl-85"/>
      </object_component>
      <object_component id="oc-41">
         <name>.debug_abbrev</name>
         <load_address>0x90b</load_address>
         <run_address>0x90b</run_address>
         <size>0x161</size>
         <input_file_ref idref="fl-86"/>
      </object_component>
      <object_component id="oc-44">
         <name>.debug_abbrev</name>
         <load_address>0xa6c</load_address>
         <run_address>0xa6c</run_address>
         <size>0x3a</size>
         <input_file_ref idref="fl-87"/>
      </object_component>
      <object_component id="oc-49">
         <name>.debug_abbrev</name>
         <load_address>0xaa6</load_address>
         <run_address>0xaa6</run_address>
         <size>0x9f</size>
         <input_file_ref idref="fl-88"/>
      </object_component>
      <object_component id="oc-4d">
         <name>.debug_abbrev</name>
         <load_address>0xb45</load_address>
         <run_address>0xb45</run_address>
         <size>0x1d1</size>
         <input_file_ref idref="fl-89"/>
      </object_component>
      <object_component id="oc-50">
         <name>.debug_abbrev</name>
         <load_address>0xd16</load_address>
         <run_address>0xd16</run_address>
         <size>0xe1</size>
         <input_file_ref idref="fl-8a"/>
      </object_component>
      <object_component id="oc-53">
         <name>.debug_abbrev</name>
         <load_address>0xdf7</load_address>
         <run_address>0xdf7</run_address>
         <size>0xcc</size>
         <input_file_ref idref="fl-8b"/>
      </object_component>
      <object_component id="oc-56">
         <name>.debug_abbrev</name>
         <load_address>0xec3</load_address>
         <run_address>0xec3</run_address>
         <size>0x13f</size>
         <input_file_ref idref="fl-8c"/>
      </object_component>
      <object_component id="oc-59">
         <name>.debug_abbrev</name>
         <load_address>0x1002</load_address>
         <run_address>0x1002</run_address>
         <size>0xdd</size>
         <input_file_ref idref="fl-8d"/>
      </object_component>
      <object_component id="oc-5c">
         <name>.debug_abbrev</name>
         <load_address>0x10df</load_address>
         <run_address>0x10df</run_address>
         <size>0x10c</size>
         <input_file_ref idref="fl-8e"/>
      </object_component>
      <object_component id="oc-5e">
         <name>.debug_abbrev</name>
         <load_address>0x11eb</load_address>
         <run_address>0x11eb</run_address>
         <size>0x5f</size>
         <input_file_ref idref="fl-8f"/>
      </object_component>
      <object_component id="oc-62">
         <name>.debug_abbrev</name>
         <load_address>0x124a</load_address>
         <run_address>0x124a</run_address>
         <size>0x8e</size>
         <input_file_ref idref="fl-90"/>
      </object_component>
      <object_component id="oc-65">
         <name>.debug_abbrev</name>
         <load_address>0x12d8</load_address>
         <run_address>0x12d8</run_address>
         <size>0xf5</size>
         <input_file_ref idref="fl-91"/>
      </object_component>
      <object_component id="oc-68">
         <name>.debug_abbrev</name>
         <load_address>0x13cd</load_address>
[...]
         <name>_paTable</name>
         <value>0xcd44</value>
         <object_component_ref idref="oc-104"/>
      </symbol>
      <symbol id="sm-1b5">
         <name>_CC1101_readBurstReg</name>
         <value>0x714</value>
         <object_component_ref idref="oc-f7"/>
      </symbol>
      <symbol id="sm-1b6">
         <name>_CC1101_setDefaultRegs</name>
         <value>0xa90</value>
         <object_component_ref idref="oc-f7"/>
      </symbol>
      <symbol id="sm-1b7">
         <name>_CC1101_setChannel</name>
         <value>0x1034</value>
         <object_component_ref idref="oc-f7"/>
      </symbol>
      <symbol id="sm-1b8">
         <name>_CC1101_receiveData</name>
         <value>0x15a0</value>
         <object_component_ref idref="oc-f7"/>
      </symbol>
      <symbol id="sm-1b9">
         <name>_CC1101_setSyncWord</name>
         <value>0xf98</value>
         <object_component_ref idref="oc-f7"/>
      </symbol>
      <symbol id="sm-1ba">
         <name>_CC1101_setDevAddress</name>
         <value>0xfec</value>
         <object_component_ref idref="oc-f7"/>
      </symbol>
      <symbol id="sm-1bb">
         <name>_CC1101_writeBurstReg</name>
         <value>0x3b8</value>
         <object_component_ref idref="oc-f7"/>
      </symbol>
      <symbol id="sm-1bc">
         <name>_CC1101_init</name>
         <value>0xed4</value>
         <object_component_ref idref="oc-f7"/>
      </symbol>
      <symbol id="sm-1bd">
         <name>_CC1101</name>
         <value>0xc030</value>
         <object_component_ref idref="oc-1e"/>
      </symbol>
      <symbol id="sm-1be">
         <name>_CC1101_reset</name>
         <value>0x87c</value>
         <object_component_ref idref="oc-f7"/>
      </symbol>
      <symbol id="sm-1bf">
         <name>_CC1101_setCarrierFreq</name>
         <value>0x107c</value>
         <object_component_ref idref="oc-f7"/>
      </symbol>
      <symbol id="sm-1c0">
         <name>_CC1101_wakeUp</name>
         <value>0x200</value>
         <object_component_ref idref="oc-f7"/>
      </symbol>
      <symbol id="sm-1f6">
         <name>_ToggleDebugGPIO</name>
         <value>0x3850</value>
         <object_component_ref idref="oc-f6"/>
      </symbol>
      <symbol id="sm-1f7">
         <name>_gpioToggle</name>
         <value>0x374c</value>
         <object_component_ref idref="oc-f6"/>
      </symbol>
      <symbol id="sm-1f8">
         <name>_toggle_LED</name>
         <value>0x3500</value>
         <object_component_ref idref="oc-f6"/>
      </symbol>
      <symbol id="sm-1f9">
         <name>_gpioInit</name>
         <value>0x3580</value>
         <object_component_ref idref="oc-f6"/>
      </symbol>
      <symbol id="sm-1fa">
         <name>_led_prev</name>
         <value>0xc014</value>
         <object_component_ref idref="oc-24"/>
      </symbol>
      <symbol id="sm-1fb">
         <name>_cc1101_Sel</name>
         <value>0x3a18</value>
         <object_component_ref idref="oc-f6"/>
      </symbol>
      <symbol id="sm-1fc">
         <name>_hGpio</name>
         <value>0xc010</value>
         <object_component_ref idref="oc-24"/>
      </symbol>
      <symbol id="sm-230">
         <name>_serialPortRcvISR</name>
         <value>0xba40</value>
         <object_component_ref idref="oc-2a"/>
      </symbol>
      <symbol id="sm-231">
         <name>_main</name>
         <value>0x85a8</value>
         <object_component_ref idref="oc-f0"/>
      </symbol>
      <symbol id="sm-254">
         <name>_c_int00</name>
         <value>0xb580</value>
         <object_component_ref idref="oc-18"/>
      </symbol>
      <symbol id="sm-255">
         <name>__stack</name>
         <value>0xc040</value>
         <object_component_ref idref="oc-34"/>
      </symbol>
      <symbol id="sm-265">
         <name>C$$EXIT</name>
         <value>0xb9e0</value>
         <object_component_ref idref="oc-f1"/>
      </symbol>
      <symbol id="sm-266">
         <name>_exit</name>
         <value>0xa8c0</value>
         <object_component_ref idref="oc-e3"/>
      </symbol>
      <symbol id="sm-267">
         <name>___TI_enable_exit_profile_output</name>
         <value>0xc00c</value>
         <object_component_ref idref="oc-39"/>
      </symbol>
      <symbol id="sm-268">
         <name>_abort</name>
         <value>0xb9e0</value>
         <object_component_ref idref="oc-f1"/>
      </symbol>
      <symbol id="sm-269">
         <name>__cleanup_ptr</name>
         <value>0xc004</value>
         <object_component_ref idref="oc-39"/>
      </symbol>
      <symbol id="sm-26a">
         <name>__dtors_ptr</name>
         <value>0xc008</value>
         <object_component_ref idref="oc-39"/>
      </symbol>
      <symbol id="sm-274">
         <name>_memcpy</name>
         <value>0x77a0</value>
         <object_component_ref idref="oc-ee"/>
      </symbol>
      <symbol id="sm-282">
         <name>_printf</name>
         <value>0xa260</value>
         <object_component_ref idref="oc-f8"/>
      </symbol>
      <symbol id="sm-28c">
         <name>__c6xabi_strasgi</name>
         <value>0x90e0</value>
         <object_component_ref idref="oc-fb"/>
      </symbol>
      <symbol id="sm-28d">
         <name>__strasg</name>
         <value>0xa7e0</value>
         <object_component_ref idref="oc-ec"/>
      </symbol>
      <symbol id="sm-28e">
         <name>__strasgi</name>
         <value>0x90e0</value>
         <object_component_ref idref="oc-fb"/>
      </symbol>
      <symbol id="sm-29c">
         <name>__unlock</name>
         <value>0xc01c</value>
         <object_component_ref idref="oc-47"/>
      </symbol>
      <symbol id="sm-29d">
         <name>__lock</name>
         <value>0xc018</value>
         <object_component_ref idref="oc-47"/>
      </symbol>
      <symbol id="sm-29e">
         <name>__nop</name>
         <value>0xb980</value>
         <object_component_ref idref="oc-e4"/>
      </symbol>
      <symbol id="sm-2ce">
         <name>__printfi</name>
         <value>0x3a80</value>
         <object_component_ref idref="oc-107"/>
      </symbol>
      <symbol id="sm-2d8">
         <name>__args_main</name>
         <value>0xb900</value>
         <object_component_ref idref="oc-e2"/>
      </symbol>
      <symbol id="sm-2d9">
         <name>__TI_args_main</name>
         <value>0x1</value>
      </symbol>
      <symbol id="sm-2e3">
         <name>_atoi</name>
         <value>0x9220</value>
         <object_component_ref idref="oc-115"/>
      </symbol>
      <symbol id="sm-2ed">
         <name>__auto_init</name>
         <value>0x9d60</value>
         <object_component_ref idref="oc-e1"/>
      </symbol>
      <symbol id="sm-2f7">
         <name>___TI_cpp_init</name>
         <value>0xb400</value>
         <object_component_ref idref="oc-ef"/>
      </symbol>
      <symbol id="sm-301">
         <name>_copy_in</name>
         <value>0xada0</value>
         <object_component_ref idref="oc-ed"/>
      </symbol>
      <symbol id="sm-309">
         <name>__ctypes_</name>
         <value>0xcbac</value>
         <object_component_ref idref="oc-11b"/>
      </symbol>
      <symbol id="sm-313">
         <name>__tmpnams</name>
         <value>0xbc40</value>
         <object_component_ref idref="oc-61"/>
      </symbol>
      <symbol id="sm-314">
         <name>__ft_end</name>
         <value>0xbd80</value>
         <object_component_ref idref="oc-61"/>
      </symbol>
      <symbol id="sm-315">
         <name>__ftable</name>
         <value>0xba60</value>
         <object_component_ref idref="oc-61"/>
      </symbol>
      <symbol id="sm-31f">
         <name>__divd</name>
         <value>0x20e0</value>
         <object_component_ref idref="oc-12d"/>
      </symbol>
      <symbol id="sm-327">
         <name>__c6xabi_divu</name>
         <value>0xace0</value>
         <object_component_ref idref="oc-138"/>
      </symbol>
      <symbol id="sm-328">
         <name>__divu</name>
         <value>0xace0</value>
         <object_component_ref idref="oc-138"/>
      </symbol>
      <symbol id="sm-332">
         <name>__fixdli</name>
         <value>0xafc0</value>
         <object_component_ref idref="oc-133"/>
      </symbol>
      <symbol id="sm-33c">
         <name>__fltlid</name>
         <value>0xb480</value>
         <object_component_ref idref="oc-135"/>
      </symbol>
      <symbol id="sm-346">
         <name>_putc</name>
         <value>0x6e20</value>
         <object_component_ref idref="oc-10c"/>
      </symbol>
      <symbol id="sm-347">
         <name>_fputc</name>
         <value>0x6e20</value>
         <object_component_ref idref="oc-10c"/>
      </symbol>
      <symbol id="sm-353">
         <name>_fputs</name>
         <value>0x3fe0</value>
         <object_component_ref idref="oc-10b"/>
      </symbol>
      <symbol id="sm-35d">
         <name>__frcmpyd_div</name>
         <value>0x8fa0</value>
         <object_component_ref idref="oc-137"/>
      </symbol>
      <symbol id="sm-36b">
         <name>__divul</name>
         <value>0x70c0</value>
         <object_component_ref idref="oc-139"/>
      </symbol>
      <symbol id="sm-36c">
         <name>__remli</name>
         <value>0xb100</value>
         <object_component_ref idref="oc-13d"/>
      </symbol>
      <symbol id="sm-36d">
         <name>__divli</name>
         <value>0x9f60</value>
         <object_component_ref idref="oc-13e"/>
      </symbol>
      <symbol id="sm-379">
         <name>__subcull</name>
         <value>0xb7a0</value>
         <object_component_ref idref="oc-140"/>
      </symbol>
      <symbol id="sm-37a">
         <name>__divull</name>
         <value>0x5540</value>
         <object_component_ref idref="oc-13a"/>
      </symbol>
      <symbol id="sm-384">
         <name>___isinf</name>
         <value>0xb6e0</value>
         <object_component_ref idref="oc-11d"/>
      </symbol>
      <symbol id="sm-390">
         <name>__llshl</name>
         <value>0xb500</value>
         <object_component_ref idref="oc-13f"/>
      </symbol>
      <symbol id="sm-391">
         <name>__llshru</name>
         <value>0xb740</value>
         <object_component_ref idref="oc-136"/>
      </symbol>
      <symbol id="sm-3a9">
         <name>_unlink</name>
         <value>0xb240</value>
         <object_component_ref idref="oc-141"/>
      </symbol>
      <symbol id="sm-3aa">
         <name>_lseek</name>
         <value>0xa160</value>
         <object_component_ref idref="oc-124"/>
      </symbol>
      <symbol id="sm-3ab">
         <name>_close</name>
         <value>0x9920</value>
         <object_component_ref idref="oc-13b"/>
      </symbol>
      <symbol id="sm-3ac">
         <name>_write</name>
         <value>0xa360</value>
         <object_component_ref idref="oc-113"/>
      </symbol>
      <symbol id="sm-3b6">
         <name>_ltoa</name>
         <value>0x9360</value>
         <object_component_ref idref="oc-134"/>
      </symbol>
      <symbol id="sm-3c0">
         <name>_memccpy</name>
         <value>0xb600</value>
         <object_component_ref idref="oc-118"/>
      </symbol>
      <symbol id="sm-3ca">
         <name>_memset</name>
         <value>0x9a40</value>
         <object_component_ref idref="oc-114"/>
      </symbol>
      <symbol id="sm-3d4">
         <name>__mpyll</name>
         <value>0xb060</value>
         <object_component_ref idref="oc-12f"/>
      </symbol>
      <symbol id="sm-3de">
         <name>__negll</name>
         <value>0xb960</value>
         <object_component_ref idref="oc-122"/>
      </symbol>
      <symbol id="sm-3f6">
         <name>_HOSTopen</name>
         <value>0x94a0</value>
         <object_component_ref idref="oc-e5"/>
      </symbol>
      <symbol id="sm-3f7">
         <name>_HOSTread</name>
         <value>0x8d20</value>
         <object_component_ref idref="oc-e7"/>
      </symbol>
      <symbol id="sm-3f8">
         <name>_HOSTrename</name>
         <value>0x79e0</value>
         <object_component_ref idref="oc-eb"/>
      </symbol>
      <symbol id="sm-3f9">
         <name>_HOSTwrite</name>
         <value>0x95c0</value>
         <object_component_ref idref="oc-e8"/>
      </symbol>
      <symbol id="sm-3fa">
         <name>_HOSTlseek</name>
         <value>0x8a60</value>
         <object_component_ref idref="oc-e9"/>
      </symbol>
      <symbol id="sm-3fb">
         <name>_HOSTunlink</name>
         <value>0x9c60</value>
         <object_component_ref idref="oc-ea"/>
      </symbol>
      <symbol id="sm-3fc">
         <name>_HOSTclose</name>
         <value>0x9b60</value>
         <object_component_ref idref="oc-e6"/>
      </symbol>
      <symbol id="sm-40a">
         <name>C$$IO$$</name>
         <value>0xb358</value>
         <object_component_ref idref="oc-f2"/>
      </symbol>
      <symbol id="sm-40b">
         <name>__CIOBUF_</name>
         <value>0xcd50</value>
         <object_component_ref idref="oc-9e"/>
      </symbol>
      <symbol id="sm-40c">
         <name>_readmsg</name>
         <value>0xb1a0</value>
         <object_component_ref idref="oc-f3"/>
      </symbol>
      <symbol id="sm-40d">
         <name>_writemsg</name>
         <value>0xb2e0</value>
         <object_component_ref idref="oc-f2"/>
      </symbol>
      <symbol id="sm-417">
         <name>__wrt_ok</name>
         <value>0x9800</value>
         <object_component_ref idref="oc-111"/>
      </symbol>
      <symbol id="sm-428">
         <name>__doflush</name>
         <value>0xa540</value>
         <object_component_ref idref="oc-112"/>
      </symbol>
      <symbol id="sm-432">
         <name>_fseek</name>
         <value>0x81e0</value>
         <object_component_ref idref="oc-119"/>
      </symbol>
      <symbol id="sm-43c">
         <name>_setvbuf</name>
         <value>0x68c0</value>
         <object_component_ref idref="oc-11a"/>
      </symbol>
      <symbol id="sm-44a">
         <name>__cleanup</name>
         <value>0xa460</value>
         <object_component_ref idref="oc-127"/>
      </symbol>
      <symbol id="sm-460">
         <name>__sys_memory</name>
         <value>0xc440</value>
         <object_component_ref idref="oc-b8"/>
      </symbol>
      <symbol id="sm-461">
         <name>_free</name>
         <value>0x58c0</value>
         <object_component_ref idref="oc-125"/>
      </symbol>
      <symbol id="sm-462">
         <name>_malloc</name>
         <value>0x7560</value>
         <object_component_ref idref="oc-126"/>
      </symbol>
      <symbol id="sm-46c">
         <name>__closefile</name>
         <value>0x8bc0</value>
         <object_component_ref idref="oc-132"/>
      </symbol>
      <symbol id="sm-476">
         <name>_remove</name>
         <value>0xba00</value>
         <object_component_ref idref="oc-13c"/>
      </symbol>
      <symbol id="sm-486">
         <name>_CSL6713_LIB_</name>
         <value>0xb940</value>
         <object_component_ref idref="oc-f4"/>
      </symbol>
      <symbol id="sm-487">
         <name>__CSL_init</name>
         <value>0x7c00</value>
         <object_component_ref idref="oc-f5"/>
      </symbol>
      <symbol id="sm-4a1">
         <name>_GPIO_open</name>
         <value>0xab60</value>
         <object_component_ref idref="oc-fc"/>
      </symbol>
      <symbol id="sm-4a2">
         <name>_GPIO_pinRead</name>
         <value>0xb840</value>
         <object_component_ref idref="oc-101"/>
      </symbol>
      <symbol id="sm-4a3">
         <name>_GPIO_pinEnable</name>
         <value>0xb800</value>
         <object_component_ref idref="oc-fe"/>
      </symbol>
      <symbol id="sm-4a4">
         <name>__GPIO_intTable</name>
         <value>0xbfc8</value>
         <object_component_ref idref="oc-c7"/>
      </symbol>
      <symbol id="sm-4a5">
         <name>_GPIO_pinDirection</name>
         <value>0xb680</value>
         <object_component_ref idref="oc-ff"/>
      </symbol>
      <symbol id="sm-4a6">
         <name>__hGpioDev0</name>
         <value>0xbfdc</value>
         <object_component_ref idref="oc-c7"/>
      </symbol>
      <symbol id="sm-4a7">
         <name>_GPIO_reset</name>
         <value>0xac20</value>
         <object_component_ref idref="oc-10a"/>
      </symbol>
      <symbol id="sm-4a8">
         <name>_GPIO_config</name>
         <value>0xb380</value>
         <object_component_ref idref="oc-fd"/>
      </symbol>
      <symbol id="sm-4a9">
         <name>_GPIO_pinWrite</name>
         <value>0xb880</value>
         <object_component_ref idref="oc-100"/>
      </symbol>
      <symbol id="sm-4bb">
         <name>__IRQ_eventTable</name>
         <value>0xbec8</value>
         <object_component_ref idref="oc-cd"/>
      </symbol>
      <symbol id="sm-4bc">
         <name>__IRQ_intTable</name>
         <value>0xbf4c</value>
         <object_component_ref idref="oc-cd"/>
      </symbol>
      <symbol id="sm-4bd">
         <name>__IRQ_init</name>
         <value>0xaf20</value>
         <object_component_ref idref="oc-f9"/>
      </symbol>
      <symbol id="sm-4be">
         <name>__IRQ_dispatchTable</name>
         <value>0xbf8c</value>
         <object_component_ref idref="oc-cd"/>
      </symbol>
      <symbol id="sm-4bf">
         <name>__IRQ_hookFetchPacket</name>
         <value>0xba20</value>
         <object_component_ref idref="oc-cb"/>
      </symbol>
      <symbol id="sm-4cf">
         <name>_TIMER_reset</name>
         <value>0x96e0</value>
         <object_component_ref idref="oc-109"/>
      </symbol>
      <symbol id="sm-4d0">
         <name>_TIMER_open</name>
         <value>0x8e60</value>
         <object_component_ref idref="oc-fa"/>
      </symbol>
      <symbol id="sm-4d1">
         <name>__TIMER_hDev0</name>
         <value>0xbff8</value>
         <object_component_ref idref="oc-d2"/>
      </symbol>
      <symbol id="sm-4d2">
         <name>__TIMER_hDev1</name>
         <value>0xbffc</value>
         <object_component_ref idref="oc-d2"/>
      </symbol>
      <symbol id="sm-4d3">
         <name>__TIMER_hBios</name>
         <value>0xc000</value>
         <object_component_ref idref="oc-d2"/>
      </symbol>
      <symbol id="sm-4d4">
         <name>__TIMER_deviceTable</name>
         <value>0xbfe0</value>
         <object_component_ref idref="oc-d2"/>
      </symbol>
      <symbol id="sm-4e2">
         <name>_DSK6713_init</name>
         <value>0x44ec</value>
         <object_component_ref idref="oc-d6"/>
      </symbol>
      <symbol id="sm-4e3">
         <name>_DSK6713_version</name>
         <value>0xc03c</value>
         <object_component_ref idref="oc-d7"/>
      </symbol>
      <symbol id="sm-4e4">
         <name>_DSK6713_rget</name>
         <value>0x4808</value>
         <object_component_ref idref="oc-d6"/>
      </symbol>
      <symbol id="sm-4e5">
         <name>_DSK6713_wait</name>
         <value>0x4830</value>
         <object_component_ref idref="oc-d6"/>
      </symbol>
      <symbol id="sm-4e6">
         <name>_DSK6713_rset</name>
         <value>0x481c</value>
         <object_component_ref idref="oc-d6"/>
      </symbol>
      <symbol id="sm-4e7">
         <name>_DSK6713_waitusec</name>
         <value>0x4888</value>
         <object_component_ref idref="oc-d6"/>
      </symbol>
      <symbol id="sm-4e8">
         <name>_DSK6713_getVersion</name>
         <value>0x48b4</value>
         <object_component_ref idref="oc-d6"/>
      </symbol>
      <symbol id="sm-4f4">
         <name>_DSK6713_LED_init</name>
         <value>0x8000</value>
         <object_component_ref idref="oc-dc"/>
      </symbol>
      <symbol id="sm-4f5">
         <name>_DSK6713_LED_on</name>
         <value>0x80b0</value>
         <object_component_ref idref="oc-dc"/>
      </symbol>
      <symbol id="sm-4f6">
         <name>_DSK6713_LED_toggle</name>
         <value>0x8120</value>
         <object_component_ref idref="oc-dc"/>
      </symbol>
      <symbol id="sm-4f7">
         <name>_DSK6713_LED_off</name>
         <value>0x8040</value>
         <object_component_ref idref="oc-dc"/>
      </symbol>
   </symbol_table>
</link_info>
