******************************************************************************
               TMS320C6x Linker PC v7.4.8                      
******************************************************************************
>> Linked Wed Mar 04 06:00:15 2015

OUTPUT FILE NAME:   <stereoloop.out>
ENTRY POINT SYMBOL: "_c_int00"  address: 00001d60


MEMORY CONFIGURATION

         name            origin    length      used     unused   attr    fill
----------------------  --------  ---------  --------  --------  ----  --------
  VECS                  00000000   00000200  00000200  00000000  RWIX
  IRAM                  00000200   0002fe00  000025ae  0002d852  RWIX
  L2RAM                 00030000   00010000  00000000  00010000  RWIX
  EMIFCE0               80000000   10000000  00000000  10000000  RWIX
  EMIFCE1               90000000   10000000  00000000  10000000  RWIX
  EMIFCE2               a0000000   10000000  00000000  10000000  RWIX
  EMIFCE3               b0000000   10000000  00000000  10000000  RWIX


SECTION ALLOCATION MAP

 output                                  attributes/
section   page    origin      length       input sections
--------  ----  ----------  ----------   ----------------
vectors    0    00000000    00000200     
                  00000000    00000200     vectors.obj (vectors)

.pinit     0    00000200    00000000     UNINITIALIZED

.text      0    00000200    00001d40     
                  00000200    00000480     dsk6713bsl.lib : dsk6713.obj (.text)
                  00000680    00000440     stereoloop.obj (.text)
                  00000ac0    00000300     dsk6713bsl.lib : dsk6713_aic23_opencodec.obj (.text)
                  00000dc0    00000240     rts6700.lib : memcpy62.obj (.text:_memcpy)
                  00001000    000001c0     csl6713.lib : csl_irq.obj (.text:_IRQ_map)
                  000011c0    000001a0                 : csl_mcbsp.obj (.text:_MCBSP_reset)
                  00001360    00000160     stereoloop.obj (.text:retain)
                  000014c0    00000140     dsk6713bsl.lib : dsk6713_aic23_registers.obj (.text)
                  00001600    00000100     csl6713.lib : csl_mcbsp.obj (.text:_MCBSP_open)
                  00001700    00000100                 : csl_mcbsp.obj (.text:_MCBSP_start)
                  00001800    00000100     rts6700.lib : autoinit.obj (.text:__auto_init)
                  00001900    000000e0                 : strasg.obj (.text:__strasg)
                  000019e0    000000e0                 : exit.obj (.text:_exit)
                  00001ac0    000000c0                 : cpy_tbl.obj (.text:_copy_in)
                  00001b80    000000c0     dsk6713bsl.lib : dsk6713_aic23_setfreq.obj (.text)
                  00001c40    000000a0     csl6713.lib : csl_irq.obj (.text:_setMux)
                  00001ce0    00000080     rts6700.lib : cpp_init.obj (.text:___TI_cpp_init)
                  00001d60    00000080                 : boot.obj (.text:_c_int00)
                  00001de0    00000040     csl6713.lib : csl_irq.obj (.text:_IRQ_enable)
                  00001e20    00000040     rts6700.lib : args_main.obj (.text:__args_main)
                  00001e60    00000020     csl6713.lib : csl_irq.obj (.text:_IRQ_globalDisable)
                  00001e80    00000020                 : csl_irq.obj (.text:_IRQ_globalEnable)
                  00001ea0    00000020                 : csl_irq.obj (.text:_IRQ_nmiEnable)
                  00001ec0    00000020                 : csl_mcbsp.obj (.text:_MCBSP_read)
                  00001ee0    00000020                 : csl_mcbsp.obj (.text:_MCBSP_write)
                  00001f00    00000020     rts6700.lib : exit.obj (.text:_abort)
                  00001f20    00000020     csl6713.lib : csl_irq.obj (.text)

.bss       0    00000200    00000000     UNINITIALIZED

.data      0    00000200    00000000     UNINITIALIZED

.stack     0    00001f40    00000400     UNINITIALIZED
                  00001f40    00000008     rts6700.lib : boot.obj (.stack)
                  00001f48    000003f8     --HOLE--

.cinit     0    00002340    00000254     
                  00002340    0000012c     csl6713.lib : csl_irq.obj (.cinit)
                  0000246c    00000004     --HOLE-- [fill = 0]
                  00002470    00000054                 : csl_mcbsp.obj (.cinit)
                  000024c4    00000004     --HOLE-- [fill = 0]
                  000024c8    00000040     stereoloop.obj (.cinit)
                  00002508    00000030     dsk6713bsl.lib : dsk6713_aic23_registers.obj (.cinit)
                  00002538    0000002c     rts6700.lib : exit.obj (.cinit)
                  00002564    00000004     --HOLE-- [fill = 0]
                  00002568    00000028     dsk6713bsl.lib : dsk6713_aic23_setfreq.obj (.cinit)
                  00002590    00000004     --HOLE-- [fill = 0]

.far       0    00002594    000001ba     UNINITIALIZED
                  00002594    000000f4     csl6713.lib : csl_irq.obj (.far)
                  00002688    00000038                 : csl_mcbsp.obj (.far)
                  000026c0    00000030     stereoloop.obj (.far)
                  000026f0    00000028     dsk6713bsl.lib : dsk6713_aic23_registers.obj (.far)
                  00002718    00000020                    : dsk6713_aic23_setfreq.obj (.far)
                  00002738    0000000c     rts6700.lib : exit.obj (.far)
                  00002744    00000008     dsk6713bsl.lib : dsk6713_aic23_opencodec.obj (.far)
                  0000274c    00000002                    : dsk6713.obj (.far)

.const     0    00002750    00000060     
                  00002750    00000040     dsk6713bsl.lib : dsk6713_aic23_opencodec.obj (.const)
                  00002790    00000020                    : dsk6713.obj (.const)


GLOBAL SYMBOLS: SORTED ALPHABETICALLY BY Name 

address    name
--------   ----
00000200   $bss
00000200   .bss
00000200   .data
00000200   .text
00001f00   C$$EXIT
00000680   _CPLD_ReadMisc
000006b8   _CPLD_WriteMisc
00002744   _DSK6713_AIC23_codeccontrolhandle
00002748   _DSK6713_AIC23_codecdatahandle
00001580   _DSK6713_AIC23_config
00000ac0   _DSK6713_AIC23_openCodec
00001558   _DSK6713_AIC23_rget
000014c0   _DSK6713_AIC23_rset
00001b80   _DSK6713_AIC23_setFreq
00000614   _DSK6713_getVersion
0000024c   _DSK6713_init
00000568   _DSK6713_rget
0000057c   _DSK6713_rset
0000274c   _DSK6713_version
00000590   _DSK6713_wait
000005e8   _DSK6713_waitusec
00001de0   _IRQ_enable
00001e60   _IRQ_globalDisable
00001e80   _IRQ_globalEnable
00001000   _IRQ_map
00001ea0   _IRQ_nmiEnable
00001600   _MCBSP_open
00001ec0   _MCBSP_read
000011c0   _MCBSP_reset
00001700   _MCBSP_start
00001ee0   _MCBSP_write
00002680   __IRQ_dispatchTable
000025bc   __IRQ_eventTable
00001f20   __IRQ_hookFetchPacket
00002640   __IRQ_intTable
000026b8   __MCBSP_hDev0
000026bc   __MCBSP_hDev1
00002340   __STACK_END
00000400   __STACK_SIZE
00000001   __TI_args_main
00001ce0   ___TI_cpp_init
00002740   ___TI_enable_exit_profile_output
ffffffff   ___TI_pprof_out_hndl
ffffffff   ___TI_prof_data_size
ffffffff   ___TI_prof_data_start
ffffffff   ___binit__
00000200   ___bss__
ffffffff   ___c_args__
00002340   ___cinit__
00000200   ___data__
00000200   ___edata__
00000200   ___end__
00001f40   ___etext__
ffffffff   ___pinit__
00000200   ___text__
00001e20   __args_main
00001800   __auto_init
00002738   __cleanup_ptr
0000273c   __dtors_ptr
00001f40   __stack
00001900   __strasg
00001f00   _abort
00001d60   _c_int00
000026c8   _config
00001ac0   _copy_in
000019e0   _exit
000026c4   _hCodec
000006f4   _main
00000dc0   _memcpy
000026c0   _pCPLD
00001360   _serialPortRcvISR
ffffffff   binit
00002340   cinit
00000200   edata
00000200   end
00001f40   etext
ffffffff   pinit


GLOBAL SYMBOLS: SORTED BY Symbol Address 

address    name
--------   ----
00000001   __TI_args_main
00000200   $bss
00000200   .bss
00000200   .data
00000200   .text
00000200   ___bss__
00000200   ___data__
00000200   ___edata__
00000200   ___end__
00000200   ___text__
00000200   edata
00000200   end
0000024c   _DSK6713_init
00000400   __STACK_SIZE
00000568   _DSK6713_rget
0000057c   _DSK6713_rset
00000590   _DSK6713_wait
000005e8   _DSK6713_waitusec
00000614   _DSK6713_getVersion
00000680   _CPLD_ReadMisc
000006b8   _CPLD_WriteMisc
000006f4   _main
00000ac0   _DSK6713_AIC23_openCodec
00000dc0   _memcpy
00001000   _IRQ_map
000011c0   _MCBSP_reset
00001360   _serialPortRcvISR
000014c0   _DSK6713_AIC23_rset
00001558   _DSK6713_AIC23_rget
00001580   _DSK6713_AIC23_config
00001600   _MCBSP_open
00001700   _MCBSP_start
00001800   __auto_init
00001900   __strasg
000019e0   _exit
00001ac0   _copy_in
00001b80   _DSK6713_AIC23_setFreq
00001ce0   ___TI_cpp_init
00001d60   _c_int00
00001de0   _IRQ_enable
00001e20   __args_main
00001e60   _IRQ_globalDisable
00001e80   _IRQ_globalEnable
00001ea0   _IRQ_nmiEnable
00001ec0   _MCBSP_read
00001ee0   _MCBSP_write
00001f00   C$$EXIT
00001f00   _abort
00001f20   __IRQ_hookFetchPacket
00001f40   ___etext__
00001f40   __stack
00001f40   etext
00002340   __STACK_END
00002340   ___cinit__
00002340   cinit
000025bc   __IRQ_eventTable
00002640   __IRQ_intTable
00002680   __IRQ_dispatchTable
000026b8   __MCBSP_hDev0
000026bc   __MCBSP_hDev1
000026c0   _pCPLD
000026c4   _hCodec
000026c8   _config
00002738   __cleanup_ptr
0000273c   __dtors_ptr
00002740   ___TI_enable_exit_profile_output
00002744   _DSK6713_AIC23_codeccontrolhandle
00002748   _DSK6713_AIC23_codecdatahandle
0000274c   _DSK6713_version
ffffffff   ___TI_pprof_out_hndl
ffffffff   ___TI_prof_data_size
ffffffff   ___TI_prof_data_start
ffffffff   ___binit__
ffffffff   ___c_args__
ffffffff   ___pinit__
ffffffff   binit
ffffffff   pinit

[77 symbols]
