<?xml version="1.0"?>
<link_info>
   <banner>TMS320C6x Linker PC v7.4.8</banner>
   <copyright>Copyright (c) 1996-2014 Texas Instruments Incorporated</copyright>
   <link_time>0x54f70fef</link_time>
   <output_file>stereoloop.out</output_file>
   <entry_point>
      <name>_c_int00</name>
      <address>0x1d60</address>
   </entry_point>
   <input_file_list>
      <input_file id="fl-2">
         <path>.\</path>
         <kind>object</kind>
         <file>stereoloop.obj</file>
         <name>stereoloop.obj</name>
      </input_file>
      <input_file id="fl-3">
         <path>.\</path>
         <kind>object</kind>
         <file>vectors.obj</file>
         <name>vectors.obj</name>
      </input_file>
      <input_file id="fl-80">
         <path>C:\TI_DSK\ccsv6\tools\compiler\c6000_7.4.8\lib\</path>
         <kind>archive</kind>
         <file>rts6700.lib</file>
         <name>boot.obj</name>
      </input_file>
      <input_file id="fl-81">
         <path>C:\TI_DSK\ccsv6\tools\compiler\c6000_7.4.8\lib\</path>
         <kind>archive</kind>
         <file>rts6700.lib</file>
         <name>exit.obj</name>
      </input_file>
      <input_file id="fl-82">
         <path>C:\TI_DSK\ccsv6\tools\compiler\c6000_7.4.8\lib\</path>
         <kind>archive</kind>
         <file>rts6700.lib</file>
         <name>args_main.obj</name>
      </input_file>
      <input_file id="fl-83">
         <path>C:\TI_DSK\ccsv6\tools\compiler\c6000_7.4.8\lib\</path>
         <kind>archive</kind>
         <file>rts6700.lib</file>
         <name>autoinit.obj</name>
      </input_file>
      <input_file id="fl-84">
         <path>C:\TI_DSK\ccsv6\tools\compiler\c6000_7.4.8\lib\</path>
         <kind>archive</kind>
         <file>rts6700.lib</file>
         <name>cpp_init.obj</name>
      </input_file>
      <input_file id="fl-85">
         <path>C:\TI_DSK\ccsv6\tools\compiler\c6000_7.4.8\lib\</path>
         <kind>archive</kind>
         <file>rts6700.lib</file>
         <name>cpy_tbl.obj</name>
      </input_file>
      <input_file id="fl-86">
         <path>C:\TI_DSK\ccsv6\tools\compiler\c6000_7.4.8\lib\</path>
         <kind>archive</kind>
         <file>rts6700.lib</file>
         <name>memcpy62.obj</name>
      </input_file>
      <input_file id="fl-87">
         <path>C:\Program Files\C6xCSL\lib_3x\</path>
         <kind>archive</kind>
         <file>csl6713.lib</file>
         <name>csl_irq.obj</name>
      </input_file>
      <input_file id="fl-88">
         <path>C:\Program Files\C6xCSL\lib_3x\</path>
         <kind>archive</kind>
         <file>csl6713.lib</file>
         <name>csl_mcbsp.obj</name>
      </input_file>
      <input_file id="fl-89">
         <path>C:\TI_DSK\dsk6713revc_files\CCStudio\c6000\dsk6713\lib\</path>
         <kind>archive</kind>
         <file>dsk6713bsl.lib</file>
         <name>dsk6713.obj</name>
      </input_file>
      <input_file id="fl-8a">
         <path>C:\TI_DSK\dsk6713revc_files\CCStudio\c6000\dsk6713\lib\</path>
         <kind>archive</kind>
         <file>dsk6713bsl.lib</file>
         <name>dsk6713_aic23_opencodec.obj</name>
      </input_file>
      <input_file id="fl-8b">
         <path>C:\TI_DSK\dsk6713revc_files\CCStudio\c6000\dsk6713\lib\</path>
         <kind>archive</kind>
         <file>dsk6713bsl.lib</file>
         <name>dsk6713_aic23_registers.obj</name>
      </input_file>
      <input_file id="fl-8c">
         <path>C:\TI_DSK\dsk6713revc_files\CCStudio\c6000\dsk6713\lib\</path>
         <kind>archive</kind>
         <file>dsk6713bsl.lib</file>
         <name>dsk6713_aic23_setfreq.obj</name>
      </input_file>
      <input_file id="fl-8d">
         <path>C:\TI_DSK\ccsv6\tools\compiler\c6000_7.4.8\lib\</path>
         <kind>archive</kind>
         <file>rts6700.lib</file>
         <name>strasg.obj</name>
      </input_file>
   </input_file_list>
   <object_component_list>
      <object_component id="oc-20">
         <name>vectors</name>
         <load_address>0x0</load_address>
         <run_address>0x0</run_address>
         <size>0x200</size>
         <input_file_ref idref="fl-3"/>
      </object_component>
      <object_component id="oc-47">
         <name>.text</name>
         <load_address>0x200</load_address>
         <run_address>0x200</run_address>
         <size>0x480</size>
         <input_file_ref idref="fl-89"/>
      </object_component>
      <object_component id="oc-6d">
         <name>.text</name>
         <load_address>0x680</load_address>
         <run_address>0x680</run_address>
         <size>0x440</size>
         <input_file_ref idref="fl-2"/>
      </object_component>
      <object_component id="oc-4d">
         <name>.text</name>
         <load_address>0xac0</load_address>
         <run_address>0xac0</run_address>
         <size>0x300</size>
         <input_file_ref idref="fl-8a"/>
      </object_component>
      <object_component id="oc-6b">
         <name>.text:_memcpy</name>
         <load_address>0xdc0</load_address>
         <run_address>0xdc0</run_address>
         <size>0x240</size>
         <input_file_ref idref="fl-86"/>
      </object_component>
      <object_component id="oc-72">
         <name>.text:_IRQ_map</name>
         <load_address>0x1000</load_address>
         <run_address>0x1000</run_address>
         <size>0x1c0</size>
         <input_file_ref idref="fl-87"/>
      </object_component>
      <object_component id="oc-6f">
         <name>.text:_MCBSP_reset</name>
         <load_address>0x11c0</load_address>
         <run_address>0x11c0</run_address>
         <size>0x1a0</size>
         <input_file_ref idref="fl-88"/>
      </object_component>
      <object_component id="oc-1c">
         <name>.text:retain</name>
         <load_address>0x1360</load_address>
         <run_address>0x1360</run_address>
         <size>0x160</size>
         <input_file_ref idref="fl-2"/>
      </object_component>
      <object_component id="oc-53">
         <name>.text</name>
         <load_address>0x14c0</load_address>
         <run_address>0x14c0</run_address>
         <size>0x140</size>
         <input_file_ref idref="fl-8b"/>
      </object_component>
      <object_component id="oc-68">
         <name>.text:_MCBSP_open</name>
         <load_address>0x1600</load_address>
         <run_address>0x1600</run_address>
         <size>0x100</size>
         <input_file_ref idref="fl-88"/>
      </object_component>
      <object_component id="oc-69">
         <name>.text:_MCBSP_start</name>
         <load_address>0x1700</load_address>
         <run_address>0x1700</run_address>
         <size>0x100</size>
         <input_file_ref idref="fl-88"/>
      </object_component>
      <object_component id="oc-62">
         <name>.text:__auto_init</name>
         <load_address>0x1800</load_address>
         <run_address>0x1800</run_address>
         <size>0x100</size>
         <input_file_ref idref="fl-83"/>
      </object_component>
      <object_component id="oc-67">
         <name>.text:__strasg</name>
         <load_address>0x1900</load_address>
         <run_address>0x1900</run_address>
         <size>0xe0</size>
         <input_file_ref idref="fl-8d"/>
      </object_component>
      <object_component id="oc-64">
         <name>.text:_exit</name>
         <load_address>0x19e0</load_address>
         <run_address>0x19e0</run_address>
         <size>0xe0</size>
         <input_file_ref idref="fl-81"/>
      </object_component>
      <object_component id="oc-6a">
         <name>.text:_copy_in</name>
         <load_address>0x1ac0</load_address>
         <run_address>0x1ac0</run_address>
         <size>0xc0</size>
         <input_file_ref idref="fl-85"/>
      </object_component>
      <object_component id="oc-59">
         <name>.text</name>
         <load_address>0x1b80</load_address>
         <run_address>0x1b80</run_address>
         <size>0xc0</size>
         <input_file_ref idref="fl-8c"/>
      </object_component>
      <object_component id="oc-75">
         <name>.text:_setMux</name>
         <load_address>0x1c40</load_address>
         <run_address>0x1c40</run_address>
         <size>0xa0</size>
         <input_file_ref idref="fl-87"/>
      </object_component>
      <object_component id="oc-6c">
         <name>.text:___TI_cpp_init</name>
         <load_address>0x1ce0</load_address>
         <run_address>0x1ce0</run_address>
         <size>0x80</size>
         <input_file_ref idref="fl-84"/>
      </object_component>
      <object_component id="oc-18">
         <name>.text:_c_int00</name>
         <load_address>0x1d60</load_address>
         <run_address>0x1d60</run_address>
         <size>0x80</size>
         <input_file_ref idref="fl-80"/>
      </object_component>
      <object_component id="oc-73">
         <name>.text:_IRQ_enable</name>
         <load_address>0x1de0</load_address>
         <run_address>0x1de0</run_address>
         <size>0x40</size>
         <input_file_ref idref="fl-87"/>
      </object_component>
      <object_component id="oc-63">
         <name>.text:__args_main</name>
         <load_address>0x1e20</load_address>
         <run_address>0x1e20</run_address>
         <size>0x40</size>
         <input_file_ref idref="fl-82"/>
      </object_component>
      <object_component id="oc-70">
         <name>.text:_IRQ_globalDisable</name>
         <load_address>0x1e60</load_address>
         <run_address>0x1e60</run_address>
         <size>0x20</size>
         <input_file_ref idref="fl-87"/>
      </object_component>
      <object_component id="oc-74">
         <name>.text:_IRQ_globalEnable</name>
         <load_address>0x1e80</load_address>
         <run_address>0x1e80</run_address>
         <size>0x20</size>
         <input_file_ref idref="fl-87"/>
      </object_component>
      <object_component id="oc-71">
         <name>.text:_IRQ_nmiEnable</name>
         <load_address>0x1ea0</load_address>
         <run_address>0x1ea0</run_address>
         <size>0x20</size>
         <input_file_ref idref="fl-87"/>
      </object_component>
      <object_component id="oc-65">
         <name>.text:_MCBSP_read</name>
         <load_address>0x1ec0</load_address>
         <run_address>0x1ec0</run_address>
         <size>0x20</size>
         <input_file_ref idref="fl-88"/>
      </object_component>
      <object_component id="oc-66">
         <name>.text:_MCBSP_write</name>
         <load_address>0x1ee0</load_address>
         <run_address>0x1ee0</run_address>
         <size>0x20</size>
         <input_file_ref idref="fl-88"/>
      </object_component>
      <object_component id="oc-6e">
         <name>.text:_abort</name>
         <load_address>0x1f00</load_address>
         <run_address>0x1f00</run_address>
         <size>0x20</size>
         <input_file_ref idref="fl-81"/>
      </object_component>
      <object_component id="oc-3c">
         <name>.text</name>
         <load_address>0x1f20</load_address>
         <run_address>0x1f20</run_address>
         <size>0x20</size>
         <input_file_ref idref="fl-87"/>
      </object_component>
      <object_component id="oc-25">
         <name>.stack</name>
         <uninitialized>true</uninitialized>
         <run_address>0x1f40</run_address>
         <size>0x8</size>
         <input_file_ref idref="fl-80"/>
      </object_component>
      <object_component id="oc-95">
         <name>.stack</name>
         <uninitialized>true</uninitialized>
         <run_address>0x1f40</run_address>
         <size>0x0</size>
      </object_component>
      <object_component id="oc-4f">
         <name>.const</name>
         <load_address>0x2750</load_address>
         <run_address>0x2750</run_address>
         <size>0x40</size>
         <input_file_ref idref="fl-8a"/>
      </object_component>
      <object_component id="oc-49">
         <name>.const</name>
         <load_address>0x2790</load_address>
         <run_address>0x2790</run_address>
         <size>0x20</size>
         <input_file_ref idref="fl-89"/>
      </object_component>
      <object_component id="oc-1b">
         <name>.far</name>
         <uninitialized>true</uninitialized>
         <run_address>0x26c0</run_address>
         <size>0x30</size>
         <input_file_ref idref="fl-2"/>
      </object_component>
      <object_component id="oc-2a">
         <name>.far</name>
         <uninitialized>true</uninitialized>
         <run_address>0x2738</run_address>
         <size>0xc</size>
         <input_file_ref idref="fl-81"/>
      </object_component>
      <object_component id="oc-3e">
         <name>.far</name>
         <uninitialized>true</uninitialized>
         <run_address>0x2594</run_address>
         <size>0xf4</size>
         <input_file_ref idref="fl-87"/>
      </object_component>
      <object_component id="oc-43">
         <name>.far</name>
         <uninitialized>true</uninitialized>
         <run_address>0x2688</run_address>
         <size>0x38</size>
         <input_file_ref idref="fl-88"/>
      </object_component>
      <object_component id="oc-48">
         <name>.far</name>
         <uninitialized>true</uninitialized>
         <run_address>0x274c</run_address>
         <size>0x2</size>
         <input_file_ref idref="fl-89"/>
      </object_component>
      <object_component id="oc-4e">
         <name>.far</name>
         <uninitialized>true</uninitialized>
         <run_address>0x2744</run_address>
         <size>0x8</size>
         <input_file_ref idref="fl-8a"/>
      </object_component>
      <object_component id="oc-55">
         <name>.far</name>
         <uninitialized>true</uninitialized>
         <run_address>0x26f0</run_address>
         <size>0x28</size>
         <input_file_ref idref="fl-8b"/>
      </object_component>
      <object_component id="oc-5b">
         <name>.far</name>
         <uninitialized>true</uninitialized>
         <run_address>0x2718</run_address>
         <size>0x20</size>
         <input_file_ref idref="fl-8c"/>
      </object_component>
      <object_component id="oc-3d">
         <name>.cinit</name>
         <load_address>0x2340</load_address>
         <run_address>0x2340</run_address>
         <size>0x12c</size>
         <input_file_ref idref="fl-87"/>
      </object_component>
      <object_component id="oc-42">
         <name>.cinit</name>
         <load_address>0x2470</load_address>
         <run_address>0x2470</run_address>
         <size>0x54</size>
         <input_file_ref idref="fl-88"/>
      </object_component>
      <object_component id="oc-1a">
         <name>.cinit</name>
         <load_address>0x24c8</load_address>
         <run_address>0x24c8</run_address>
         <size>0x40</size>
         <input_file_ref idref="fl-2"/>
      </object_component>
      <object_component id="oc-54">
         <name>.cinit</name>
         <load_address>0x2508</load_address>
         <run_address>0x2508</run_address>
         <size>0x30</size>
         <input_file_ref idref="fl-8b"/>
      </object_component>
      <object_component id="oc-29">
         <name>.cinit</name>
         <load_address>0x2538</load_address>
         <run_address>0x2538</run_address>
         <size>0x2c</size>
         <input_file_ref idref="fl-81"/>
      </object_component>
      <object_component id="oc-5a">
         <name>.cinit</name>
         <load_address>0x2568</load_address>
         <run_address>0x2568</run_address>
         <size>0x28</size>
         <input_file_ref idref="fl-8c"/>
      </object_component>
      <object_component id="oc-19">
         <name>.debug_info</name>
         <load_address>0x0</load_address>
         <run_address>0x0</run_address>
         <size>0xd43</size>
         <input_file_ref idref="fl-2"/>
      </object_component>
      <object_component id="oc-21">
         <name>.debug_info</name>
         <load_address>0xd43</load_address>
         <run_address>0xd43</run_address>
         <size>0xca</size>
         <input_file_ref idref="fl-3"/>
      </object_component>
      <object_component id="oc-24">
         <name>.debug_info</name>
         <load_address>0xe0d</load_address>
         <run_address>0xe0d</run_address>
         <size>0x70b</size>
         <input_file_ref idref="fl-80"/>
      </object_component>
      <object_component id="oc-28">
         <name>.debug_info</name>
         <load_address>0x1518</load_address>
         <run_address>0x1518</run_address>
         <size>0x7fd</size>
         <input_file_ref idref="fl-81"/>
      </object_component>
      <object_component id="oc-2d">
         <name>.debug_info</name>
         <load_address>0x1d15</load_address>
         <run_address>0x1d15</run_address>
         <size>0x6e1</size>
         <input_file_ref idref="fl-82"/>
      </object_component>
      <object_component id="oc-30">
         <name>.debug_info</name>
         <load_address>0x23f6</load_address>
         <run_address>0x23f6</run_address>
         <size>0x86f</size>
         <input_file_ref idref="fl-83"/>
      </object_component>
      <object_component id="oc-33">
         <name>.debug_info</name>
         <load_address>0x2c65</load_address>
         <run_address>0x2c65</run_address>
         <size>0x6e7</size>
         <input_file_ref idref="fl-84"/>
      </object_component>
      <object_component id="oc-36">
         <name>.debug_info</name>
         <load_address>0x334c</load_address>
         <run_address>0x334c</run_address>
         <size>0x7dd</size>
         <input_file_ref idref="fl-85"/>
      </object_component>
      <object_component id="oc-39">
         <name>.debug_info</name>
         <load_address>0x3b29</load_address>
         <run_address>0x3b29</run_address>
         <size>0x78e</size>
         <input_file_ref idref="fl-86"/>
      </object_component>
      <object_component id="oc-40">
         <name>.debug_info</name>
         <load_address>0x42b7</load_address>
         <run_address>0x42b7</run_address>
         <size>0xc2b</size>
         <input_file_ref idref="fl-87"/>
      </object_component>
      <object_component id="oc-45">
         <name>.debug_info</name>
         <load_address>0x4ee2</load_address>
         <run_address>0x4ee2</run_address>
         <size>0xc15</size>
         <input_file_ref idref="fl-88"/>
      </object_component>
      <object_component id="oc-4b">
         <name>.debug_info</name>
         <load_address>0x5af7</load_address>
         <run_address>0x5af7</run_address>
         <size>0x8a7</size>
         <input_file_ref idref="fl-89"/>
      </object_component>
      <object_component id="oc-51">
         <name>.debug_info</name>
         <load_address>0x639e</load_address>
         <run_address>0x639e</run_address>
         <size>0x89f</size>
         <input_file_ref idref="fl-8a"/>
      </object_component>
      <object_component id="oc-57">
         <name>.debug_info</name>
         <load_address>0x6c3d</load_address>
         <run_address>0x6c3d</run_address>
         <size>0x929</size>
         <input_file_ref idref="fl-8b"/>
      </object_component>
      <object_component id="oc-5d">
         <name>.debug_info</name>
         <load_address>0x7566</load_address>
         <run_address>0x7566</run_address>
         <size>0x5b3</size>
         <input_file_ref idref="fl-8c"/>
      </object_component>
      <object_component id="oc-5f">
         <name>.debug_info</name>
         <load_address>0x7b19</load_address>
         <run_address>0x7b19</run_address>
         <size>0xd8</size>
         <input_file_ref idref="fl-8d"/>
      </object_component>
      <object_component id="oc-96">
         <name>.debug_info</name>
         <load_address>0x7bf1</load_address>
         <run_address>0x7bf1</run_address>
         <size>0x6d</size>
      </object_component>
      <object_component id="oc-1d">
         <name>.debug_frame</name>
         <load_address>0x0</load_address>
         <run_address>0x0</run_address>
         <size>0x30d</size>
         <input_file_ref idref="fl-2"/>
      </object_component>
      <object_component id="oc-1e">
         <name>.debug_line</name>
         <load_address>0x0</load_address>
         <run_address>0x0</run_address>
         <size>0xc3</size>
         <input_file_ref idref="fl-2"/>
      </object_component>
      <object_component id="oc-22">
         <name>.debug_line</name>
         <load_address>0xc3</load_address>
         <run_address>0xc3</run_address>
         <size>0xb9</size>
         <input_file_ref idref="fl-3"/>
      </object_component>
      <object_component id="oc-26">
         <name>.debug_line</name>
         <load_address>0x17c</load_address>
         <run_address>0x17c</run_address>
         <size>0x3d</size>
         <input_file_ref idref="fl-80"/>
      </object_component>
      <object_component id="oc-2b">
         <name>.debug_line</name>
         <load_address>0x1b9</load_address>
         <run_address>0x1b9</run_address>
         <size>0x4f</size>
         <input_file_ref idref="fl-81"/>
      </object_component>
      <object_component id="oc-2e">
         <name>.debug_line</name>
         <load_address>0x208</load_address>
         <run_address>0x208</run_address>
         <size>0x41</size>
         <input_file_ref idref="fl-82"/>
      </object_component>
      <object_component id="oc-31">
         <name>.debug_line</name>
         <load_address>0x249</load_address>
         <run_address>0x249</run_address>
         <size>0x47</size>
         <input_file_ref idref="fl-83"/>
      </object_component>
      <object_component id="oc-34">
         <name>.debug_line</name>
         <load_address>0x290</load_address>
         <run_address>0x290</run_address>
         <size>0x45</size>
         <input_file_ref idref="fl-84"/>
      </object_component>
      <object_component id="oc-37">
         <name>.debug_line</name>
         <load_address>0x2d5</load_address>
         <run_address>0x2d5</run_address>
         <size>0x44</size>
         <input_file_ref idref="fl-85"/>
      </object_component>
      <object_component id="oc-3a">
         <name>.debug_line</name>
         <load_address>0x319</load_address>
         <run_address>0x319</run_address>
         <size>0x4e</size>
         <input_file_ref idref="fl-86"/>
      </object_component>
      <object_component id="oc-41">
         <name>.debug_line</name>
         <load_address>0x367</load_address>
         <run_address>0x367</run_address>
         <size>0xf4</size>
         <input_file_ref idref="fl-87"/>
      </object_component>
      <object_component id="oc-46">
         <name>.debug_line</name>
         <load_address>0x45b</load_address>
         <run_address>0x45b</run_address>
         <size>0xe9</size>
         <input_file_ref idref="fl-88"/>
      </object_component>
      <object_component id="oc-4c">
         <name>.debug_line</name>
         <load_address>0x544</load_address>
         <run_address>0x544</run_address>
         <size>0xb2</size>
         <input_file_ref idref="fl-89"/>
      </object_component>
      <object_component id="oc-52">
         <name>.debug_line</name>
         <load_address>0x5f6</load_address>
         <run_address>0x5f6</run_address>
         <size>0x4f</size>
         <input_file_ref idref="fl-8a"/>
      </object_component>
      <object_component id="oc-58">
         <name>.debug_line</name>
         <load_address>0x645</load_address>
         <run_address>0x645</run_address>
         <size>0x7e</size>
         <input_file_ref idref="fl-8b"/>
      </object_component>
      <object_component id="oc-5e">
         <name>.debug_line</name>
         <load_address>0x6c3</load_address>
         <run_address>0x6c3</run_address>
         <size>0x52</size>
         <input_file_ref idref="fl-8c"/>
      </object_component>
      <object_component id="oc-60">
         <name>.debug_line</name>
         <load_address>0x715</load_address>
         <run_address>0x715</run_address>
         <size>0x48</size>
         <input_file_ref idref="fl-8d"/>
      </object_component>
      <object_component id="oc-1f">
         <name>.debug_abbrev</name>
         <load_address>0x0</load_address>
         <run_address>0x0</run_address>
         <size>0x1b6</size>
         <input_file_ref idref="fl-2"/>
      </object_component>
      <object_component id="oc-23">
         <name>.debug_abbrev</name>
         <load_address>0x1b6</load_address>
         <run_address>0x1b6</run_address>
         <size>0x20</size>
         <input_file_ref idref="fl-3"/>
      </object_component>
      <object_component id="oc-27">
         <name>.debug_abbrev</name>
         <load_address>0x1d6</load_address>
         <run_address>0x1d6</run_address>
         <size>0xfe</size>
         <input_file_ref idref="fl-80"/>
      </object_component>
      <object_component id="oc-2c">
         <name>.debug_abbrev</name>
         <load_address>0x2d4</load_address>
         <run_address>0x2d4</run_address>
         <size>0x119</size>
         <input_file_ref idref="fl-81"/>
      </object_component>
      <object_component id="oc-2f">
         <name>.debug_abbrev</name>
         <load_address>0x3ed</load_address>
         <run_address>0x3ed</run_address>
         <size>0xe1</size>
         <input_file_ref idref="fl-82"/>
      </object_component>
      <object_component id="oc-32">
         <name>.debug_abbrev</name>
         <load_address>0x4ce</load_address>
         <run_address>0x4ce</run_address>
         <size>0x13f</size>
         <input_file_ref idref="fl-83"/>
      </object_component>
      <object_component id="oc-35">
         <name>.debug_abbrev</name>
         <load_address>0x60d</load_address>
         <run_address>0x60d</run_address>
         <size>0xdd</size>
         <input_file_ref idref="fl-84"/>
      </object_component>
      <object_component id="oc-38">
         <name>.debug_abbrev</name>
         <load_address>0x6ea</load_address>
         <run_address>0x6ea</run_address>
         <size>0x10c</size>
         <input_file_ref idref="fl-85"/>
      </object_component>
      <object_component id="oc-3b">
         <name>.debug_abbrev</name>
         <load_address>0x7f6</load_address>
         <run_address>0x7f6</run_address>
         <size>0xd5</size>
         <input_file_ref idref="fl-86"/>
      </object_component>
      <object_component id="oc-3f">
         <name>.debug_abbrev</name>
         <load_address>0x8cb</load_address>
         <run_address>0x8cb</run_address>
         <size>0x1b7</size>
         <input_file_ref idref="fl-87"/>
      </object_component>
      <object_component id="oc-44">
         <name>.debug_abbrev</name>
         <load_address>0xa82</load_address>
         <run_address>0xa82</run_address>
         <size>0x1a3</size>
         <input_file_ref idref="fl-88"/>
      </object_component>
      <object_component id="oc-4a">
         <name>.debug_abbrev</name>
         <load_address>0xc25</load_address>
         <run_address>0xc25</run_address>
         <size>0x196</size>
         <input_file_ref idref="fl-89"/>
      </object_component>
      <object_component id="oc-50">
         <name>.debug_abbrev</name>
         <load_address>0xdbb</load_address>
         <run_address>0xdbb</run_address>
         <size>0x126</size>
         <input_file_ref idref="fl-8a"/>
      </object_component>
      <object_component id="oc-56">
         <name>.debug_abbrev</name>
         <load_address>0xee1</load_address>
         <run_address>0xee1</run_address>
         <size>0x14e</size>
         <input_file_ref idref="fl-8b"/>
      </object_component>
      <object_component id="oc-5c">
         <name>.debug_abbrev</name>
         <load_address>0x102f</load_address>
         <run_address>0x102f</run_address>
         <size>0xf1</size>
         <input_file_ref idref="fl-8c"/>
      </object_component>
      <object_component id="oc-61">
         <name>.debug_abbrev</name>
         <load_address>0x1120</load_address>
         <run_address>0x1120</run_address>
         <size>0x3a</size>
         <input_file_ref idref="fl-8d"/>
      </object_component>
      <object_component id="oc-97">
         <name>.debug_abbrev</name>
         <load_address>0x115a</load_address>
         <run_address>0x115a</run_address>
         <size>0xd</size>
      </object_component>
   </object_component_list>
   <logical_group_list>
      <logical_group id="lg-2">
         <name>vectors</name>
         <load_address>0x0</load_address>
         <run_address>0x0</run_address>
         <size>0x200</size>
         <contents>
            <object_component_ref idref="oc-20"/>
         </contents>
      </logical_group>
      <logical_group id="lg-3">
         <name>.text</name>
         <load_address>0x200</load_address>
         <run_address>0x200</run_address>
         <size>0x1d40</size>
         <contents>
            <object_component_ref idref="oc-47"/>
            <object_component_ref idref="oc-6d"/>
            <object_component_ref idref="oc-4d"/>
            <object_component_ref idref="oc-6b"/>
            <object_component_ref idref="oc-72"/>
            <object_component_ref idref="oc-6f"/>
            <object_component_ref idref="oc-1c"/>
            <object_component_ref idref="oc-53"/>
            <object_component_ref idref="oc-68"/>
            <object_component_ref idref="oc-69"/>
            <object_component_ref idref="oc-62"/>
            <object_component_ref idref="oc-67"/>
            <object_component_ref idref="oc-64"/>
            <object_component_ref idref="oc-6a"/>
            <object_component_ref idref="oc-59"/>
            <object_component_ref idref="oc-75"/>
            <object_component_ref idref="oc-6c"/>
            <object_component_ref idref="oc-18"/>
            <object_component_ref idref="oc-73"/>
            <object_component_ref idref="oc-63"/>
            <object_component_ref idref="oc-70"/>
            <object_component_ref idref="oc-74"/>
            <object_component_ref idref="oc-71"/>
            <object_component_ref idref="oc-65"/>
            <object_component_ref idref="oc-66"/>
            <object_component_ref idref="oc-6e"/>
            <object_component_ref idref="oc-3c"/>
         </contents>
      </logical_group>
      <logical_group id="lg-4">
         <name>.stack</name>
         <run_address>0x1f40</run_address>
         <size>0x400</size>
         <contents>
            <object_component_ref idref="oc-25"/>
            <object_component_ref idref="oc-95"/>
         </contents>
      </logical_group>
      <logical_group id="lg-5">
         <name>.bss</name>
         <run_address>0x200</run_address>
         <size>0x0</size>
         <contents>
         </contents>
      </logical_group>
      <logical_group id="lg-6">
         <name>.cio</name>
         <run_address>0x0</run_address>
         <size>0x0</size>
         <contents>
         </contents>
      </logical_group>
      <logical_group id="lg-7">
         <name>.const</name>
         <load_address>0x2750</load_address>
         <run_address>0x2750</run_address>
         <size>0x60</size>
         <contents>
            <object_component_ref idref="oc-4f"/>
            <object_component_ref idref="oc-49"/>
         </contents>
      </logical_group>
      <logical_group id="lg-8">
         <name>.data</name>
         <run_address>0x200</run_address>
         <size>0x0</size>
         <contents>
         </contents>
      </logical_group>
      <logical_group id="lg-9">
         <name>.switch</name>
         <run_address>0x0</run_address>
         <size>0x0</size>
         <contents>
         </contents>
      </logical_group>
      <logical_group id="lg-a">
         <name>.sysmem</name>
         <run_address>0x0</run_address>
         <size>0x0</size>
         <contents>
         </contents>
      </logical_group>
      <logical_group id="lg-b">
         <name>.far</name>
         <run_address>0x2594</run_address>
         <size>0x1ba</size>
         <contents>
            <object_component_ref idref="oc-1b"/>
            <object_component_ref idref="oc-2a"/>
            <object_component_ref idref="oc-3e"/>
            <object_component_ref idref="oc-43"/>
            <object_component_ref idref="oc-48"/>
            <object_component_ref idref="oc-4e"/>
            <object_component_ref idref="oc-55"/>
            <object_component_ref idref="oc-5b"/>
         </contents>
      </logical_group>
      <logical_group id="lg-c">
         <name>.args</name>
         <run_address>0x0</run_address>
         <size>0x0</size>
         <contents>
         </contents>
      </logical_group>
      <logical_group id="lg-d">
         <name>.ppinfo</name>
         <run_address>0x0</run_address>
         <size>0x0</size>
         <contents>
         </contents>
      </logical_group>
      <logical_group id="lg-e">
         <name>.ppdata</name>
         <run_address>0x0</run_address>
         <size>0x0</size>
         <contents>
         </contents>
      </logical_group>
      <logical_group id="lg-f">
         <name>.pinit</name>
         <run_address>0x0</run_address>
         <size>0x0</size>
         <contents>
         </contents>
      </logical_group>
      <logical_group id="lg-10">
         <name>.cinit</name>
         <load_address>0x2340</load_address>
         <run_address>0x2340</run_address>
         <size>0x254</size>
         <contents>
            <object_component_ref idref="oc-3d"/>
            <object_component_ref idref="oc-42"/>
            <object_component_ref idref="oc-1a"/>
            <object_component_ref idref="oc-54"/>
            <object_component_ref idref="oc-29"/>
            <object_component_ref idref="oc-5a"/>
         </contents>
      </logical_group>
      <logical_group id="lg-11">
         <name>.binit</name>
         <run_address>0x0</run_address>
         <size>0x0</size>
         <contents>
         </contents>
      </logical_group>
      <logical_group id="lg-12">
         <name>.init_array</name>
         <run_address>0x0</run_address>
         <size>0x0</size>
         <contents>
         </contents>
      </logical_group>
      <logical_group id="lg-13">
         <name>.neardata</name>
         <run_address>0x0</run_address>
         <size>0x0</size>
         <contents>
         </contents>
      </logical_group>
      <logical_group id="lg-14">
         <name>.fardata</name>
         <run_address>0x0</run_address>
         <size>0x0</size>
         <contents>
         </contents>
      </logical_group>
      <logical_group id="lg-15">
         <name>.rodata</name>
         <run_address>0x0</run_address>
         <size>0x0</size>
         <contents>
         </contents>
      </logical_group>
      <logical_group id="lg-16">
         <name>.c6xabi.exidx</name>
         <run_address>0x0</run_address>
         <size>0x0</size>
         <contents>
         </contents>
      </logical_group>
      <logical_group id="lg-17">
         <name>.c6xabi.extab</name>
         <run_address>0x0</run_address>
         <size>0x0</size>
         <contents>
         </contents>
      </logical_group>
      <logical_group id="lg-8c">
         <name>.debug_info</name>
         <load_address>0x0</load_address>
         <run_address>0x0</run_address>
         <size>0x7c5e</size>
         <contents>
            <object_component_ref idref="oc-19"/>
            <object_component_ref idref="oc-21"/>
            <object_component_ref idref="oc-24"/>
            <object_component_ref idref="oc-28"/>
            <object_component_ref idref="oc-2d"/>
            <object_component_ref idref="oc-30"/>
            <object_component_ref idref="oc-33"/>
            <object_component_ref idref="oc-36"/>
            <object_component_ref idref="oc-39"/>
            <object_component_ref idref="oc-40"/>
            <object_component_ref idref="oc-45"/>
            <object_component_ref idref="oc-4b"/>
            <object_component_ref idref="oc-51"/>
            <object_component_ref idref="oc-57"/>
            <object_component_ref idref="oc-5d"/>
            <object_component_ref idref="oc-5f"/>
            <object_component_ref idref="oc-96"/>
         </contents>
      </logical_group>
      <logical_group id="lg-8e">
         <name>.debug_frame</name>
         <load_address>0x0</load_address>
         <run_address>0x0</run_address>
         <size>0x30d</size>
         <contents>
            <object_component_ref idref="oc-1d"/>
         </contents>
      </logical_group>
      <logical_group id="lg-90">
         <name>.debug_line</name>
         <load_address>0x0</load_address>
         <run_address>0x0</run_address>
         <size>0x75d</size>
         <contents>
            <object_component_ref idref="oc-1e"/>
            <object_component_ref idref="oc-22"/>
            <object_component_ref idref="oc-26"/>
            <object_component_ref idref="oc-2b"/>
            <object_component_ref idref="oc-2e"/>
            <object_component_ref idref="oc-31"/>
            <object_component_ref idref="oc-34"/>
            <object_component_ref idref="oc-37"/>
            <object_component_ref idref="oc-3a"/>
            <object_component_ref idref="oc-41"/>
            <object_component_ref idref="oc-46"/>
            <object_component_ref idref="oc-4c"/>
            <object_component_ref idref="oc-52"/>
            <object_component_ref idref="oc-58"/>
            <object_component_ref idref="oc-5e"/>
            <object_component_ref idref="oc-60"/>
         </contents>
      </logical_group>
      <logical_group id="lg-92">
         <name>.debug_abbrev</name>
         <load_address>0x0</load_address>
         <run_address>0x0</run_address>
         <size>0x1167</size>
         <contents>
            <object_component_ref idref="oc-1f"/>
            <object_component_ref idref="oc-23"/>
            <object_component_ref idref="oc-27"/>
            <object_component_ref idref="oc-2c"/>
            <object_component_ref idref="oc-2f"/>
            <object_component_ref idref="oc-32"/>
            <object_component_ref idref="oc-35"/>
            <object_component_ref idref="oc-38"/>
            <object_component_ref idref="oc-3b"/>
            <object_component_ref idref="oc-3f"/>
            <object_component_ref idref="oc-44"/>
            <object_component_ref idref="oc-4a"/>
            <object_component_ref idref="oc-50"/>
            <object_component_ref idref="oc-56"/>
            <object_component_ref idref="oc-5c"/>
            <object_component_ref idref="oc-61"/>
            <object_component_ref idref="oc-97"/>
         </contents>
      </logical_group>
   </logical_group_list>
   <placement_map>
      <memory_area>
         <name>VECS</name>
         <page_id>0x0</page_id>
         <origin>0x0</origin>
         <length>0x200</length>
         <used_space>0x200</used_space>
         <unused_space>0x0</unused_space>
         <attributes>RWIX</attributes>
         <usage_details>
            <allocated_space>
               <start_address>0x0</start_address>
               <size>0x200</size>
               <logical_group_ref idref="lg-2"/>
            </allocated_space>
         </usage_details>
      </memory_area>
      <memory_area>
         <name>IRAM</name>
         <page_id>0x0</page_id>
         <origin>0x200</origin>
         <length>0x2fe00</length>
         <used_space>0x25ae</used_space>
         <unused_space>0x2d852</unused_space>
         <attributes>RWIX</attributes>
         <usage_details>
            <allocated_space>
               <start_address>0x200</start_address>
               <size>0x0</size>
               <logical_group_ref idref="lg-8"/>
            </allocated_space>
            <allocated_space>
               <start_address>0x200</start_address>
               <size>0x0</size>
               <logical_group_ref idref="lg-5"/>
            </allocated_space>
            <allocated_space>
               <start_address>0x200</start_address>
               <size>0x1d40</size>
               <logical_group_ref idref="lg-3"/>
            </allocated_space>
            <allocated_space>
               <start_address>0x1f40</start_address>
               <size>0x400</size>
               <logical_group_ref idref="lg-4"/>
            </allocated_space>
            <allocated_space>
               <start_address>0x2340</start_address>
               <size>0x254</size>
               <logical_group_ref idref="lg-10"/>
            </allocated_space>
            <allocated_space>
               <start_address>0x2594</start_address>
               <size>0x1ba</size>
               <logical_group_ref idref="lg-b"/>
            </allocated_space>
            <available_space>
               <start_address>0x274e</start_address>
               <size>0x2</size>
            </available_space>
            <allocated_space>
               <start_address>0x2750</start_address>
               <size>0x60</size>
               <logical_group_ref idref="lg-7"/>
            </allocated_space>
            <available_space>
               <start_address>0x27b0</start_address>
               <size>0x2d850</size>
            </available_space>
         </usage_details>
      </memory_area>
      <memory_area>
         <name>L2RAM</name>
         <page_id>0x0</page_id>
         <origin>0x30000</origin>
         <length>0x10000</length>
         <used_space>0x0</used_space>
         <unused_space>0x10000</unused_space>
         <attributes>RWIX</attributes>
         <usage_details>
         </usage_details>
      </memory_area>
      <memory_area>
         <name>EMIFCE0</name>
         <page_id>0x0</page_id>
         <origin>0x80000000</origin>
         <length>0x10000000</length>
         <used_space>0x0</used_space>
         <unused_space>0x10000000</unused_space>
         <attributes>RWIX</attributes>
         <usage_details>
         </usage_details>
      </memory_area>
      <memory_area>
         <name>EMIFCE1</name>
         <page_id>0x0</page_id>
         <origin>0x90000000</origin>
         <length>0x10000000</length>
         <used_space>0x0</used_space>
         <unused_space>0x10000000</unused_space>
         <attributes>RWIX</attributes>
         <usage_details>
         </usage_details>
      </memory_area>
      <memory_area>
         <name>EMIFCE2</name>
         <page_id>0x0</page_id>
         <origin>0xa0000000</origin>
         <length>0x10000000</length>
         <used_space>0x0</used_space>
         <unused_space>0x10000000</unused_space>
         <attributes>RWIX</attributes>
         <usage_details>
         </usage_details>
      </memory_area>
      <memory_area>
         <name>EMIFCE3</name>
         <page_id>0x0</page_id>
         <origin>0xb0000000</origin>
         <length>0x10000000</length>
         <used_space>0x0</used_space>
         <unused_space>0x10000000</unused_space>
         <attributes>RWIX</attributes>
         <usage_details>
         </usage_details>
      </memory_area>
   </placement_map>
   <symbol_table>
      <symbol id="sm-0">
         <name>cinit</name>
         <value>0x2340</value>
      </symbol>
      <symbol id="sm-1">
         <name>___cinit__</name>
         <value>0x2340</value>
      </symbol>
      <symbol id="sm-2">
         <name>pinit</name>
         <value>0xffffffff</value>
      </symbol>
      <symbol id="sm-3">
         <name>___pinit__</name>
         <value>0xffffffff</value>
      </symbol>
      <symbol id="sm-4">
         <name>binit</name>
         <value>0xffffffff</value>
      </symbol>
      <symbol id="sm-5">
         <name>___binit__</name>
         <value>0xffffffff</value>
      </symbol>
      <symbol id="sm-6">
         <name>__STACK_SIZE</name>
         <value>0x400</value>
      </symbol>
      <symbol id="sm-7">
         <name>__STACK_END</name>
         <value>0x2340</value>
      </symbol>
      <symbol id="sm-8">
         <name>___c_args__</name>
         <value>0xffffffff</value>
      </symbol>
      <symbol id="sm-9">
         <name>.text</name>
         <value>0x200</value>
      </symbol>
      <symbol id="sm-a">
         <name>___text__</name>
         <value>0x200</value>
      </symbol>
      <symbol id="sm-b">
         <name>etext</name>
         <value>0x1f40</value>
      </symbol>
      <symbol id="sm-c">
         <name>___etext__</name>
         <value>0x1f40</value>
      </symbol>
      <symbol id="sm-d">
         <name>.data</name>
         <value>0x200</value>
      </symbol>
      <symbol id="sm-e">
         <name>___data__</name>
         <value>0x200</value>
      </symbol>
      <symbol id="sm-f">
         <name>edata</name>
         <value>0x200</value>
      </symbol>
      <symbol id="sm-10">
         <name>___edata__</name>
         <value>0x200</value>
      </symbol>
      <symbol id="sm-11">
         <name>.bss</name>
         <value>0x200</value>
      </symbol>
      <symbol id="sm-12">
         <name>___bss__</name>
         <value>0x200</value>
      </symbol>
      <symbol id="sm-13">
         <name>end</name>
         <value>0x200</value>
      </symbol>
      <symbol id="sm-14">
         <name>___end__</name>
         <value>0x200</value>
      </symbol>
      <symbol id="sm-15">
         <name>___TI_pprof_out_hndl</name>
         <value>0xffffffff</value>
      </symbol>
      <symbol id="sm-16">
         <name>___TI_prof_data_start</name>
         <value>0xffffffff</value>
      </symbol>
      <symbol id="sm-17">
         <name>___TI_prof_data_size</name>
         <value>0xffffffff</value>
      </symbol>
      <symbol id="sm-18">
         <name>$bss</name>
         <value>0x200</value>
      </symbol>
      <symbol id="sm-6c">
         <name>_serialPortRcvISR</name>
         <value>0x1360</value>
         <object_component_ref idref="oc-1c"/>
      </symbol>
      <symbol id="sm-6d">
         <name>_main</name>
         <value>0x6f4</value>
         <object_component_ref idref="oc-6d"/>
      </symbol>
      <symbol id="sm-6e">
         <name>_config</name>
         <value>0x26c8</value>
         <object_component_ref idref="oc-1b"/>
      </symbol>
      <symbol id="sm-6f">
         <name>_CPLD_WriteMisc</name>
         <value>0x6b8</value>
         <object_component_ref idref="oc-6d"/>
      </symbol>
      <symbol id="sm-70">
         <name>_hCodec</name>
         <value>0x26c4</value>
         <object_component_ref idref="oc-1b"/>
      </symbol>
      <symbol id="sm-71">
         <name>_pCPLD</name>
         <value>0x26c0</value>
         <object_component_ref idref="oc-1b"/>
      </symbol>
      <symbol id="sm-72">
         <name>_CPLD_ReadMisc</name>
         <value>0x680</value>
         <object_component_ref idref="oc-6d"/>
      </symbol>
      <symbol id="sm-95">
         <name>_c_int00</name>
         <value>0x1d60</value>
         <object_component_ref idref="oc-18"/>
      </symbol>
      <symbol id="sm-96">
         <name>__stack</name>
         <value>0x1f40</value>
         <object_component_ref idref="oc-25"/>
      </symbol>
      <symbol id="sm-a6">
         <name>C$$EXIT</name>
         <value>0x1f00</value>
         <object_component_ref idref="oc-6e"/>
      </symbol>
      <symbol id="sm-a7">
         <name>_exit</name>
         <value>0x19e0</value>
         <object_component_ref idref="oc-64"/>
      </symbol>
      <symbol id="sm-a8">
         <name>___TI_enable_exit_profile_output</name>
         <value>0x2740</value>
         <object_component_ref idref="oc-2a"/>
      </symbol>
      <symbol id="sm-a9">
         <name>_abort</name>
         <value>0x1f00</value>
         <object_component_ref idref="oc-6e"/>
      </symbol>
      <symbol id="sm-aa">
         <name>__cleanup_ptr</name>
         <value>0x2738</value>
         <object_component_ref idref="oc-2a"/>
      </symbol>
      <symbol id="sm-ab">
         <name>__dtors_ptr</name>
         <value>0x273c</value>
         <object_component_ref idref="oc-2a"/>
      </symbol>
      <symbol id="sm-b5">
         <name>__args_main</name>
         <value>0x1e20</value>
         <object_component_ref idref="oc-63"/>
      </symbol>
      <symbol id="sm-b6">
         <name>__TI_args_main</name>
         <value>0x1</value>
      </symbol>
      <symbol id="sm-c0">
         <name>__auto_init</name>
         <value>0x1800</value>
         <object_component_ref idref="oc-62"/>
      </symbol>
      <symbol id="sm-ca">
         <name>___TI_cpp_init</name>
         <value>0x1ce0</value>
         <object_component_ref idref="oc-6c"/>
      </symbol>
      <symbol id="sm-d4">
         <name>_copy_in</name>
         <value>0x1ac0</value>
         <object_component_ref idref="oc-6a"/>
      </symbol>
      <symbol id="sm-de">
         <name>_memcpy</name>
         <value>0xdc0</value>
         <object_component_ref idref="oc-6b"/>
      </symbol>
      <symbol id="sm-f8">
         <name>__IRQ_eventTable</name>
         <value>0x25bc</value>
         <object_component_ref idref="oc-3e"/>
      </symbol>
      <symbol id="sm-f9">
         <name>_IRQ_nmiEnable</name>
         <value>0x1ea0</value>
         <object_component_ref idref="oc-71"/>
      </symbol>
      <symbol id="sm-fa">
         <name>__IRQ_intTable</name>
         <value>0x2640</value>
         <object_component_ref idref="oc-3e"/>
      </symbol>
      <symbol id="sm-fb">
         <name>_IRQ_globalEnable</name>
         <value>0x1e80</value>
         <object_component_ref idref="oc-74"/>
      </symbol>
      <symbol id="sm-fc">
         <name>_IRQ_globalDisable</name>
         <value>0x1e60</value>
         <object_component_ref idref="oc-70"/>
      </symbol>
      <symbol id="sm-fd">
         <name>_IRQ_map</name>
         <value>0x1000</value>
         <object_component_ref idref="oc-72"/>
      </symbol>
      <symbol id="sm-fe">
         <name>_IRQ_enable</name>
         <value>0x1de0</value>
         <object_component_ref idref="oc-73"/>
      </symbol>
      <symbol id="sm-ff">
         <name>__IRQ_dispatchTable</name>
         <value>0x2680</value>
         <object_component_ref idref="oc-3e"/>
      </symbol>
      <symbol id="sm-100">
         <name>__IRQ_hookFetchPacket</name>
         <value>0x1f20</value>
         <object_component_ref idref="oc-3c"/>
      </symbol>
      <symbol id="sm-116">
         <name>_MCBSP_reset</name>
         <value>0x11c0</value>
         <object_component_ref idref="oc-6f"/>
      </symbol>
      <symbol id="sm-117">
         <name>_MCBSP_read</name>
         <value>0x1ec0</value>
         <object_component_ref idref="oc-65"/>
      </symbol>
      <symbol id="sm-118">
         <name>_MCBSP_open</name>
         <value>0x1600</value>
         <object_component_ref idref="oc-68"/>
      </symbol>
      <symbol id="sm-119">
         <name>__MCBSP_hDev0</name>
         <value>0x26b8</value>
         <object_component_ref idref="oc-43"/>
      </symbol>
      <symbol id="sm-11a">
         <name>__MCBSP_hDev1</name>
         <value>0x26bc</value>
         <object_component_ref idref="oc-43"/>
      </symbol>
      <symbol id="sm-11b">
         <name>_MCBSP_start</name>
         <value>0x1700</value>
         <object_component_ref idref="oc-69"/>
      </symbol>
      <symbol id="sm-11c">
         <name>_MCBSP_write</name>
         <value>0x1ee0</value>
         <object_component_ref idref="oc-66"/>
      </symbol>
      <symbol id="sm-12a">
         <name>_DSK6713_init</name>
         <value>0x24c</value>
         <object_component_ref idref="oc-47"/>
      </symbol>
      <symbol id="sm-12b">
         <name>_DSK6713_version</name>
         <value>0x274c</value>
         <object_component_ref idref="oc-48"/>
      </symbol>
      <symbol id="sm-12c">
         <name>_DSK6713_rget</name>
         <value>0x568</value>
         <object_component_ref idref="oc-47"/>
      </symbol>
      <symbol id="sm-12d">
         <name>_DSK6713_wait</name>
         <value>0x590</value>
         <object_component_ref idref="oc-47"/>
      </symbol>
      <symbol id="sm-12e">
         <name>_DSK6713_rset</name>
         <value>0x57c</value>
         <object_component_ref idref="oc-47"/>
      </symbol>
      <symbol id="sm-12f">
         <name>_DSK6713_waitusec</name>
         <value>0x5e8</value>
         <object_component_ref idref="oc-47"/>
      </symbol>
      <symbol id="sm-130">
         <name>_DSK6713_getVersion</name>
         <value>0x614</value>
         <object_component_ref idref="oc-47"/>
      </symbol>
      <symbol id="sm-13e">
         <name>_DSK6713_AIC23_codeccontrolhandle</name>
         <value>0x2744</value>
         <object_component_ref idref="oc-4e"/>
      </symbol>
      <symbol id="sm-13f">
         <name>_DSK6713_AIC23_codecdatahandle</name>
         <value>0x2748</value>
         <object_component_ref idref="oc-4e"/>
      </symbol>
      <symbol id="sm-140">
         <name>_DSK6713_AIC23_openCodec</name>
         <value>0xac0</value>
         <object_component_ref idref="oc-4d"/>
      </symbol>
      <symbol id="sm-14e">
         <name>_DSK6713_AIC23_config</name>
         <value>0x1580</value>
         <object_component_ref idref="oc-53"/>
      </symbol>
      <symbol id="sm-14f">
         <name>_DSK6713_AIC23_rget</name>
         <value>0x1558</value>
         <object_component_ref idref="oc-53"/>
      </symbol>
      <symbol id="sm-150">
         <name>_DSK6713_AIC23_rset</name>
         <value>0x14c0</value>
         <object_component_ref idref="oc-53"/>
      </symbol>
      <symbol id="sm-15e">
         <name>_DSK6713_AIC23_setFreq</name>
         <value>0x1b80</value>
         <object_component_ref idref="oc-59"/>
      </symbol>
      <symbol id="sm-166">
         <name>__strasg</name>
         <value>0x1900</value>
         <object_component_ref idref="oc-67"/>
      </symbol>
   </symbol_table>
</link_info>
